MZ                @                                       	!L!This program cannot be run in DOS mode.
$       PE  d Dd         .#      n        @                             H>                                         P    `                                            ` (                   Db                           .text                          ` P`.data   p                      @ `.rdata                       @ `@.pdata                       @ 0@.xdata                        @ 0@.bss    m                        `.edata     P                  @ 0@.idata     `  
                @ 0.CRT    h    p                  @ @.tls                          @ @.rsrc                       @ 0.reloc                        @ 0B                                                                                                                                                        ff.     @ H(H5 1    H6     H9     H     H f8MZuHcP<HЁ8PE  tiH   tF     '  H@   H g  H 8tS1H(@    N  @ PftEfu   x   1Ʌf    H  謓  1H(D  xt=D   1E)fH8H L H H   H HD$ HE D  H8    AUATUWVSH      1LD$ LHH=x DE  eH%0   Hl Hp1L%P D  H9    AHH3HuH5C 1  l          H H HtE1   1  Hh  .P H HH,  g  HP Hy   1H HuX     tEt'   H ~AA"ADfD  t@ PHt ~H DEt
   D$\     Hc- DeMcILH  L- Hǅ~B1     IL   HpH  IHIT HH  H9uJD'H     H= E  HN L  H L Ht   Y W    A    HĘ   [^_]A\A]D  D$`fD  H5A         HE H.      1HLM Vf   HĘ   [^_]A\A]D  H	 H    ?    f.     H(He     H( H(HE      H( H(  HH(ÐH	   @ ÐAVAUATUWVSH@   Ad   H-
 HHHcwH	we{H1IHL$Hv   H';  BD%IID(q;  Iv   L:  BD% HBD4(q~;  HHv+   H:  Hv   H:  F0D(PL-	 AD5D(H@I@Ht;  Iv   Lv:  AD5 BD$(Ht:  A   I)q:  H1HtH0IMq:  MyI1L8  HL2  HH6&  HHx
HtH;0|HtHHHH9  Hv   H9  MyI1Ln8  HLHD0Ht(HH@[^_]A\A]A^AVAUATSH(IIH      H?H9tHII$1HtHIIq9  MyI1L7  I$L	1  LH<%  HI$x
HtH;|HtHHHH8  I$D-LLH([A\A]A^GAUATSH00   IHȅ ,  LIH I\$I$H ID$2  ID$Ht0HCLkHHCHwH   LHHP>  HD$ 6   Lb LLb HA 5  H(RH8HD$(    HHL$(jHD$(H8ڐSH HHIzI H    HC    H [ÐAVAUATUWVSH IHLIIq8  MyI1L&6  LE1+  IfB4ofo  LHIq7   (  f=w_IH=  3 $  Hf=v'"H=  HI   7     HH~H  &/H   vA   1H|5  L   H  BHLH   H ~OL+  H+  H|HLHAH
A    J6   HLH+  HHH?ʀ+  HHH?ʀr+  ?ˀHa+  ILH [^_]A\A]A^A  P   AWAVAUATUWVSH8LkHHq26  Iq'6  MyI1L44  LH 11z)  IH99  Ll AE yuLHPuVaIIq5  I9   IIq5  Em BD5 I?A  I	Hc  q5  Y  <   mIIqQ5  I9|mIIq>5  IIq05  BD= Em HI%  EI	BD5 ?I	H   4     IIq4  I9}H   4  IIq4  IIq4  HHHD$(q4  BD= Em HI%  A   I	BD5 H%  I	HD$(D ?I	HqQ4  A  $H6LI  ~I ~"HI  ~H6LI  ~/fE,tBI   LH
H   HfIq3  f A  I   fG,tH3  LfAt  H8[^_]A\A]A^A_1LO HtHHtLAL&H h H    H H HP HHn    fm 1H    H    H0 ÐH8H LD$PLD$PLL$XLD$(謎  H8AUATSH00   IHo <&  LIH~ I\$I$Hp ID$+  ID$Ht0HCLkHHCHwH,   LHHP  IT$Ht0HBLjHHBHwH   LHHP  ID$    L LL HD$    H /  AVAUATUWVSH DHL HHt
H: tLBH HA   ALc1HtHI9   yHHtHHPL0  B|6 t	HyR1H  u,u5J1  .I9}0ND6H H,%@t=H, @kHLr0  HcLJ#L9K0  AH [^_]A\A]A^AUATUWVSH(1HHHL A H-o  LfH9|J   A      Hy  I     H  H H([^_]A\A]H%A HyLH/  L,߹   E1HLDHq+0  xWVSH H +A H=  1H5B HH5B    ӹ   Hֺ   ӹ   Hֺ   ӹ  +   H [^_H% H(H  4  HA HuH  4  H) HX  5  H HX  HȾ s5  H H(Ðȁ  v   HHH   HHуH+ HHHBH9tHJHAHtHHHHtH@    HB    HB    ø   HtHIH	HH  HNH  Ht
H9 tHAAUATH(E1IIHtH^  ILM     LH(A\A]  W1HH_H8IIHL$    DHHIHD$ LI LD$(D$ AH8WVH:HH	HrLDHOLHH^_HtHH   LD$`LD$XHT$XLL$hLD$8LD$(I  LD$(H  HE  HHH8H  LD$PLD$PLL$XLD$(  H8AUH0L$@:> L$@A> DHD$(_> HD$(H0A]H( H(H(H( Htй     H  HS   -  H(A   A 0  H1> HuH(ATVSH Hx   HIHtH9}/   H      Hx   H   H@   HpHx   HPL) LLHPLLLH [^A\WVSH HHH )  LHH~?H  Hu  HIH*  H  H*  HxHpH    HHHHHyHqHH [^_HHtH9PtH H(IH	H1HtL  HHHDHH(ATVSH (   HHuVH   H  ~;H(     ?HH=   ?HOHH  H H9HOH(  Hǁ(   @  H(  H9|%A   A 0  12< IHtH(  HIHƃ(  IH   LHIH   VN&ID$    L   ID$    LLIt$HtIH	IL   MuA   MLM)LHAI$Et	M9JuL	I$LH   H [^A\VSH(HILLH$HuP   LHHHHXH([^SH LI	  HIHٸ   HHI	DH [AUATVSH(HZM$L)III\$HrL   MID$    LHM$ID$    HHtHH	HMQMLLIMLH([^A\A]H8IHRIHL$ HD$ HL$(IC    HHH
  ITISHtLZHHH
  M\   IIE	  HA	  H8H8HL$(HL$(HH8XHLMIIHRN	  JTHu1   IILB!  uADH!  HB    IB    IB    ATVSH    ?HˉIsH   HH  H% NT HI!I   ?IN?HHL@HHѺH IIL#  u-AHH#  !IH~O  !ILHI  LdMtLHH  I;D$}?/I ~HHvIH9p~    H^IILHLI$   MH   HIH)   LH [^A\ú   AUSH8IHHI   I   LHXIH@    IH@    H    HD$(uHD$(H8[A]H(   H(  uH(  H(  VSH(L(  HLMu(   HL$@HL$@I
IH(  IqIYIA    IIALH([^HHL@ L9B uHHRHHHBHHPLH LBM9H uHHHPHHHH@ ATH ILM$M;tM9BvM+I$H A\tIILLhH A\ATWVSH(HzHHHH  ~Hr H   ?   H   HL$IT$HtLb Mt[I$HB aH@     HHpHp0  H)HB    HB(HB    ID$HBHtHPIT$Lb@HB0Ld@HHB0H)r(H9r(}
HLH   IHH(   HL` uHH(  H(  M4MHHGH   LH([^_A\H(HH@   HH(H8HT$HHT$HHHD$(,HD$(H8ATH I@LH   H A\SH HQHH    H    HCH [SH H˹    HC  HCH    HC    H [SH    H@@  @ HHHPH@H  Hǀ+      Hǀ+      Hǀ+      Hǀ+      Hǀ+      Hǀ+      6H      %HKh   H+  5H+     H ,     H H8,  H [ATH ILH   H A\HH8IHRIHL$ IBHT$ HL$(HtMBL@MBMtI@HHL  O9Tu<IBKDHu.   IILA!  uуHA!  IB    IB    H8H(IH	Ht L     IHIHJ!TH(AWAVAUATSH HBH   HHHIIL      ILI)LH=tiAucIFH=  ~WH=>OLLID$LLIFHM8I~   ?~LLA   ?LLIML$LO4LHHt_AuYI~  ~OI>FLL%IFHLID$I|$   ?~LLA   ?LHLLH [A\A]A^A_WVSH HHHLH;   H(  L;BrH(  HHPIHHH;(  uH(  H; tH9xtHB LHJHI9@ }EIHJHRHHHHP3H(  HH@HH(  H(  HH(  SH;A ~MHB H;A }HA HmHHHaHHHHQHkHHH [^_XH [^_H(LZIIH   HGI   I9   LA   HIM   L)I   I   1/ uH       H(H(IIH   I IBH)I   H=  ~2LI(  MB I(  &Iz   ?   LxIJ HB    H
IR IR(HH9|.IJ(H  uf   HHLILIB   *A   HIHIIRHtLRMIJ(LH(BLLH(H(HATH ILH   H A\ATUWVSH HAHIH;CH@   HHHCH    HsHHHH    HKHkHHSL$HHH [^_]A\cHuHHpATH HHHIHwSLHHPH A\H A\VSH(HHHtHBHHt	HHH([^HII@H!LI9 uMHHH!WVSH HyHHOH	HHHCsE1HHKI9~HsH [^_NMtHHIWVSH HHQHLCHH!IHtH9ptHHH!HHLH@I9|	H)HHGHHSHHKH!H< H<    u#0   HSHpHHSHCH:HHH!H [^_SH HH>HI   HHHI	DH [HBH Ht.HtHtHt!1%HBHBHBHBHH(HJ HR(H9v	HHuHH(HHD$HD$HT$1HtHT$HH)HH(HH8H(1HH9t	HAHHH9	t
HAHIHðHH9 tHHH9rH;PrH9H1H(IIH   HuE1M;
s`   LE1H twHJH  ~LB M9r^Hz(    LFQA  E1IAH9B0v=LD@1HI)$E1M;Jw%I(  L9IHtL@IxwE1LH(H(IH   v"HIh+HHtH IK0H(H(UWVSHH(  HM(HH     HE(HH}H0H9wH~HHM(HsHSHM(fH9vmHHM(H@OHSHM(BHSHM(5HSHM((HSHM(HSHM(HSHM(HSHM(H9rHHM(HH(  [^_]VSH(HHHFH@(HtH   HNH   H([^SH HdHKH+  L+  HSIMxOK9tIMMH+  H [VSH(HHIHu'HC    HKHC    H    H([^H1HH8HL$(HL$(H8LIHIHL!LMtI9PtHHL!LH(IHH1HtI   AIHIJ#DH(SH0HHHT$(HT$(HKhH0[AWAVAUATUWVSHH1Ɓ0)  HL+  H!  Hu$HH   uƃ0)   HH[^_]A\A]A^A_HD$     LvH!  I>Ll$ HD$8HuHD$ @IH|$    uH6@   HVHL$8H	L	I   LHtxHBHD$(H=  ~	Hz(wB^HB0Lb@LHD$0L;d$0sGI|$vLLuLHLd$(LZ LLguLHHI(H(H8!  H(UWVSH(1HA0Hi@HxHH9~HC0    H([^_]HL HSH0H}HT$(HT$(HL$(HP81H9wH9H0[VSH(HHuHtHCHH  v	HHH([^AUATH8HT$(I͹     LD$(L   II4  LH8A\A]D  H(IHHL$0HL$0Hu
L2IA   AHIHLAHLIu
I	LE1DH(VSH(Hˉ_HtHHS@tw@u%HH8H([^  @t HH([^H   H([^H([^ATWVSH8IHH   B   BE<t=<woH  HcHH	DH8[^_A\AHS H8[^_A\CHHs1HH>HpH9|"HSDD$,H
HHLdDD$,H8[^_A\AUATUWVSH(IIA<t0<      IMHRELH([^_]A\A]HB 1  @HxH9wIE(H:tAL3LRLJHAJMHuALL
I	BHRHHtELH([^_]A\A])H([^_]A\A]ATUWVSH HAL@0HMuHtt7   HIH [^_]A\ILHDHKLH [^_]A\IItGHC1HhH98HC   H@HPz  HSAHRH
HHLHH [^_]A\ATVSH HHqhH{ ~HHS(L"I$$HCHLHH
HCI<$wLL   LH?뱰H [^A\ATVSH H+  HIHa   LHCHH~ HSXHHHCHL$L3uH [^A\UWVSH(H ,  HHu Hz H-S HxH9	T HH 1H- HxH9~H+  H+  1Hx	T HH9HT HH H([^_]AUATWVSH IL+  LW  I$+  HuLq  +HC1HxH9~HHLHLKI|$ I$+  1ID$0I|$@HpHLH~H9~LLH [^_A\A]ATH II9$p+  IM$p+  M$)  I$p+  LLID$hLID$pID$0LI9$x+  IM$x+  I$X+  I$x+  vtTI$ !  I9D$ELI$`+  /  @ HH=  @ HLI9$h+  ID$IM$h+  I$h+  LH A\SH HAHH9A~H !  H9A)H{` u"HHC  HH=  HLHCH [WVSH LHHLHSHNhHV(HxHH    HFHHHHF   HLDMI	H   LDMI	HwtLDMI	HwcLDMI	HwRLDMI	HwALDMI	Hw0LDMI	HwHTH
HHwHNHHI	I
HHHHCH [^_ATH0IHL$@\HL$@LL@8LHHD$(HD$(H0A\SH    HHMH  HSHXH     H [SH HHH [H8HL$(HT$ HT$ HL$(L@8H8<SH    HHMH  HSHXH     H [ATWVSH(IHMtPH?I$I#L$HH9~CIt$H9HLHI$HPIHHHHXH([^_A\[LH([^_A\ATUWVSH ỈHtFH?I#L$I;$E7It$HHI$HPIHHHHh   H     II$A\AD HI$LH [^_]A\VSH(HHHtHÄtHKHHH([^AWAVAUATUWVSH8HD$(    H˹  HD$(Hb  L#1HHl$(A   A   HL$(L9:  HCHtHu *   @H  HD$(H   1Ht#H1   Hg  HD$(H   HSHH{ ~RHL$(   H  HHD$(HSH<HL$(   H  HHD$(QHT$(1HtHH)LA   H)HINHL$(    IHD$(L9}HHbHL$(   BH  HD$(HHHHD$(H8[^_]A\A]A^A_AUATUWVSH(    HIIHIHtdH?I#L$H9}[It$I9IMHHI$LIH@HHHHI$MH)IL IXH
ILI,$AD, H([^_]A\A]ATWVH IHt*Hy x#H	It$	I$HPIHHHLH ^_A\WVSH HHHHKHPHHH [^_H8HtHL$(r  HL$(HH81H8ATVSH IH;HHH8aIT$H   QLHpL@H    LLH [^A\ATWVH IHtRHy xFH1   H  HHLHVsI$HpIt$HI<$HPIHOHHALH ^_A\ATSH8~HH(HtH8[A\  0   H HP  IHF I$H  I\$ID$5ID$Ht	HKHD$ 6   L  LL  Hh    UHH@  H=  HMHUƅ   H HP HHHP H8  HHHu+HMH ƅ uHP HHP 1cHP HHǅ    HP HHP(HH(HR(H ttHUHMH@  ]AVAUATWVSH    Ll$/HLHK HuE1HH9 tHHtL I  ~E1HL!LHHtL"I  KD% H5     IHLC1MtIIH=  %LOL% LHH1MtI II  fCD%  [ILs1MtL  HIH=  KD% LHL  II  fCD% ]
IH=  uLLL:H֙ H  [^_A\A]A^H8Hə HtHL$(HL$(H8iATVSH I`HH HuH HuLЄuXLЄtOH~  uL   葭  IL$(HP(HHK(LHN    H H [^A\ATH@Hy LT$pIuHQMtiMtdHL$(   }IL$ LD$(H LL$8LT$0  IL$ H?ID$ D$(HHJHkHH@HT$8HP LH@A\AUATSH00   IH LIH I$H  I\$ID$
ID$Ht	HK~HD$ 6   L\  LL\  H{  AVAUATH IM"LILII1MtI1MtIU H1MtI$HL>H  IHLLH  LlLLHn  LRLLmLH(H  AUATSH00   IH) vLIHW I$H  I\$ID$ID$Ht	HK:HD$ 6   L  LL  HC  AUATH(IHx LI1IMtIU HL  _IL1MtI$HLH  IHGLLbH  L-LLHLATSH80   H gH  IHD I$H  I\$ID$ID$Ht	HK'HD$ 6   L  LL  H<  H(HHtHpHqgHH!H(SH H˹   HH [ATVSH HqHHVI̹   HHpHqLHHXH [^A\AVAUATUWVSH IIHtlH?I#L$I;$nLHwIuI$HHLvHL?LLI1HLHHI$    I   L#H     ILH [^_]A\A]A^ATH L%-  t9L%A  t-L%  t!L%g  tL%  Hl  LDL  LH   E  H(1HH(H(FH(1HHH(.ATSH(HDHIDHKDHK DHK(DH([A\ATSH(HDHIDHKDHK DHK(DH([A\WVSH 1HHtH;3}HHHHLuH [^_ATSH(HDHIDQHKDEHK D9HK(DH([A\&ATSH(HDHIDHKD HK DHK(DH([A\ATSH(HDHIDHKDHK DHK(DH([A\ATSH(HDHIDHKDvHK DjHK(DH([A\WATSH(HDHID=HKD1HK D%HK(DH([A\
H(H H=  ~$   *  H  H   蹥  H: HHH H(H(H   2  H   !  H     H     H   H(  HAHH(5HH(H% ATSH(Hl  I̹   Hq  HL   ILHt =   u   HB  H   H]  H   蛤  ATSH(H  I̹   H-  H   LH}   H  Hg   A  AVAUATUWVSH   H-
 HIH   Ll$&      L]D$&_ADtAD HH   uD&@c   A
   HNH   vHHFHvHHD' H1IHȃ0AT HHIHHuLHHuHH/  uLH   [^_]A\A]A^ATSH(HIHyI1LHE w1L9t'HtH;|HHH THH([A\H(H  ^SH HQHH8HtH9tH9HLHX8H [H(HrHNk@  H=>  .Hb H(H%	      H  Hm   ;  H H$ H    H HQ0H H H  L H H L  H H LX H1 H L  H HH H H` H]    ^ H[     H     H    H    f  H     H     Hq    Hn    fm H"      H     H    f H!      H    H     H Hs  H  H! Hj Hs H H@HV H H H) H H&  H4 H H H? H H HB H HD H  H    Hx    Q Hf    Hc    d H	 0   H     H    H      H    HU     H2    H/    f.  H    L MA0Lj I   L L   L M   LH L	 L L  L| MS0H Hb L L L L HS     H0    H-    f, u Hr    H     H    H    f  H     H[     H8    H5    f4  H     H    H H  H H HE ICH2 H H HH Ho H H  H IC`H H  H I   H H H IH I   H H H H    i H    H      H      H (   HM    & HK 0   HH    I H      H 0   H    H H H I   H Hg H8 HHB I   H H H H`H IP  Hr H \ H     Z H 0   H     H     [ H    H}    ~ H# 0   H     ! Hf     ? H    H     HW 0   HT    U HV HW H0 H HH I  H H H HP HH I  HL HCH H Hp H      Hc    H`    a H 0   H     H      H    H     HR     H/    H,    f+ H 0   H     Hc     < Ha    Hr HH| I  H H H I  H H Hl HqH
     H 0   H     H H      H: 0   H7    8 H      H    H     H H     H\    HY    fX !ÐATUWVSH 1HHLbLH9}!HyLHH,HqH [^_]A\ÐAWAVAUATUWVSH8E1I@LcILHD$(LLHHuWInIILH$   qLqHxH9|HT$(HM9| ~LL)IIMxI9|HVLK9l LH8[^_]A\A]A^A_ATUWVSH0A-   A   Hu  HD$    AHHy1Ab  A  DHD$    H  HHy{  H=   ~   H3H=  IcH94HHqH   v   HH;4HqH   v   HH4MH=  ~  HH5y  IcH;<ugHq8H  v  HH<HqHq   HH9vAH   HADH0[^_]A\AWAVAUATUWVSH8H1HtHHyI1H11I1HtHH9  HyHHtHHPH| H  HxH9|HHDH<tHy{~HHqH9  HHxH9|HH_HHqHHxH9|HH9DlL/A?A  A	H%  H9|HHDH<tH      HHqqH9J  HHxH9|HHHHqBHHxH9|HHIIqHMxI9|HLnDlL/A  EA	BL7?A	HK  H9|HH+DH<tH      HHqH9p  HHxH9|HHIIqhHMxI9|HLHHqBHHxH9|HHIIqHMxI9|HLnDlBL7A  A   A	L/  A	BL??A	H6  H9|HHDH<>tH9  9  HHqH9[  HHxH9|HHIIqSHMxI9|HLIIq-HMxI9|HLHHqHHxH9|HHYHHqHD$ HD$ HHxH9|HHHD$ $HD$ DlBL?A   A   A	BL7  A	L/  A	͊L?A	H  H9|HHDH<~tH    HHq#H9}Hl  b  HHxH9|HH\HHHD$ qH|$  HxH9T$ |HL$ H*IIqHMxI9|HLIIqHMxI9|HLHHqfHHxH9|HHHHqHD$(;HD$(HHxH9|HHHD$(HD$(HL$ DlLAA   @   ?A	BL?   A	BL7  A	L/  A	͊L?A	H"A  !H9|HHDlHqD2Ńv=  wz   IE1IAMMtIMyI1LVLL~IHtHxH;04  	HMtI$HPH^  =        IE1IAMMtMyI1LLLIHxHtH;0|	HMtI$HPHAD4H\  =       IE1IAMMt2MyI1L?LLgIHtHxH;0|	HMtI$HPHKIIAD4qI$MxI9|HL?ȀHCD<  =     IE1IAMMtiMyI1LvLLIHxHtH;0|	HMtI$HPHIIAD4qI$MxI9|HLN?ȀCD<IIqI$MxI9|HL?ȀHCD<  I/  LIE1IAMMtfMyI1LsLLIHxHtH;0|	HMtI$HPHIIAD4qI$MxI9|HLK?ȀCD<IIqI$MxI9|HL?ȀCD<IIqI$MxI9|HL?ȀHCD<Y  IE1IAMMt?MyI1LLLLtIHtHxH;0|	HMtI$HPHXIIAD4qI$MxI9|HL$?ȀCD<IIqI$MxI9|HL?ȀCD<IIqeI$MxI9|HL?ȀCD<IIq.I$MxI9|HL?ȀHCD<qI$HxH9|HHK?̀Al4MD:LH8[^_]A\A]A^A_ÐUWVSH(HΉLMuIHtHLHLH)qqHqfHHXHtHxH;>|	HHtHHPH@HL>IF  HtH  Ht
H> tHVH)H([^_]AWAVAUATUWVSH(L$   IHLMMuIHtHLh1HtH} HqH   LL)qH9   HMIq{MxHtL;>|	HHtHHPLHtHxH;] |	HHtHE HPHDB8D>tLHq HtYHvlHHxH9|HHFDLIIqHILH([^_]A\A]A^A_ATUWVSH 1HHHtHIغ   HE1HqA   ]1H9~>HtH;>|HHPHHMt-D>HH)HHT H [^_]A\HjAVAUATUWVSH0  1IHLMHtHH)HqHtdHH9|aHt4Lt$01   HLLLl$ IILL,VMILH0  [^_]A\A]A^HyHH0  [^_]A\A]A^H(E1E19HH?H(AUATUWVSH(HHHDHIqHL-  HxAMtI$H9|HHHBHHADADu@HEHLH([^_]A\A]ú   HcIA`Li  Ht
H9 tLALH% H%e H(H  1H HHtH8  H H(H(H|  6H HuHD  5H H  Hm H  HG HS H  H% H H(ÐATSH(HHIIHKLHK LH([A\H(H) 1H@,  H(H(H( ߬1HH,  H(H(H{HH(kH\& H H HG H  H H H3 Ht& H H]  H H H Hz Hc Hl H H,  Hw H   H) H* H3 Hp (   Hm    n Hk     H    H     H      H     2 H/    Hܻ     ~ H{     , H)    H* Hg  H$ HA0Hq H% # H, HR  H& H7 H HH Hk H HHڻ     HǺ     H    H     H̹ ÐH(H& 航H(ATVSH HHHtHBHHt'HBLbHHBHwLHHPHH [^A\H(1HP,  H(WVSH 1HHHtH;3}HLHHH [^_WVH:HH	HrLDHOLHH^_ATH HAHHALaHwLHHPH A\;H A\AWAVAUATUWVSH8E11E1I &     HL1I1HtHH9}2HyHHtHHPHL w"LHu1HuHqDHH9;  11HtHH9  HyHHtHHPHnD<"   <	V  < N  `  H<\U  HH9|HH9|).  HyHH|>\uHqHyHH|>"   HE1H)HD$ qA   gHD$       HHHD$(H;\$(~Mt=L\   HIH"   D$    HHHq@u@HH9   HyHH>|>"   HHxH9|HHT>LHIHD@tOHHxH9|HHxH;|HHPHTL?HIILHG ?LH8IHGHIE Mt ID MbLULH8[^_]A\A]A^A_AVAUATSHHIX,   Hu/H HTHHP,  H7ƃX,  HP,  1HtHL9~My<H  0   IH` I$He  ID$HP,  HtH JLHH[A\A]A^2HIqMxL蓚1IHP,  Ht1H,Ml$H]  ID$M   L   HqHL$8HL$871IMtI1MtIE HLSH  HIWMtLLGH  L8MtLL(IL$LzIL$1nLL  LL  LHD$ {  H&  '1HH[A\A]A^H(bHH@ E1tAADH(SH    HHH9vAH   H H H [HHH  H|    H HHk    H ÐAVAUATUWVSH H2IHttH(1L-  H9}cH=  L7I$HxH9HH[I$HxH9|HHBHDHHA0DI9uHHqLH [^_]A\A]A^ÐH H     H_ H  H    H    f "Hn     HK    HH    fG *H    H    f H     H    H    f~ )H? H    H    f ÐHÐHi  Ht
H9 tHASH    HHH9vAH   H [AVAUATVSH@IIH   HM1ҹ  HD$8    AHD$0    D$(    HD$      LcLEyI1LLLHAHM1AI\$(  HD$8    HD$0    HD$ 1 LH@[^A\A]A^ATH HIqpMkqeMyI1LrLH A\0AVAUATVSH0IIH   HM1ҹ  D$(    AHD$      LcLEyI1LLLLH9HM1AI\$(  HD$ + LH0[^A\A]A^ATSH(1HIHtH	HyIHLHH([A\H(Hf  `HҲ HuH.  _H H  .H H  H H H  Ho H[ H(ÐH(H  H H H H	 H H  H H H H  H  Hq H Hc H\ H5 Hn H   H HQ`H% H  Hg H H-     H
    H    f  H     = H:    [ HX    Hճ     H{     HX p   HU    fT H     H h   H    H H0H H  H H Hʹ H޴ H H  H HҴ HӴ H H Hz  H HQ0Hd Hi  H HQ`HC HT  HE H0H H˴ H H H*  f ֳ Hӳ      H     H    0 H-    N HK     l Hi $   H H0H H  H H0H H  H H0HŴ H  Hw H0Hܴ H}  Hf H0H Ht  HU H0H H; Hd H H Hߴ H H9  ʳ Hǳ (    H ,    H 0   $ H! 4   B H? 8   ` H] <   H w Ht @   H Hv H H` H H  Hs H| HQ0H  H H  HT H H H HH Hg  HZ Hs H HŴ H HG H H:  H H{ HD Hm H  H B   ݳ Hڳ H    H P    H X   7 H4 `   H     H۰ H H% H Hw H  Hq H HS H0H H HZ H; H HT  H H H  Hѯ H H  H< H,  ޯ Hۯ     H0     H    H
    f	 H      H    H    f 1 H. h   HK    $ H1     H    H    f
 s Hp     Hq Hr H H HE  H HQ0H H̳ H9  H. H  H H	 H
 Hs HQ`H HAH   H    , H)    HҬ C H@    H    f H/ iH[ HuH  hHC H  7H0 H  Hª H H{  H H Hs  H~ Hj H(ÐHÐW1IȉL_H(d2jH(H(H H(H8H 1A 0  A   HH D$(    D$     HH8H(u	t   `n  H(eH%`   ATUWVSH 1HHtH91AS  H-0 H9}[HxHtH;| 	HHtHHPHHTLHHIHqrH;>tH跊LH [^_]A\H8HHqHD$(>HD$(H8HAPH8HHL@HHHLAqHD$(HD$(H8WVSH HY0HcC<HHHq1f;MZu>PE  uHc   HqHH [^_AWAVAUATUWVSHHLcjDrIHHLqHc~ HqvLc~$IqhE1E9   HcC4gHqHL$(EHL$(賺HJIct HqHD$(HD$(H9EtIu5.HHu IHq;u HqffEIHeE11H5k LcLLp:;HIVLHAuu"}LLHHqJbCLd$8   LS8H L   HD$8M   k  H]HH[^_]A\A]A^A_AVAUATUWVSH@H~ H@HP HHRHHHD$0HHT$8qHLl$ Hl$0HD$     LsPH# LLcyI1L謾LL#IH   H8    1wLH   LuP-H ILHtnLHAĄtHK0HT$ INAĄt9NLl$(   L@bH    LHD$(HHH9E1DH@[^_]A\A]A^ATUWVSHPHHLL$0    LILLLT$8tD$0L$@E MHP[^_]A\Ld$(   L{H 51HHtH1HtHH謲Ht HH} HuHTHOHHU HHtHH3HTHNHHsHHL   HD$(蹍   h  ATH   Ld$     LH pUCH LLd$@HD$0L    f HD$8H zP5oH LLd$`HlD$PL    fm HD$XHI 5H  LL$   H$D$pL    f# HD$xH aVH  ;LL$   H$   L    f֫ H$   H pBLH LL$   H$   L    f H$   HM QP:|H$ LHH$   fF H$   H H   A\ATVSH@    1Ht$ H<Hu @
yH$ HD$ *plH HD$(PCHX HD$0HD$8L$L*u
Hu1LHH@[^A\ATSHhHKHeHKI>HK(HD$X0LD$X1LIH   HD$8    HD$HHC@HD$@Hd HD$0    D$(  D$    H   H   H   H   Hh[A\Iʋ%?G L%?G AIʋ%?G L%?G AIʋ%?G L%?G AIʋ%?G L%?G AIʋ%?G L%?G AIʋ%?G L%?G AAUATUWVSH   : HD$P    HH  HD$X    HD$`    H1HtHLl$p   HD$hL$   LH|$hLID$(   E1HL$PHD$0      D$ @   H- U H|$0HL$PE1D$H   HLD$XD$@    D$8   HD$(    HD$     D$H    HL$PE1D$@    H   LD$`D$8   H|$0HD$(    HD$     MHtHHHH1HL$hHyI1苷HL$hH|$XHLH  LHD$xH      HD$pHD$XH$   HD$h$   $   S U HT$XH   HT$`E1E1HD$     H   H   1H   H   HĘ   [^_]A\A]ATH@   Hx IH I$IL$@p      I$   IL$IL$(HL$    IǄ$       IǄ$       AD$@p   AD$   AD$(   ZHLLd$(HD$ HL$0   2HLLd$8HD$0H@A\ø`,  H(H(H(HU H  H    HT He H  H H H9 Hr H; H H=  Hަ H H H H>    Hߦ H H  H HB0H H f H H  H HB`H H( A H>    _ H\    } Hz (    H @    H    H Hc  H H   H   H< H= H H  H HѦ H*  H˦ Hܦ H} HH' H  HѤ H"Hۤ H = Hn H,H,    H F HC    H     ٤ HN    HK    L H    H     H RHD HuH`  QH, H6   H9 H(H8HQHD$(a2# H Hw  HL$(8_FHD$(АH8H8{HHL$(HD$(HD$(АH8H(u   H(H(HUs  H Ht"D  H?s  HPH@H0s  HuH(fD  VSH(H# Ht9t ȃHH)Ht@ HH9uH~H([^Cw 1fD  D@J< LufD   tD      qH% 1ÐH(tt   H(f     	     H(ÐVSH(H#  8t    ttN   H([^fH H5 H9tD  HHtHH9u   H([^f     K	     H([^ff.     @ 1ÐVSHxt$@|$PDD$`9   H HcH    HG DA yqHq   3b  DD$0IH: |$(HIt$ 3\  t$@|$P1DD$`Hx[^ÐH     HI     H s@ Hy c@ HA SH GÐATSH8IHD$X   HT$XLD$`LL$hHD$(Sa  A      H II[  H\$(   *a  LHIZ  _[  fD  ATVSHPHc I̅  Hw 1Hf     HL9wL@E@LI9   H(9uLQ	  HH   H& HHHHp      T
  NHT$ A0   HH HL H   D$DPtPu HP[^A\@ HL$ HT$8A   @   DEH HKIHSP u H d@ 1 HZ VHh LD>LH4 /ff.      UAWAVAUATWVSH8H$   = tHe[^_A\A]A^A_]D  ޠ    y  HHH   H
  L%k Ht      H)HD$ H LH)H~H+    C  S  HL9YL-0 I    1@ HII IHH)ID>HL9scsSLLL8       t9  HII  fIHHH)I.fD>L9rD   H5o 1LeD  H HD EtHPHHMփH(;=h |_D  utCKSHf.     @|   HHH)IL>fD  HL	HIHH)I\D>@ L9L5 sD+HLD.H(D.L9rH\ H HXH Ht,$   L$ HL$ HT$(T$0\$8D$@АHXff.     @ HI DW  ATH HỈ CCG    =     =  vDs?	w*H HcHf      1V  @ H A\@ =     v;=  t=  u41ҹ   U  H   Ht   и@ =  tH HtLH A\HB8y1H A\    1ҹ   U  H:Ht   иA@ 1ҹ   TU  HuԺ      ?U  D  1ҹ   $U  Ht1HL   и      T        T  ATWVSH(H  H Ht2H= H5 IօuMt	HCLH[HuHu H([^_A\H% D  WVSH ; Hօu
H [^_f      T  HHt<8H  Hp H H H HC 1H [^_Ã     SH  ˅u1H [    H  H Ht*1 HHtH9HAuHt&HBS  Hv  1H [     H9     SH tFw,tP"           H [D  u t4f   H [ËҚ uVȚ uH Ht    HH[R  HuH H          y hf     Hy  <1f9MZuHcQ<Hс9PE  t    1fy@ HcA<IHBHDRt0HLL(     HHL9wPL9wH(L9u1ÐATVSH HQ  HwzHC E1f:MZuWHcB<HЁ8PE  uHfxu@PLd@tAHIt( I(I9t'A   HLNQ  uLH [^A\fD  E1LH [^A\ÐH 1f:MZuLcB<IA8PE  t    fAxuA@H)APID t.HLL(D  D@LL9rPH9rH(L9u1     H9 E1f8MZuHcP<HЁ8PE  tD@ fxuD@D    L 1fA8MZuIcP<L:PE  t    fzuBHDRt'HHT( @' t	HtHH(H9u1D  H E1f8MZuHcP<H:PE  tL@ fzLDLf.     HI E1f8MZuHcP<H:PE  tD@ fzuH)BHDRt܃HLL(D@LL9rPH9rH(I9uE1D@ D@$AADf     L E1fA;MZuMcC<MA8PE  tLf.     fAxuA   tAPITE@EtAONT( DJML9r	DBL9rH(I9uE1L L
 HD@EuPtׅDHMLÐQPH=   HL$rH   H	 H-   H=   wH)H	 XYÐAUATSH0LIIT  H\$ ME1L `  a  LAT  DH0[A\A]ÐHXDZLLf%   MBI E	tpE   AD$D   fAfA>@E@ %   L$   AHD$HLL$0LL$DDD$(ID҉L$ Hb  HD$8'  HX@ D$D    E1 f=tBzf     LH %D	tD$D   E11rD  D$D   BE1T@ D$D   Aÿ=ff.     fSH HӋR@uC$9C(~L u HcC$A C$C$H [f     LL  C$C$H [f     AVAUATUWVSH@Ll$(Ld$0LH͉M1LQ  Cx9OC9   C   D  U MLHP  ~~LMt@ HcC$A C$C$L9t6SH@uC$9C(~NL tLK  C$C$L9uʃuCPS~fHڹ    CPSH@[^_]A\A]A^)CC	u+CfD  Hڹ    sCPSuCC     WVSH A@HΉLÅx9OC9   C   CH#    HcC$S$S$H9tDCH@uS$9S(~H tJ  S$f.     HcC$ S$S$CPS~.C@uS$9S(~H tʹ    J  S$CH [^_@ )CCu)BC Hڹ    3CPSuSATSH(H IHHHcRLDLx%I  HILH([A\I  f     H8EHA@I҅tID$,-HL$-L\$,A 1AD	ȈHHuHQLL)-H8    A   tD$,+HL$-L\$,fD  A@tD$, HL$-L\$,f     L\$,Ly UAWAVAUATWVSH8H$   ALÃo9  Ex    AxEAIǃ     DkD9ALHHH   A   H)Ld$ LH  EA fD  DH!DP07D	EA:ABHFHuL9  E  HEL)A)E  IcH0   IHG  L9  HL)D9  CAo!  AC	Q  I9   {Eu    HcC$C$C$L9v8{H @  uC$9C(~ށ    HtG  C$C$L9wE#[@ HcC$ C$C$AFE~=AƋ{ @  uC$9C(~ہ    HtŹ    ;G  C$C$AFEHe[^_A\A]A^A_]     fAx     /  AADkMI!DD9ALHHHH)Ld$ AoI  A   LHD  {EAfD  Ao  L9\ES0HHL)D9LfD  A)ŋ{DkAo        AE~	E  D6HF0E!{Eu          Hڹ    DAAAL9fD  Ex    AxEAIǃ      DkA9AMHHH   H)Ld$ A    C	0HfE   Eu   ?L9nf     E   Eu   I9>f     fAx        f.     DkD9ALHHHA   H)Ld$  D6HF0%   =   7EMH0   EyDMMcML$D  DME)EAo-   !    %   =   t   DkD9ALoUAWAVAUATWVSH(H$       DrzEAIHӃ   tfz  <  s9MHHHH)Ld$ @ǀtHN  @{H  I      AMIA   D  MhM9t/Et*f{  t#LL)L!HuI@A ,MIfD  HIHHL<ML)0A H	vHMD  E  LEL)A)E~McL0   MMB  M9  ~3LL))Ɖs~$    E        @ǀ   AE -IuI9r SfD  HcC$C$C$I9t8{H @  uC$9C(~ށ    Ht!B  C$C$I9uȋCfD  HcC$ S$CS$C~0K@uS$9S(~H tȹ    A  S$CfD  He[^_A\A]A^A_]       t8AE +Iuf.     AIH!f     L@@AE  HD  H     M9pEgfD  AE 0ISf.     sEb%   =   PSBCNHpL0   II@  C+ CPS    Hڹ    sCPS{fD  MEE-@ UATWVSHH0yI   Qf   IcD$HHHTH)LEHE    H\$ HD     H|!fD  IcD$$A AD$$AD$$H9tAAT$H@uAD$$A9D$(~KM$ tL?  AD$$AD$$H9uHH[^_A\]    L.   SH[^_A\]     HE    H]'?  HMIA   HJA  ~.UfAT$AD$fL.   Hz AT$UWVSH(AAHDLE  A9   CC	tMf{  
  DFLI!AH)Au   fD  ЉS*  @ "  S  @  C~S      w  Hk    0   tHH   C	tf{  tiƫ=UUUUwIغ   H"AQD)9)ЉC  C~
C	0   S    CCfD  Hڹ    CCPSHڹ-   !@ CC	uCH([^_]@ H!fD  0   tHHCPSH([^_]    H  S9C6fD  CNC   Hڹ-   b"D  Hڹ0   KCC	uu*D  HSCC     Hڹ0   u,f     S@TKf{  @) Hڹ+   sfD  CfHڹ0   CPSb*CHKCfD  Hڹ    ;ff.     @ AUATSH A   AAMMcAIigfffH"D)tHcAHigfffH")ȉuAD$,uAD$,      D9DED$MMDK)A9ȹA   NDAD$AL$AD$,LAD$ȃ   EAD$]DSLLET$H [A\A]PATSHhDB)HExkAHD$H|$PoD$PHT$0LL$L   HD$ D$0DD$LIA t9L$HIHLb  Hh[A\f     B   A   느L$HIHL)  Hh[A\ATSHhDB)HEyB   A   HD$H|$PoD$PHT$0LL$L   HD$ D$0!DD$LIA thL$HHIAC@ HcC$ S$CS$C~?K@uS$9S(~H tȹ    8  S$CfD  L$HIHLA  Hh[A\     ATVSH`DB)HE      HD$H|$PoD$PHT$0LL$L   HD$ D$03t$LIā    C%   |KS9D   )SL$HIAL- Hڹ    CPS(@ u4L7  CL$HIALLL  H`[^A\fC     B   A   fD  B   A   fD  L$HIH    L7  )C&SЉCAUATUWVSHXLDYELC ILH D	҉		ȹ  )  fE  f  M3  AT$  AL$H|$0AD$  D$0.HD$1 0HXET$   E   AT$II)F
҉EOȁ  HAHigfffEH")t/f.     HcAHigfffAhD)H")ЉuE9j  E)  ET$7  ^  @u  L0   AL$L XAD$~2AD$	t*AD$@ L0   AD$PAT$Ll$.H9w%   AD$ fD$.ft  H9p  KH.  ,tL- fuAu=DH M   	  D  AL$   f f.     AT$f?u  Mx     My      I)HI5  Mҹ   )IAL$H|$0AAHA   A 'D  1H9w	AT$x	0HM~  D҃I  AD$I~AD$tЃ	vB7D	 MH 1HX[^_]A\A]+ L0   AD$PAT$AL$L PAl$HLAL$  HX[^_]A\A]  D  ƃMyAT$AL$fD  AL$H|$0ML H9wEuE\$E~@ .HFIt     IFIuE1f.     M   L0w H92f.     L-   fD  AD$f.     L+   sfD  L    SyfD  ABAD$EFfD  L    #AD$PAT$AL$     H`QoD  AWAVAUATUWVSH   L$  HDL2  1ҁ `   f$   $   H^D$,HH$   1Hl$p|$xD$|f$   Ǆ$       Ǆ$       Ǆ$   0  L- _DD$xA @  u$   9$   ~%A    LL$p   Hc$   A$   $   Hʅ   %u|$xHD$|   HLT$|E1E1A   PHnȀZw)IcT L@ L0  $   @ 0<	  A  Ej  A   M  A  DAAFH    p$   HĨ   [^_]A\A]A^A_ I\$A  E$AtAF  AuELL$`u  LD$pLIHD  FA   HA   hL$x   I\$A^  Ic$AtA  AuHHL$`HHT$pIHH?HD$h:BAI$I\$A  HT$pIHAA$I\$Ǆ$   A  HL$`LD$pD$`Iܺ   HyI$Hc$   IA_  A  At
A,  HD$xI$I D$x  *HL$@HT$pH|$@[Eu
9|$x  I$I\$LD$px   HD$h    IHHT$`F<64  <3,  HA   A   D$xI$I D$x  *HL$@HT$pH|$@cF<h  HA   A   fF<lu  HA   A   FL$,H-  HT$pH5]D$xI$I D$x}  *HL$@HT$pH|$@}%D$xI$I D$x}  *HL$@HT$pH|$@5FL$xHA   EuDFL$x   HA6  FA   HlE  L$x    FHLD$xI$IHT$0D$0HT$pHHL$@|$@IǄ$   I\$A$HL$`LD$pIܺ   HfD$`YD$xI$I%HT$0D$0HT$pHHL$@|$@D$xI$IHT$0D$0HT$pHHL$@|$@D$xI$IHT$0D$0HT$pHHL$@|$@iHT$p%   H:RELL$`LT$8L$x   LL$0D$`     +  LL$0HL$^A   HP-  LT$8A   ~T$^f$   $   FHM!A   A$IT$A  FIHE1lEL$x   EFL$x@H<EFL$x   HI\$M$$H MLD$   F  HcLv)  LHLD$pISHAw10   AEDFE1HA   ~2G  HT$p%   Ǆ$      D$xXELL$`HHL$`%0A
FA   HǄ$       L$   #HNHT$pLIH.6M$LL$`MI$HL$`FA   HA   FA   HA   Lk(  ~4 FA   HA   fHEuBF\$|IHL$x   E1UFA   HA   <HHfǄ$   SH 1ۃ~       P9|u  HH [f     WVSH HHA~e   1fD  PA9,  HVL@HLtD  
HHuHtHLH [^_@ 1@    HȋIHHHP  @ AWAVAUATUWVSH81rII9q   HZHi1LcIJ<IEHDD$,AA9r^AIIE11f.     AAIIILIƉHI H)HAHH HL9sE
E   LLO!  xGAEID$,1fD  AHIHH)HAPH H9sHcHD t%D$,H8[^_]A\A]A^A_    uHH9rAt$    EEuIL9rAt$LL   Q떐AWAVAUATUWVSH   $   $   A)D$(  D$ H$0  HLΉT$@HD$(H$8  LD$8HD$0A  \$Hu5  1ۃvk$   HHĸ   [^_]A\A]A^A_@ 1ۃuHD$(HT$0A   H+   $   Hĸ   [^_]A\A]A^A_@ D!    1A ~
A9)  ED$AIHD$8McIWIJ f     DHHDJH9sH\$8HI@HSH9Ѻ   HBHI H  DXڃEtHcAWADӃ)L  Dl$@$     EWE&  H$   L    ED fH~fH~AHH AɁ A  ?EIA1I E)L	A5  fHn\ Y Xf*Y XE~fA*Y XfD,f/  AˉADH H	H$   IÉ)ȍHL$PA   H IcfInf/m  Ǆ$       A   f     L8       HD$(HT$0A   H     HSfD  HD$(HT$0A   H   rfD  AG    < L>  Dl$@+$   D$   2D  Ǆ$      DL$PD$`    E  E  DD)T$`DT$pE1҉D$tD$ 	    A  1A  D$TD$ >  	    D$h    E   AOΉ$   AΉ$   L$LDT$xA|$LDL$THD$XDT$xA!GD$Tt(T$T   ID$T     )ȉD$TE  D$TD$p  D$   Ǆ$       $   Et%B f/  fXX@ fH~fH~H   @H H	ЋT$L  D\$L1Ha fHnACH$D$h   ,HL$X^HA\f*҃0\f/  %  I $   Q$   D9  YfHY,*҃0P\f/r  f\f/v}PH\$XH|$P    H9V  PHHA9tHL$XD$H           T$PD$`    Ǆ$       !  DT$PDT$pD$t    Zf.     D$     fDT$LA*Yz ,ȃ$   DT$LHD$XGD$T  EX  D$p9G  D$LE1Ǆ$   f     A)DWAD$D)ቄ$   9  D\$ AK~  A)AD\$LAEEۉ$   t	D9\  T$`D$PDl$tЉՉD$`   DT$x  D$h   DT$xIą~"L$P~9͉N)D$`)$   )ŉL$PDL$tEt[DD$hEs  E~;LDD$     LHI  LHD$x,  L|$xD$   T$tD)S     DT$t#  DT$tÃ|$ I!E  D$t    C     E  +|$PDD$`A$   E~DL  $   IT$P~L  Iŋ$   |$ Å5  D$L    D$LJ  LE1     LHIw  $  D$pH\$XD$PHD$X1D$H    L  MtL  L  H|$(HD$XL$P  H|$0HtHD$H	fD     D$P    )T$`     fA*f.z
f/AfD  D$T    D$ !D$h   E1E1Ǆ$   D$LtfXX& fH~fH~H   @H H	\	 fHnf/	  fW f/   D$T    E   D$p9G   H HHE  D$L     Y f/$   szH\$XE1E1|$PU@ D$h    D$pD$   D$LW  $   9@ D\$hEDl$tl$`E1dE1E1AD$H   H\$XDt$PDL  DT$tI  D$t    AEHA|fD  D$pD$PD$h  /~L  IċD$tM  HD$XHt$hǄ$      HD$@   f     H8       |$ uH|$8  Ht$@Hn~|$T  ]D$L9$     LE1
   K  E1
   LIM9$  /  LE1
   I  Iƃ$   Hl$@LLLLƍX0  LL  h)HLHD$`  LD$`LJ  D$ 		  HL$8T$`T$THT$@t$ Ht$hHj9  Y	  \$     1H|$@D$HLMfD  L  M  H  L9  H  H\$XHl$XfD    IID$h   4 |$ D$LL$t9  )A͋D$L  L$`D$P$   ȉ͉D$`yD  LLu  D$pE1
   LD$@r  T$hIǋ$   !ÅT    D$pD$P$   D$Lf.     Ǆ$      Hl$X|$L%f.     LE1
      $   ILLHX0]9$   |1L$T  AGU  	EGEtAHL$X H9  PHHE9tD$H    %D  UHHE0t D$h   Ǆ$         HcD$pH D$L$   DD$pǄ$      H|$XfA^DD$PHG,f*ɍQ0Y\f.l  G     $   ;T$L  YÃH$   f^,f*ɍQ0PY\f.zuH\$XHD$XT$tLDT$x  DT$xIH\$XHl$XLDT$t  DT$tI+T$tE1D$tA3HD$XD$PD$H     1L     LHI  Uu	
AG  D$H   1H|$@D\$Tt$ Ht$hLOLEU  A  |$T  Ht$ LLLt$@O    _E1H
   I2	  I9L
   LDE1HH	  LHHIX0HLH  Lt$@IHt$ 9  D$H    LMHD$@k|$T*    H\$XHD$XD$H   6YHD$XfE1Ǆ$       f.     YʃEȉ$   ,хtfE*\H0P$   D9uE  Ѳ fXf/  \f/f.H\$Xz
f/  D$H   DEHH@z0tHT$XDD$P[Ǆ$       l$`+l$LpL$LD$   E7Y  YX fH~fH~H   @H H	AL$  IT$IHHIcD$L     L     I'G;D$@D$`D$PD$t   D$P   H\$XE1E1AHt$h9   HD$@LD$H    MELHt$hMG9D$@?A)DWE1AD$D)Ǆ$   $   D$L9D$P1   HL$X0~7L   
  LHI    9t-\$ D$T    1Ae  LD$H   MHD$@LHL$XM9    9D$@D$p$   D$LH\$XHl$X$XPf/   f.H\$Xzu	D$H   f.ƍ}H\$XHD$X|$Pf/D$H    }H\$XH|$PfLE1
     IĄ:D$pD$P$   D$LAO   DD$HD$HLPH\$XHEWE+qLMH\$XHEOLMEtAD$H   u	JD$T    QD$H    DEWD$TD$HSA~
   A    EMATUWVSHcYIA9~LaHcMI4A~   Dɿ    HVD)AI9   L@ HHDD	FDBAI9wH)IDD EtBH<    AB    AB    [^_]A\ÐLI9v     I9wH)IL)HABt[^_]A\D  ABtLff.     E1HcQHAHH9r)f.     HA H9vtH9vADÐVSH(t_ ΃t{t9u#Ht D     ӋK_ ttOH([^f.        %_ uQH6t H#_ HB_ Ha   &^    HcH^ HHH([^H%s  t^ Xq    ^    @ SH    ^ tH [D  Hms H^ H^ HH [Hff.      VSH81	~Lپ   HcH#   H   H!F  Ht=
^ Xpt5H@    H8[^ H] HcHHt-L =] LuHD$(H] r HD$(@ پ   HR!  LKT HcHH#   L)HHHH   2HH!  Mff.      ATH IHt:y	~H A\y  1IcT$H\ =] HL$I$tH A\ÐH	] H A\H%r ff.     AUATVSH(qIIcHc1     ADHHADHHH 9MHtA9t$~!HcƃMA\At$LH([^A\A]AD$HIHtHHIcD$IT$L   `
  LM SH01H[ Ht.H=\ H[ tfXH       HXH0[@ H  HR HH)HHH   vC(   	  HtH      =[ HPuHD$(H[ p HD$(@ HP(H%   AWAVAUATUWVSH(HciHczII9|IHcIHc1ɍ/A9_AOIH   LXHcI4I9s#HL1L)HHL   	  IMMMwI,I<I9   HL)IHHL9L,      LB IL9vREIEtLLE1f.     D9HHILLIAI H9wG+IL9w    tFHtA\$LH([^_]A\A]A^A_    AVAUATUWVSH I͉Ӄ:  MtuH=sP HR  ML-n H-yY M@ tGH7HtTHtHL1HH  M   A|$	~TLI  uLH [^_]A\A]A^    H7Htn=GY uHvY Af     1IcD$=Y HT Ld I$IFHY A7    I(     HHeHHHt:H     pfD  H E1HIHD  E1   H=O Ht=kX HX m y   HHtH   q  H=N HGH    HN     E1AVAUATUWVSH Ỉ֋IAl$AD$DmA9~
A9IH   Hx~HcH1HIH  IcD$It$L   A    I1A)ڐIHD	A@VI9wLIL$L)HHI9ɹ   H   HBAEAnLLH [^_]A\A]A^ÐI9vۥI9wfHcBDAIA)u<H    HHITf     H9sHHDD9tEADATUWVSH HcByHH)a  H    HIHHTf.     H9W  HHDD9t,  NIH   xHcFHnM`   1IL\ HcCH|fD  H)ЋH)AHHAH HH9wHHsH)ػ    HHHHH9HBH      LH9HBHII9v?LHf     HHH)HCAH I9wICH)HLEu PHAtEHLH [^_]A\        H   HHf1IHtLI@   H [^_]A\ff.     ATSHcALYIԹ    MEAMQAЃ)A$
   M9saEQt`DE)AIQD	A  ?H I9sAQA	H    H!L	fHn[A\     E1҅uYD  ?H L	fHn[A\Ð   D1)  ?H M9sAYJAA	L	fHn[A\f     DE1  ?H g     WVSH    fH~HLTIH   HHH  AA     AEAȅtpE1DDEt    D)D	AB   ARABEuQHcA2  ATD)ЉLH [^_    1AB      DI AREtC5   D)ȉLH [^_    HHHR	tD  
HHuÐE1HHu HII)I9s8 uLÐ1IHu@ HI9t
f<A uILÐ%i %h %h %h %h %h %h %h %h %vh %fh %Vh %Fh %6h %&h %h %h %g %g %g %g %g %g %g %ng %^g %Fg %6g %g %g %f %f %f      WSHHHHH3  M3  AA    D$<   $   vw   LL$x$   LD$pe tTLD$pLL$xI   H|$ A   ID$(   $      e       HH[_@ $   uMf   HH[_ 11fHH[_f.     T$=A   LD$<D$(   HL$ fD$(   $   IA   H|$    e t   D  1HH[_ø[ *   rAb AUATWVSH@1IHfD$>HD$>LLDIL    Hۉ|$(ID$ LO LLLE&HH@[^_A\A]     AVAUATUWVSH@HO MMIHLDL  t  H   HH   MtpE1HuJfD  HHIIHHL9v-|$(IMLl$ M)L9vuH    LH@[^_]A\A]A^f.     1AHt$>E1fD$>@ HHIĉ|$(LMMl$ H륐E1ff.     ATWVSHH1IHLfD$>z  {  Hۉ|$(IHJN D$ HL$>HDLIHHH[^_A\ÐHXHfT$hDEuf wY   HXf     HT$LDL$(LD$hA   HT$81D$L    HD$0    HD$ b tT$Lt *   HX    ATVSH0HIHD$+LD    ALA:HH0[^A\ff.     @ AVAUATUWVSH0E1IHLA  2  I4$AHtMHtaHu'       HHIƀ{    HL9vmEAHILH0[^_]A\A]A^    Hl$+HcЃHIր|+ t>HEAHY I4$f.     I$    IfI뉐SH D  HIHHH [ÐH)L      HHL ÐSH H1H9r   H9vHK0H [H%Y` D  1IHL)HiH   K   H [f     SH H1AH9r   2H9vHK0H [H%` D  c1
H)Hi۫KH [0   Hi H ÐHi H ÐHi H Ð%` %` %F` %&` %`      %_ %_ %_ %_ %_ %_ %_ %~_ %n_ %^_ %N_ %>_ %._ %_ %_ %^ %^ %^ %^ %^ %^      WVSH HL,H=; 5; H; H H H [^_Ð;A                                                                                                                                                                                                                                                                                                                                                                                                                                                                                                                             
                                                                                            }6 _H}6 _H%`Fvt>A                                                               @   ÿ?                     DG             A             A     A     0A     A     A             A             A                                                                                                                                                             00010203040506070809101112131415161718192021222324252627282930313233343536373839404142434445464748495051525354555657585960616263646566676869707172737475767778798081828384858687888990919293949596979899                        AssertionDefect fatal.nim sysFatal                              %s IOError io.nim raiseEIO  
 SetConsoleOutputCP SetConsoleCP                @cannot write string to file                                  @kernel32                     @kernel32         virtualFree failing! too large thread local storage size requested,
use -d:\"nimTlsSize=X\" to setup even more or stop using unittest.nim out of memory
   $]]]]]]$ReraiseDefect fatal.nim sysFatal Error: unhandled exception:  RangeDefect IndexDefect OverflowDefect SIGABRT: Abnormal termination.
 unknown signal
 SIGINT: Interrupted by Ctrl-C.
 SIGSEGV: Illegal storage access. (Attempt to read from nil?)
 SIGFPE: Arithmetic error.
 SIGILL: Illegal operation.
 [GC] cannot register thread local variable; too many thread local variables could not load:  
(bad format; library may be wrong architecture) 
 could not import:  Field0 Field1 parent name msg procname line filename trace up                   @index out of bounds                                          @over- or underflow                                           @no exception to reraise                      @
                            @)                                            @value out of range                                           @ not in 0 ..                 @index           +       +      @index out of bounds, the container is empty                  @ ..                          @ notin                       @value out of range:                          @(                            @]]
                                          @[[reraised from:
                                                                                             
                                                                                                                                                 "            $            &            (            *            ,            .            0      -      2            4            6            9            ;            =            ?            A            C            E            G            J            L            N            P            R            T            V            X            Z            \            ^            `            b            d            f            h            j            l            n            p            r            t            v            x      {      y            {            }                                                                                          C                                                                                                                                                                                                                                                                                                                                                                                                                                                                                                                                                                                                                                                                                                                                                                               
                                                                                                                                           r      "            $            &            (            *            ,            .            0            2            :      ,      ;            =      Q      >      ,      A            C      1      D      9      E      ;      F            H            J            L            N            p            r            v                  h                        4                                                                                                                                                                                                                  `            b            d            f            h            j            l            n            p            r            t            v            x            z            |            ~                                                                                                                                                                                                                                                                                                                                                                                                                                                                                                                                                                                                                                                                                                                                                                                                                         
                                                                                                                                                 "            $            &            (            *            ,            .                  T            T                                                                   
                                                                                                                                                 "            $            &            (            *            ,            .            0            2            4            6            8            :            <            >            @            B            D            F            H            J            L            N            P            R            T            V            X            Z            \            ^            `            b            d            f            h            j            l            n            p            r            t            v            x            z            |            ~                                                                                                                                                      5                                                                                                                                                                                                                                                                                                                                                                                                                                                                                                                                                                                                Y            [            ]            _                                                            &!      *!      5+!      2!            !            `,            b,      c,      d,      g,            i,            k,            m,      n,      o,      p,      r,            u,            ,            ,            ,            ,            ,            ,            ,            ,            ,            ,            ,            ,            ,            ,            ,            ,            ,            ,            ,            ,            ,            ,            ,            ,            ,            ,            ,            ,            ,            ,            ,            ,            ,            ,            ,            ,            ,            ,            ,            ,            ,            ,            ,            ,            ,            ,            ,            ,            ,            ,            ,            ,            ,            @            B            D            F            H            J            L            N            P            R            T            V            X            Z            \            ^            `            b            d            f            h            j            l                                                                                                                                                                                    "            $            &            (            *            ,            .            2            4            6            8            :            <            >            @            B            D            F            H            J            L            N            P            R            T            V            X            Z            \            ^            `            b            d            f            h            j            l            n            y            {            }      w~                                                                              \                                                                                                                                                      \      \      \      \      \      \      \      \                                                                                    §            ħ            ŧ      \Ƨ      wA       Z                                                                                                                       3                                                      r                   D            /            1      V      $                  T                  ę                                    4            4                                    (      /            8      ?            H      M            h      o                                                                                                                                                                                                            t                  v       ,      .,      $      ~,      ,      !      :                  '                                     4                      @n     _n                 !                                                                @0123456789ABCDEF                                                                inet_ntop GetCommandLineW GetFileAttributesW Sleep                           @kernel32                     @kernel32        
       
      @Ws2_32.dll      Field0 Field1 zonedTimeFromTimeImpl zonedTimeFromAdjTimeImpl name                               IndexDefect os.nim paramStr                  @ not in 0 ..                 @index           +       +      @index out of bounds, the container is empty                                   WideCharToMultiByte lstrlenW MultiByteToWideChar                            @kernel32                     @kernel32        nLength lpSecurityDescriptor bInheritHandle cb lpReserved lpDesktop lpTitle dwX dwY dwXSize dwYSize dwXCountChars dwYCountChars dwFillAttribute dwFlags wShowWindow cbReserved2 lpReserved2 hStdInput hStdOutput hStdError StartupInfo lpAttributeList hProcess hThread dwProcessId dwThreadId IsDebuggerPresent VirtualAllocExNuma GetCurrentProcess CreateProcessW                                         @kernel32                     @kernel32        :state ps1 ts2 si3 pi4 pHandle5 tHandle6 SystemFunction032                   @Advapi32                     @Advapi32                     @B9Ri67AJ69IPHzBE                                :     :    @tMVs߫wt6g:A:B!zRGb&3Ca/ѴnoAjkg̵֞?p2tMH	]CN%(Ѹ	ؼapUUI؛D=AOBp7Ҷ+%?<σB=.vI$Zμߢ0!+^W,JY/L]E9ǱLukhg{ŭW(G9|3Kq,Lxi$*rks=xmY-y]Mj&$="U*k `Juk}AʳC2I8Pn.35/I|Rq.1=	/p5HkFQyrիj$[RdA5ig0q>8~t6!bu>^Bΐ 6e|ZeP -eCߓC$h$je{ԨN3bOoV2t'9o|q3^?!QPղ +4ihsxS&l
f,5pWֲr|]-%+aXa͚GEҿa"AFqUMCwa=%Mdxz>:,#*gI0/&wYڲ+MT{frk\z"3:^׭xvg~C`Em.^d犄]0<*gբTw&jjNde` lV^ߖ.0اE4[٥/"Bg
I#'"~n6G[r׻xy1̱a"Ad=Z15>4HVNevݼO^.Qo|8*DhB5\j\<HY74@_|qړa*6:KL7J\KQZ4ufwQ^!:>U%pj&h?,E.'?8gN4!"$Ւc`Y._̀Dp`S-r\v)q!(=%;#Ae:E1δg?ʝ
=5Jɺ309$Bnm臄Kg ?VhZtR)*DAd]k,8ir:o*S#wIOFKSss/WQ7)$vZ%+ꍴj#wBY6t49Eds!dr!Viyz(@BmON:9]X]mc8]^"'$h|;9]~*'\
Peox2gÀ|8ͭi$[z!Z>=k]/}֬*˰
hDT`Y'}1|x">>)MGǄ!h3h> VNF(w]r4[Ĵ}}pU\sfNC,	 WVHlTyјpSυi*3Fƈؽ++Uwi^fԳ%(ߞBL[mWo_EVdRĮڷ\o.x6_QP6qDɢv:T#ܴ9bqpf/`˼z8CY\D?Vg8M?<LQMY;PfSˉkզ_T|V=!li`x;RHa/Rlc-6^19.?1nJ	Φn_ZŖ߉S
i5S^;'ZfoBρ/CqTV%k-IwF|C[Cc3EaM!Ŋr$5ڔ>,E*GX5"N0Kjz9.kh%?MĈTt1vHY
 {%D,IKðTS`zA  &k-Hk|܈PEgX1KE.}Nf?-mIzΎ*7<TIݍxCaJ@!s0wC%YWZ;Kا&;APY2㎟IցXD5 !_	Wb-!Cx.	Ě oC/fp5k!qu rw[ilw7g@@tm&/e.D
ʙ)cb(73b>"pԦi)vΊ+"\Ɨءe+aR~k{+UVc?m0+F䢳tUEAzVL tIj}/˗@Y(t/1[#JpC xY@K)(>ڟb(Hó%s^Y{ƯjK-XLJd\4r)w9Byxїrǀa.3aw~n7(,7_eNl\tsD_HPHTWcBWЏn]K()EP=&/F,9[	qPynl&td]P2>kk]Uq׬W	`}0{ru/ׅko|󷾴=P8nI22:c ka,dֱr Ů5{ML]5Go2`ʷB+ּ KT
HU)yA4A-YM$`}n԰ɢ^oKhم_uYN>
"s!1SGҔȲұZnP04!?Ѽ=a=p3Q`ml]U}op9:9l)*JW#R\tqHù)\yN`ő|UЧnbhG%zL RF9D	4ʁO4aNih@#I],Q݉!@ p3l	1c͠v]L*N.1u,Yjm'åF6K^86~9\yZ8#;ZvBi_iqL=dīA"Ao@N}9xFBUDwd=꠷~loM	5*ャ/|/{ԐɬWB]P@m@6?Wd<se+bE|r[Z؊)՝0Sn}L.X=pmF㕓AXTa:3 6;f Z[6ӗa#.b 9`O9!Mن!Ԁcv+R5ߑ9py
*l"Vo(E|>ѳR.2r@Z8D4%> F,+(|ǹb,aDGsi,a;٦ 9+wYЕoI=-6o=.fI!qvF5quXT2Bl2؎Dc-W  Qw27L5cHbq|oSﲤ7
D?+	Al͢8KuQwi=s.&*3R
D\++>Պ{ح6GT6MCNH8"H[cq^{VOQbQH<&Gg㐣&ƿZi_y&e1^tX'?쌍曎
SQTL2<3~CJvSD&
}jO,./lŐ(}izCީEd`%	mΎ X3ReF#bQU!;ȭjz.jHᶂE4Yɶt"!vua2d<Ѻ]\(	^] 9g8 
Dݽ[2&hTUAq*CB,J,h~}vuSk@gwfRj 9=J{+ ݊ .y}~fmn@{̈Kᯄ~bRUQuhB]/6ч3Fd
ybhZ?ޑF Dg[r[bIbdRGX6y?aShACJ\Oo:E
x{,t#m:&<OהuwOV#C>S4hV7HI{U<RD  ιj;PƜ|&AՋ/Xz'h_c{S	6![gfQ&aLI{6{1,&mB8@dr΢:蛿Vq_׺mS!jóE| Կ9r9knA{67:ß+a>h^q;GF7]jtsHk=A>da=k7B_<QIF.g1Z*Kq`yHrc'6z1h0bmYuz#6	1%L#OMG얾EïYvlA*hNY*~(>xB}Tm{
][u+7GYnnSu*E"[|5)1I]an#rd/;([^R\zSgE2)Ku5VlwUy!*8DthW[>d10O˖0RU=}PJG?Tt(5";i~a	WPQ/o;&X핧ǃm1)xX czHAWml1	mlc|uI(V8I9"8E9?W60<ѵ:XџO#kY|Pl%Y& ^4Y05JFZw󹤗]w foudCͦ2)pi;WGD\CFKQyZن8)>?̤poGV:Wӭ5lo8 h7;Z۲:ƥėچwIs"nxJ"r[ʗ7;PB|ݘu̷wAxcqT>)ͭ@(<gƥ쓯+ϋO*r^I+z{E*Zk8E$qDJn-/JT::qVtP	L"~F.)ǐ6Xb5EmctU.7c]C.cىIy.3қ]Ѣ9Si$u^2A=K%l-^G{Os_}Y[Q*8T`阉S_GWZ)ȱTtBz!T3nb6?CKTs域+̐K_^I@f'ugwE%qa,E yBf)-߶C8]p(vU+O׆;2j@YCٵp4y1C'h(JyiS63&Br`'/rX3Ӆ53]2[vqF`9~ؓQ!$l$≠Gx+Fsye^QΘ>E\nW"NwC_ 6"ήk6ҝzPm
À&\?rq-kmÊ/o-q)ΧKON5r\X9pVYdizLQJ}PwԆGD$װ3oJEVN9Ɲ|cq/Iz	˽{`\:D.^hD{WjMEl]F[{o1UIn(ν}¥Dt	4f*h0=7\]>)Qc`627Xk{شĻcw{Z;
o~ݾdH39sOx֢jV'RR@d>l޶	<AOhu#5͹ѼJ!#>Я@X-ꍦF9U̧(pg^G
$8w5nUBbqNzܺЕR[xCdju}R?^I܅NvyxX#165Dlu<E%NA~<nXX8^]/-R@#F[ݏ<$QM|XDJ
*8Q?I5R`T:]+3뱩&6=U|TApXF:
.M&!Z;r`nQ*$"q%B@	
h _.1pfBpϔx=ڲddR[kċe@1H]3XBS6=YɀE4;kk)uqt_"|tB͢qRu7	
'A6lr-ָ#:6Txvtˇa%OF#+v0g9f;@ws
i9bGmUKc)-Cr4HA	Cb6W rr6g
cݑR0b,5qkh>(1bpne~֯	>64;gyN]`R`OiN":Sw-%Ap"TI/t{y|mG7Wqz5>­8HЌ:	 `^1)Pb~.)(pv)xR0`
g*KE6CM|(#eZ8+6y3j/֐F}	[Ox:sW-$ȧo<N#' )?JS@{݀ׄE;R2YG5ڥg=h&CAVpbJik#bk?E!*Bc$&Ř~?G$r3Li]5_,*%̈́zﴨsXXVjՙJUsos@π"=fئ58.(ynaN	?	J4|J(aHZz95}ϟ^?	nSz1M#D)!^=̓'\0+`ctZƞny""`pnQۢ=a!	{ HN(L㤑rw+ǀswAV0kE{xCTJFp	E+l]_G{mdܟ%lɿ:rn zXV}A3B4qottbc՟_axa FZHg	b
"16+B?R̙-Xi3XJVeA}!U#'U	dZī3*.<P8`/u)Zulw=Nǽ[?*]9nn5J<*<J㔓1=psu pbHa9 p}!*
Pgbfj8L27K`mSq`ꟄXo*;qEcѰ~@?&
h#]}/^+^ɖ)BV#[*~?PFIzu/\B=5%'*m,5v)*mTkMTluTe?d]ٳp-oFeI<1ҽ-D
{;;_=Dd?PF6W|L.[:/yRnx(=6ӎ31&TFƑ6s5S<bPewQB"[xulT\sgघ!_?eJ	ϱJ 'pcIb8{1NόJ:E;حTFi?tjK߾Pdi8W^26X&3h(i eW[lZU25	afuVnT1bYíÉ{g?kI":W,҈bx<KXnJPF}}d_E?KKnz_φBFAOLQc@\Ww"Q
|oĖbl1++!i!9)؋mb^sy&'kVJTmea0XJ[E ڳCP?n	"}Ymk]8	/.h~Loˤb:v)coAdiu~"8Ё}v+cuE+Y[)u
RgH*o~)ǻU34悗mwŊ|I9a[&W|d'ۍc	Щ1@vjW	%a^q&$>j$êN:4Dl:@$g}1v=>=НOS0ɒdhڡۦHLyhJQ0ClvtVX9Ld!>5'K
狚t;d 2b22E#RFgV}Cuj$wvKH_JPJn+\zQ'q-o:aa[L|kU[
SE#U80l~rw+0R\ŪEٛkHXL+Sf3&ET&9oKk!l;L\	7lCuUu_tT:q=x	/!+a)eB:j&T5VP,l2<Yugz{@G^S'sCeΦ3Y""Dbd<ݡK0۴CNNknp{hppOdL~~0vSgx*{GOjJR_>kO#MVK_%^bCh{vW(ޟegFb@'֑1yzĶv-5bPgLh^12-|wB͐>[<ym>ݻaL$dr\̐ kUb{,u3m7'y>̿ŜJrk$ϭC8 d޹z8,+9>@^_vLHκN?gxYx#Uh$˖mbk$M|c\T7Ȧy6`{<	ޣtۍg$j}P<414ZܖW	r}uXzFW|tklOcJ+ Tg^XRzu2[u:8S?#/>(L,Τv~0}3o)x:WwMWm~^4'Y}gdzdB ۹Q&(qR>nBV 枆qam#5օˀ2zr3무\q=`?׿.:$|%w:")h\tr/KP/4$7k'	=}VDCYft|P_4-~p	@%DAʅgsy-9,'act;t006ɸzAՑeϿ@סɠMf/IMw꺰 \_-»(7֋	K~^'sS@&RYlڤ^g^I#aļ>ZZ'Aqj{2X3/
܅qLXQr	,z4ShiC.y2ؔ\XSuțxF]kj*U^ld ێ q6i{#fV6Գ1kL<lHoeEFYj<PD4	~ C	-y=/×eƚ507pVW EQ鴥yp3:yBA 	Fk/%}c]`%nʕ#!|ؿxgh伺ٛj_UZv>G?$3k23 XVC F:O4w!S29^4~yPXtm;YZ6;a)ڶ66/>	C4x kg_QUu]VT:U{#_ BXQNr}<G;"-&QN,\و٪n[B(B\HmreL&@"NVZGxEUѮE;grMa}P@tc+F<ٺOqD~GeH&.;k5ir*
cBA%̟]^bw4ubM*{L aZ;^|aK"֋a!L}RNR-s<<%I{^|'vX{D\/c=	t|`(Qp=W(Tx3)P~
6
H6k7!־>>د񊙤W-Lcg |3됸K$fu,)
ϣi"VI{U
`;
JwZL%' 4@
u-W:adaO13qz`ݼЄ'N@3$܏#*~ѕ7lzy']vvp-=>_Xy>0$FR"pWHnY'Lf*GWZz+FG΀9毭A+yBܟ#nEx}MYϓWԃFBGW^Αqk">RewGX-~֜nU'|UW%I1>Z؀ALl +aDW`	7Ouf@7q/keayyĝFYт !XƪB	*8@9"	<j>QW?23J?jVqJO!5["VjL1
Z_zH!ŗu_kDvƑL>#_;#SQ,q,a=0د {nY\$.A%eL)3͞lG]<NM_{<)ur)fnU3ۄ%@u"^Ah1vrE_*d́鉓n2cF]C?janLwޘ8nbCsbuei|jh`O%6"hP}pJ-:S9D-/!`(*&`~<sՂIU1)e`#hCDy"]Cw<r3)SH_M.Ir.n[92JʆA^Q2ľFDo* y1R<pޕ S?m|=`;mV|6*8g3?c|u樂D2r`2hك8
b$V׸Ul"+t|Z?WȽnV67hcoY"C'TM?%D"FxL)6-s,i'=,-{*;
-#hvS01Ua*{oh6~T`r&F'Ak9iLZmp@yvKY7d
sÒRƸ\QMٻ(BFt?PN]	#f! {A/%-%qҹˑKtT%R2wr)I ~o`}?vMO.>IP=iv0_s-S7CwE21Q 	S[ɧ6nP7M$|3~'Gəkla{DKօp2\w0b; 4m	+Fo5Qߜy!jNzz-[TG vc24~964ͻ2odkk]ⶬś]WmmOt,sS
ߓ.m5;RpϛW$`BMb\Ckg 3Jg6U3NF=L3Pg'R]L~$)![i$zG8H=oClSD+AyOUX>V>ү~WVʌD.')>-FDC[7[Dy;ۖKֶVe]F,]th6-J
}IDQީ),Y?U1Ybe:f@;389@<Ltq)DOg}_p#]:m߽uh\iwI|A	Y6>:WwXTt͉/ڜ9br˺?cKBѓߥAs>ԥ?:3{\XV( ;!y~`U9iSBeO!*('^Z;tgRӣ9=PPM##ŉ-V+57QAHM.vt'#+,`Uu$_9SQ"<H2}O}vƆ&ea`,qqW2.s@~N)3p݉6Fz-mYoܵF)j5-\x6'7^aqW@q#gD֠^f7f:%g-W(Hn^.<Y'M@2uli](I#Nb^,y4`0W/V]|<~V^[R6eR0`'Zr!#y31b`K_kGZP2(0!,6?j3u;?Ԛ%k`ԧU3ŀdQt;gWjdr;De;2IY7ѱƈ:4>\_9y)AbCg 
הz05`+rlWiʕQoͺBTܳ 3QDط_O=U$\n!Ac@5(}:jV^=!md@e!,v}a_lB^43ߒ\h[YdrH-A$+)6FEbQ9.Q;ťz:r~7Q>Er
Q G6Ig`[L˱ǔV>j.x Lujdv8,ʙ/<
gT(㎙u]_q=
gPĈ8{X%`-A֐*#i<Qkv8L-Bg3tJSx߿ \RTW]ڜٚ?:ve=ۂ>T@h)#w3+b˄0}t=;i H؝@edkWL0àm"hFB;up1--52xj%:)ړ$f X$7[~(UٽvbhMJnA"8~_aA*5V4upo˺'vA=P"ĔX]\_@]ezV?߅"cT,.8^Tޢ^H%T9x:1_zݜ,go'ez] .=0\2(mK]֑R8I<	7Ox.×E,0{6!Vh8
()-*:#fQ=U#Umamʨ&%cKNp~لh
Bwx[#\R"9~X6Mw-IZB :Z:/F$Nhʎ)cy {kS	Xf4 "6Y__qG<IXc?$5paY5EEaL,W:u WSKAk&@xaxF4}ߞpDEٱ	/JAvCkKoiygRyVU&~RݔJiҾjNE')I=Ǎ	hYLvCt;mw1B(I}?w'Rt09xDSJzvKuѲ$П+GD!حD$O@VOyT'mfUؔ>c?v"kszrR	m^6}~W1i2AET{A;?~!\7LYsi5W2[I<nF?TzזH7[pxvd_UlUe8HA!deͷMw*Tk?ʒXF:SS`Dר[lXex5r`n$İCɍs4l:J?9< 1Dqb,2 @!] z9i|h]`n\	U	w/jo&Uԫ߷oȬ`-W[a\tb!xxL;h9p:ouSfm;0V0Ԡrl=$|Sd6snijgY蜧!QUUb^;6t\+8	-nLٽw=O GKDvh|n5zwg1d[e%I]\@I1<ߠ;"$K&oN~7~7q*z@m7E * e\R-x*5Zk#Lg@M
mN{A8nbH^.ţn+ {3ewY+EMF׀?J"!Xhqgfƺl|H,ٸq2N{e7΍^D=ъtCJL++);bq5$KvȬ#q'NrRQ OwbgeT?JA>c6_`h?uLcz?,1nߵ9AK1ZXukLAf)PL	}g]8NsV=_q<Nkep/HPQbJJ6zR荜^Dԇ=
Lyi*IIwr7Y(Uf%	{j1r@*fcs$ݲdX(ܣ(@<кCv#?+;'MXNhm^lĢȳݦ0g'#3"0-ixxA==;YvDpk@|J,-,47c"| L~T7hr4Nh("xUU],E<0{سZS
C`P|
yXNi#9Á=RP7ǔnэ]}ٺpXVC?u:@DTIP1VvV[L܏3Y[	b(m"_dԒGM#``mSOUȲ]P7`Peڷ4c(oO=Bd@II @)Tja^QxօLRu֐U:*E3¢(
w4$kh=o鐘tNTőr~9Xr:t#6M@<x$DH_*{njO9Xʕ7VK_ő|<ݒrGC8XdzLⴥˊ)8UǨ!*o};g<.yB`p1fuLRJlvr/'Dyd! q܄ ?b`IYݑؽTuJP@$Eސ>	ut2Y )WE*̭څe_ss0CK/3RD_*
[N\p]h\{+ycU#ڍƚݭF`^|NF$Of*0Aw>~s$w?"."6I|jCI		a{
tCMܥP=vQx߾
-elL{\$F9 \\h5lķ19
4w2[eq]A.E|ʟ ,Gzm-P<JQA(	 э̩j uA"OjӁAͪf=1|,`k/ ͋ǹS`#.5H 0l".-*vE Rp!qET-- hf]l%x<+m<m6i}i+n%;0|lm)I!tzb@0FeBgCҰ%tטwSO`B[0P%Idpɂ`k*&e\
 Q·$	&NGw&Dngf&	\}FZ4枡XI5u%GP_2J
J14#AoWm
15r_j'aWy*CUBqu9R$Qy{2oߏZ4[FτOȔ{)OF@^^qm
bb4W'~AY! qLg A
Fˌ03dDTC2Y8c#g٠Wii_gs568 F6ZF;]ЗddM]X羗y}n:sMڱƥf3K
/ƝfcrIM+eF3xW+L0 vb"(F>eaqdND$!1M*@X;+E\u&r\7in A -nO>mkw sBE1IG6!ǁ*m`ib'1vS<Hm10fx Y#;nu|`oČ]q+ 'Ĝ޵ǷIڡK(^OkxWO,<`앑<)Y-ZaX$:`26-+rg:#ȫdPHJLmӫ7ψ=Mng*)H*Lֳ@3S'.B?LTJUaQ!EO'AѽC	`
7Xo.Ôj?s>Eq阪#bw#J^rt5vקjf]d񵍖N܅nƥQ덩D"%5x)ܖMZ^w,|k4;K}2.54ia].G,qk3hf#  ݰQz\%EFqU؊F!XxAX'>Gop̷@;~;G>Irt6|ppƆst6KYL0-dq=CNb6&c9-mXnQRX]/mB7% F$mӖNڂ[~ewSf_O> .<Ou/r2Q(Oޞ h$Xwwdk
F^'OcP\G7t[~LnkbX/.$҃ TRGc=!ɉA
\[T;w̏-N&?p4X=T$I*1Qɡݙ}EDe]BW/o"x99akBs)Mh`:$ORWb=݇tU`E'ݍi}ђ,yJb=S\cw&^h7"$C)qz Ob$n&^^i{ijP4dseBD-,'Nky)o7qۘ/ ;")vj_'Oz%j婣е~9k<`R}"Qħh!vϡ.%-]9C8m#KhʚCt(-gK~q݁]>-4yI+c֓EoΘ'=sϊfۍ^M}!ʒԟ8LR(Gr+/	FX\w8DņdrwLa$1(ُ]f@L.C^F =lr>'}ۑ>/v>=HH2u8;L?jaH1(<&ȏSu} j}C(KqY1GO[-"$Db(ӼgQy}YY`OeKfķ(O8JDU{ۂL\1
UKOTcPnZhOr5egr90ȠDXG}p?7[_iF+yQe-'DTќ"[3Hv9!a+_\V-vML''7wK?A˫Ed
HE@6UkNyU-^vXbC*r	LpB>\oj?LP3ziVMݓ\J8*\wkHY/	җ☔VIЎm{*\L6ooI%Xr:cCؗ_"DwH2AC&^!ǔQ524`".nE6_@~)/3hgUZɆGIj	`{F9ːgZne:uEbH*FIcb+ZFg#
3@jl뒶+dzYzs$Ąv
8?Cs+d'%])ң6@W	i;EDk	#qUP<<oqB<ٖ
5{)z3P8Z4Ȅmr_
Wq趵<Mɺ!y/2/se$8O[, OΝ*z##D!kٺ#^c[>c2gB~hJyť~#sub{BQ ,dC6R>r
V\1v=p#ð՗֢ 1@8ʣ܊4O  xwbt|-/9i!V3<Ul|+(S='p?82eL)z0NwaTǴBG89OQzy|27]x^`яvc'D*ۇuy94~zFkm߅K#'Ѥp60Dm9fITM@8Ĵ`jy{CpJ+KtK؂ia#
 tR	!U\¯MwtA(ulҫ Pj&~BR뫞LǢlͺ(}ҩ`u`ZP}Du5^	(H{Hߔy QDĄr(jST:>͹+x%ﭮmwh\:>v| V Mbɓ܅"kcs+.XIrc~k.43T/0*D++x.{hsw-P$:w<`({ƤJF|y^+/]*$j+t^ YO"7{Ct_by'bfnxNb/9OJGV9%y˧=kDcq	V[d/wԲ|ݮ޾$e
@{O.Rmu
X7?7N&&Ҋ5Zd~˙i!+MlȌX"BdƧ;5c9(X6	>u:عݎO.)V BԥnOVp-oau9a(y=X#PRǷbO07GUq#*{v')W	ر_CQ IlSp!!0IuȰ/!wC-pqT Sۘ|:*H'f;*N	HzGec_b@6:]R^&Z:D8y	Ƿ(2촦];9R،T+nH% (J%{#%,쑉ng3:Ay6uKKq=a"Ę	k\<S9\ϞUoGa+gAGlU']Q8oWvO熞qat%jsHևB>_Iօ`>퍄J2xEJA%pZgK+YPʴky)e#50UׅGoHwTcYrEAx`2-n)ço*͕6d<˳-3Uүʹ8,a-_OM+0~bX-֤}~<84㞔ͭsav5+hQ`J[{Uт0sODxgod#x?YɬzPQYPbӹx#й=FH:x{ˑA"Q,M&DUH]>FxUE{EdH}_'F5`};\#Bg@/%^ fGb˲yt{ac0FGp+_r!@-)b4{
"*Qk&vw1l=u^fDT/G4N!."c-]a2e&?Fvh~ؖ6\ĶUew}5dCIK,KWQ2uF;O#1=|5į&}<%81ٛ}]4Ic/gl?[LYܪؾ`u,)Y[ĵ(VM{2MpL\Eyw*FDg\x8_U(HN΅ r}1*FެC904}CX/x_b9ϊV񶛘+'tLY bn7Yla|̬"~TSnC$}[gvRr{F$h^sRc[[5*W	x<ؼhe.*z5L@*l:W^hvgOW7%DT$2ORgj?" 
ZۢWh~bjnp?x8R%ėҘYLxJ!F~D'm[8 p־4{3j#W|خ؅!.YGѲ,V2_JK~(cLD&œЖe"c[qIIzl+6F=?S&4"xh`[[\Jh@B2LT4Hl'I(m5H3,}"}jZr:
I3.a6'2طD;zc`BPKVo,:l,']IZ%e!"> 70-A(<m[L^o	gth}apnWWYބh9>1+\E2u^-5"Npd?>"-}/n7Z&.]i8+AuV,UWK5\ד&zG-PW%QK>PFaK@T/а3a":&ύ# r90p;fBPO]<Kآ*iz@`q撹J$\x_н}^<ͅ(:eL+0pQXC΄T;xixs4+-NLԹٕҜ5tuV$MkA9Mu=.LO>+41Rܖ,kC0^s<e|PMx8G	|^mߛi2Gђd2q&YUMBDx]e4%-\;Wdݐp_HФ+AŊ6K`:
>$?^>1I5\:yΒ#Zx<ŭ"/Edi,nXlstAFkG$tg.]#WU&:+{"vIPdtv8Y]]虊Y3{̋d_̙@[@t=k#vKj2|Y9O>KB6܃!pZ2=ao@޼0ЂCל:Bw(`-YX<i7<Uz)Y\) ~Tj)Uט"Wn,di}"J<_A^DOjI[7G20Hn˾vvi!]3eigÿ$#y9WG:"Op=ˎ)WP!tݿR]gEx(@zp}t-1\ہ^NeekΑ<9ɿMwOth~+@u~%ΎF1iX6c?k"LW7z[_jqez6QF::2ˍV&ls7Xf7:HsON|ȗT2v  3LEF3Jz/jA{mGo.+ .|	{q͞G~.sZs[8>^ţVW6 wEZeHS9^Q_ 6<]8Y<+J^'J1Rb0c-)uqԭ+5'?-DבeO~x vdn2w=r?£tK&-{T_zVGTtoQԄdIYHmmeB7|	OqNK^l3{:P.c!^c
0M퓩j֨ݑ$Oݜ#qS}XGvlBڬem3Vʃ-y*^uoY}Ƚ{cF~j(cvDs$beH%JKuȅNj=_쌤]I"4p[؛PB;Oxc`w*!妬2>1~냱|%a0fwX"	(\`qGza$a}+~Sz'\u80U*e' Q-zsDm--G>^pnO%_v-Ah`m<OYĿ'(+M-2s.OTA!@&]Aƨ/Բ{2[a W"H<DXkLRdU\+
"J3Z;yb4HԪˊO4+thc^ #Ю3fyn`Yw Q)dZy9p⎟]t|`ꉭLy_ߞ-I3(|U'
O5׉v>"Q1"ڨ~ί9ľOzJd#>~ʎ1(߉ErJ9䖸!<Jy6|'5uR޺y'8fM<V{]R~.Y1&I^B%L%7V,4Dgrt$64jmg#]$k=hjCxXߙM$۷&lnY	7u6Xh2fXBbϘO3,nq`:g g-؂-@4<Sex۞]kAE,J+gVM>){<3įE#f#k![/UgCeFr5lJx@>$:0t̅#ў6g8VV̫1tԘh-c
*8T*_Feuhudd[ǩrs*Wiu|xwN&<̬8\HC,ʯi3&᾵`AH~,FVc#f`}33U0OU*fjOwUt9L%<G^7rIA$< P??=48$mik*9y	+&䬪cp;woM%gwOFMoyML !:+!ʂi1 tLs7{3Ѿ/Ir]|wq Эaۆqܸh ,-+'wj[h7V}|(#D5c0/b˒Y $Xyqbs@`SEp3Dkp~Xm[*cQXxЗ!O3C_yyٍƺ9~7h1,MX)Ǽs<D9z(\E?Ͼ^@jl½7bZ𓲦:
í:jpޢCyOMХ`y:tVo^Ëbv@N~	]A
"ZywUA%EĀ4zq[> _ކL~$]̰LĜAG(=yLj.}I5pJgdK;̳z:FNmCHֹ@8)[sj녣p6c`OPOh!c{jJW|p#\F `N8Vl=#vzwmo]HL8VG^{B=l4$SG؟g@͉\af<Z;B䲛k.04\#ʸmM#fF6)zG;jTNY#7T0#zA `6	[n[PqؘD	 =U"vvh]՛Ͷ|C4n}PaQ"ZPۉAFe3YtepOz.BPv 7FBęZ_R"sӷZD i!zfRұtf~ƓZ* Zڍxԣs]'"qiamtzkD
צk6N,^TiY[N
*V`H:2a$n?m=[%9d.V}y/>a
K\3QmdڸPᓰ.9N&9/f5,$ɨ4OڍyB7L|m$0ġǆMQXQgǺ8bi7rULSu#"DFADg1Um&~Zs%b܂C=8S^.^aZ:ĵ<ss5#>'IENڀ'ʩ.<1`F/Đ2XK̒$ZyNk)FYw9$-?"֧=3ߑPZ)^Qu:[h3W}(owwF!Y(guXC hLG0}.x҆t	|(iI*\]va[qj}pP#xbM<p?>gfA٢m%F8S
r4onAk[A0t~*3zRa<::瘦lnXؼBkh5O!(T)}
7if3|K;Y"j[hu,il'e't
=DU*U,qۑؾty"	T(=~$';\ p|7.>gUk)Z{E?bT9@$LV/;i=pax9T4vYVyoʨ'Zf,~ʐ%'
_ucK?Tg7'?U?GIk/Rz q)`HʒZ	6%JR#g%^;-iL|	aŨGQLЉGcAogsTNOj&fYv?~9|<d}#7N)siB;_-s-dKn-Ά3Zx\uf~X([vzB,ΟLɵ}RߍOO/z,c%E8@PﷷQ-':-eMqvX00Gח;C><kɈ}]:ZJSiR.4~JE>[Qw`bN:pg~xצ꺵?P|%5B/ZYd{|4'=UQWR_{T&5j,/tnCPŽ[O%[&!v&>UmY+;2S8;*ҖMR"1
ɽDNbe{^</b&{q}|[D,uV/f'LnI74COkQk! #%K.r3/iFݧ.hO"{8DXbt p͡yg#6y¶F|TQБͩ]ʷzPtW>]ВΏLG0Kz	lJ ,/z3hPlE`lاr,#ugG䣯$3"M>!4IUyY}9lT ^+&
Ş'
&5srRe`#uޢa;@RO#i(]uڔ;.n!s=@l}F8N3LikKMX|
@
DQt,3Y$̻QxjRi|<2A&_ΰ/z{B/~64޸i5s]/Er(8t9jR(.'!H3(msT}"#pf\
Nc!pAHIהq=Ru$B>ي}F>뱤 ӭ%LmiwXF9Mr8t4ppM>3ۦGv6o~ 'qc/M"q𽐮tR~.^	!薈+"؇b_}/Jp큎jI`HЯtlCRp4B^΁eT"S<}FKX s+>`Ym{_('i^IFyryEJ5F3C=2kS}R-DUNġ_uu*jAt<6#J}I(!m?7ia~Ur&xn[0d bJګ8Z쎝xMw]-{##d#aќ^ҫ@Zߘ/=5PǴ
KQ
f
'6j9EM9zʀ+$_H^0i?w+7*wW|$Enu.l+]>\ְ߀m¸I
#%2hz${~ŇǄqGj@!05cl#l=6R4fUamfG5JVy [=O/c༻;ΖH"f'q&LX,S>w?>(	Qmz\ɨRo!^}	C6֩dkS+Q]z}_QbH^9V⬟o?Q\5DQϒt@ehG-h"yaL<eit'>
طAT+2H-0]YW(wAu:H?wt4~қ8\áMhwĿ^Td<hPh>,ʋfn16jr'\u3` s_Taj|+)H	QvF}1dnQGkSiQk{`%ҕ7r7 Na?Q,ri+;U8fu,6ǹǇ`"kkOKx#qi?>l#04OWYA#Z&a^_u",_a44{3%!E'ʆ1ڈEr[~H(ZU+.+vq	D8vSV,3m_]Ѹ!fcM@C,{.J WB{ VW=rFNxۢIgyw_Zfqkp".Q#V/뎵!CՏh}Dʌ܆"jx\@mޑ -qzKMv^eFj~բQYvrP8z˕`y%	+.Pl}Wơ;}wکNrEEe+{+ i5_& afz	9o|~7O7_=F V-i7K~֦ġV눰߆͏$s14~2Yp{[R LĂ@]|Sx,,>؆GMq.~̵ɺVGeHˁ|fPǓg@".4$77x\aln8@ӝl@nTezMy:4YxG|4;jلmKuuڑB_Q]X5$xLK/)iQݟnJ#Y{&I"VTUp0@:!-ӑdC/^JrW^?}н 4@Er?v́{G3wP:7zdhLvmS҈H ϐ-8O`u]_q^xC:MGG%\p߹~~Yg- ?U)xtXHZ
m"U*gCE!%b/ʽn4G
@7fJZsP^P8s~fzB_g9kh?wd7d)Ϸ,lP4SvиKIKuf>kib!yFf/6%m#34DVw4;[t5	$:MN.& 93ǝjQY;a!AKtnV1!;[eSh8PK2x.?j>QL)a߽1.}A:Lłi-<?ٹsÚDm{0#6>>20qI{Oy3hV;]{RWapQF{_(=]ZOdouz_حFͫo%T:*;|{Ō6<nez8"_Vc	
&=99+$żgՑ(r/w2֒'\=700Z.!*F`IQ?}Dlx)},KZZ瘸2U$a3/"7 MdqUHyٹ`eXocҀR'wb4E~^w$a8D9Ɩ3K岕(-O"äp?SsYIa|w`Ȕsu1%JE-Yt4M	]OirQ)rVj!W%0,½dY-A
wlyec#~ff]%c+3d7ZU-Ƒd'kU ,{Q`	#aּc]j5&/-	:Ǹ;7h*ZH1[W
t&"@F ?LDA}T%kOqVlb̞kyyQSdgfMIgDq0=s[	]g	d2+Xߦ՝`3n0]h,<E0]coT.pPaB_.(9>穚^/SS;8;O1ն\lz0g:j1ߥ3M	fI*-T\r7QAwSotEQ (wgou9	$p3=/qHMۇ˫wsV(:4{r? M+X]XjjUɒ'dn$qyE/~עkjW(1 )g	Iʄˈ7-n#KY.etH+UޱҗbLq6)
JIZ ez~*jF} jd72EM	[k=Xu{#zn9؊y0XAXBhA8f/ՏcX]fi+RS~ŀ*s&ف&!El7궞j
%h}>"G%k_J,Fk${g}<]Wa(75P0N<r/E{z@Ab65^דcNQm\ZhA^;1:a og-QD;C\V#Jzc89W"MNm!è'rv0wRb&iC>F3=FQYjF%W?1r
Z!.LjK?nzYIhAۏ5-C`t)Ds<Yaظ,QQ/<}9-5hdh Y|k~̈IC46a ά
!8ppf&:.~;C%&dų%V,Ɇ_ߙEA6^*ᦜx%[l`ftijJBoqBqT~B5s\L4:`>w{O,w`IFdWѕp,˕qwYrɞo
{Y]X1w8n&?ﳐ0l`E'vBPz{xı@E8pyU֋<aⰐHYNC٩.ZWT7<!Ai~̫5g`%$'$X"+(az*{B\ cJeݛrx	EnjjxUL6^vk9=ς9e^W]#麼m0Q7lXJ3rٟaȆXw@pqRv*q]-z|/mi%Jɧ`T9*>AAm5 0I~|8^HV5&)UVc<$d+f,=TvS%tFҝl"n8X͵\*wEKuQ
,=#dک.*Z/nH@#D!Z~Y6d7C4O\ٌ^'*HgcA%;.L$u7~Bk,}&
c_;^j,&S] "li`؊;>z%ZЅlvG' (^wA= @oPw
oZ  d.eʙ O4%?OÈ-M~K9Zovi`ͦ:;sB&+y8pIг{>}H]!yW:ydwpq~`֐ǐSDia<wrs74)뵛Vxsťi(<Z"Z6Oa+Dx.rlw4[ԗ("x2fqFxaM	nx@AKͪm!Ŭkn3Q=
K+x0iy,u&LQy?љZpK;
熄-(gd_+XҪhgiFC;DaZg]/m=_[Av`j\^	ːjf2bV>Q.'f|UVGK2+䥡<X57P㇏*%gxV|-@qy\AKnqêt3|9`Ș
jbfr  ZA! O_V$xhI̱pT)Y=;Ksf/vRʮ^g7\B;MGcΟPŦڋOEO	k]r1Eo.ۧ{bmW"׽t~N(0@8)ReTi}]~¡3ȉ,uQY}EwfS1#@^Om:\W+q?Ugs&@NP%aÎI\Aߴ>FR/LqQR^,C,3V}h7vk1	kfC=4\{iY~q0sĉىL+K/v$e?Rc~cAM?} 1bzfJJvU%;p9HFS1!ԧU=֨ m\RRI5 d(>Ɗ#Pːݛ
P|tX&^+:Y|4FGZ)LR)u5[3B=O,n8ᶘ)4]
Im͞Vo{^.wԜ	i@/pk/}
;(byk:xxU
eqCRm o;|3~=uU=ܹ3h#DUfD+L-)N|X<5[Łc'sNdVI{Lח$7hh*ol7z#;YzlV^Jo?N8CXȨ[4bŐT)3j̎M26/+cw'bcPճ'oM Xmjbsv{ğ*.	r◑	^ʜ߉عƐcE7l$	QOFa`$N$,t}ڲnQ8~?rv[˫ش|mL&KV ;եǧLVˢ?̿ 4=Yc4/YSНix!zaKIA9^@,^_*zU5W`>b;G6\`͊MpQ2aazI;\~A@\u{e)} %E_23$	W}}/PSvo-pL9! އ`Lj:d$.g3Dė{ Rda)p¡- TMO:˖%#TLnp<w>]YBP\ZCWY3xp]fR6u2"ezQ2Ku5.k*?ITY$BV܂L+ؤfPs"-EZ8nk-;E:CHh6tp\son{'[24V"ͤӯ$%xD\a|y<-kYe|Qz=UQ
~P(˃#*/07Mqu.zv?)~i:
3H
6$^"4KZEtեC h!h@%heI	<nί6,*Q{y,XlF3Q̰P)֓b1g4:P}]$>Oq|xJ:C8{k<gyGHf|iojA4('r`TٷOxrXq߱T66$,Qm{KLcqWҝKAd%dQZXIOFd0h']:<f#Ů03|>TA%8i)ƾz9\I)6?lVrb#KՆ35!;v+֦F̵^cox/:%ahUJKuBlÆgލ_|غE><!=f]nFϫ#b^:eMwldd$UdH:PFkގ
Օ	p'4 [2q!]?"8yFqɟFy]r	d!irAÛ䋥7	ZL?I8
$nkh NvE"!)QQXr@_yHMB毐?8&m䷘Tt˽&5V}P}@GOm3cK[Kx%/e6}c[c,
ҼS[Y u f$2+]TV4j3D$ q3Lޤk$Ӂ]~isdj
ef8xxT@yXfinױ!G3A.:Iv;ڠўU9e'twxjYCG2#^0Va`1ܽVSäΨ32>m= 	k,A7{ÎhATG[uyÇB{Ecǵxm?oȴ%Rw$hm:i{Az󓆮W #N߃VwMǡt1qU+9/͚ndn7Z!ox6zL;!c1?ع:Z7UT?rpM1nD: "_`=67iGb[D㗣=aJI& !N%+4fTU=Ь8*teB
/|J3$C7tL`tD6§0/[qtS|\W2Vj&%p%s?>B(9	$#?%kȮY- g^rXU	S5_S[#Ieq۶FO ,mLotKP+hɜ#}?̌cl Gܡ{zHfb!O& io$:d:̷2ESwr`Fs%o"C[ruݠ?GT3V%^AP?O	jȖdze jj:y	ϻS:G ex>:)H23\w.,FlY6wzJaQA.0佞5b)Dlu&F}
_*O[W0LG%58,4')$@h<!U}kOo9;xBX:D]1&gbp$>
TH_5+hj8go{0%.-N]gygc_jpw,%{_nX|ͻ(G4+Kn~CQwo&³ή=~nF-\a#*CFjaZ!W0oY>rr	b}TXTԛQ^M(Ǿ| , 7MI4Sz4Xr$	NcuCV5}H6sR
Ы*^<{Ntݱ#iO$W̊W<yxfK.
EQ葘8oXz658Z];=BQf?pwlpXOEí*K˗䯫gd'/?4y< 뛃쥨?r9RH/l-U/)%nH$h	)*)aܬĚ%Dw(HF"DaԄy{p
bͥZq	erE ܽdC|0?T4Go+Q_@<rr#ORؓ^9$
C>mic^'H*YMuUL`q]P%ydtubdBn>kݪ83Q'p->Ht!JzV,^_kPu,3.Z$	"'5gVףp(|YW_&2xW'i#vk;M&m
N
[y*
ۮd.W@&ÆrVXchI	Sɥ5ʡؘhD)bB k lf^PDa/q=΀D	h 5ܖaؚBCu}EتV<ؿ_],@ʡR0伺kd\1c04#/0I
5J|Ua<Yŝ:ԽTC!b@gAwHC%*ͣM^^0
SiZa_|o)&'QǔVǨg,k;cS-޲]M'N.a2:U}vuYS6A>؃t>1}IIC+г~@hJQa,<,ک1#HJb7Nï%Va		Ⱥ>skpYNl7Cve@$Q,">*z]0N_ND̉x-®S1C^9;4s8)Iݏ{y%Cg;ej}G<u2k 	\	'-p E SQ++L1oG/\j"eo4zWՇ=qGQ{WwR1ݎӝpMmp?#[2XhxSD%SڑL<^gt̖,sE17.QOwCc8d)N7u,Ƨ @p>=of5pkuWG 
TxB{jb$pR}K=xz.OQu~#O"ͥ,iü/KW,?:pn'\~X}S0tº}̃Y$kiWaM+_Gc= 8]tLPە^<w+HI+w@c(W!c.P
[DZχF2R0W{◒FSwr68	vE㍆m0w<E]1K~gi6OcIl&6zvQB`S>Lt υu,S*qa2ĉ_ʇ'Ų`
~26@Ҫ^`BŹx0)Td~j1	T}h.L~#{83ӨqI2@z%v᪜){HS}"*yA-!&@CsC_PqؓVH0g3g33W2nA;|FT/Dۊ+|eNԦ9<^_gip 4V#BJ1{LF`5Y.9Tz"('>eh[	õARZeT=PΗnc|~r99*A6@F{~&QJ3L	R@8qPf㐌D8ZŋXqP/}2C~\ l.ๅvcKQ ŭ!ƶƶ!>zj!1vNkJĉ.5q4>8,|d̷r10WRF*`hr	!{L;O1v%AҨ.N_a/}N4 A%VBU1ڐFwl>%7Râ1*m̣.K!nQ
CBE6R,ADG%X3ZTӟHoMq3Bq&IGǔ;l"b>g?Kes,PaVD +	B{GOl/j}j3jbZV@~	e{=# 	o'tgT;-XՋ#ܻ՚RZ\h0>0 FU,WRI/'V+|S'4Ӑ__/_U
c@1Ri	FRYbم$$ǖuyyκ(#k>kD辄G/]]|#B36)K,Rôhab*GN{RrŀnB!bg^5AvOpZgI)0J S^lk5A1spu_R1[f!U,]ୖdY,'!mU	!fAS:bWMQV{IZHd	TjE r3
˓/$JPkh=wVL3,1QHouW el_Ib0E,/u+]M"ϵgN=k,e{vb(O!DEpE+rSc5*BWwDBckrIfj,|oCu!nw\ﺗTiuԱJ/
5߅y1fiXEyte3a]rT)
edݻT^ٲEHms {3!fPحªEϬaFl`!H|*[Sn>]ou<sGkqY36A#!Z^o^iŅ"on,y\8w9YKLPލ4@E{4l)l*:%PxL{5Y[a]!Tۤi7mh	U?Ʒյ	%c<#F)D/o=_
[Sk~2$
g}ĝp 9tAf!<7±w[+ãy)K-(Єf$mePŠ>mpk6
yʏh|gfԆByeFiU!%ZI28Fe-i*F֨ N&pq17PpȞ%Oi1*_Ѯ{OѢ9oW>[w{n8;cnqvw
6]XrRxwvir25}f}͗8qz>g\Od)sn*!:\){Θ8>,{ahpfWxIv|q(~MАHFT/fkl6[zf)? <x|tkf4Nr]`|nFtn(g'JේEW>;'PZ铸WVS1U\+_SCQ2 } *B'֚ѱE".vUwWvE{3$Fҙ>+rjK4OrEzsB	}7=֞p lJ^}-sFHa-jbuF>13W̕jQniLaw]MȈMI҅o{.I|'{k{,$)C~iMBy;rj`gyC\k4FTױ=1g{E%R$0p4+#r?ܙw7>"SIS~:cB/kG|u<EvNLF陘6
	*:^jIxL:/C}fMUWv\kjxn)D`!/8'&FaG?N7VC<F\U3%.wb[h,QZc;2o fC	`,)Yn)n~_a,ґV+A[vwъh^eԞLt`9ӓץ-LwY#.3`3gr)<<ļR~<W57wǒQƎ|P4A{l )/kDӘ~UpصgxEŝR{V <+1 G}qnOØ0J ĐI̩0rP1JSJaCv;͡L-C#R6dwb[,Bd|UgzJ@\ʹቛ*hAҸޟM9Iʏ)ט7ɼ-Y7uks3t`Ǘ-Zrk]^w刖1ŗ⠢osb}.1\@<OjuԚ('`l?,G9R=wl4\!dZ{
1}pVUoQ~)([qF6Kbio($¿z?cPiBK-϶hgCdC_{2+$ۧaDV$Uu6nB;'غs1ʉ)tB,MЙDwNԜAɈCJ%ّWa,0h'9ouh^E	w\FGwyqS%~g`?H19^K^nZ#t(Pְu{Grf{]Dqƫx-n]3_<.SJ(ߴ4X6f΃ďlMQH&{[2+lNfUO](jIAJ|.5MMX~%pI^2O.;lǌx@>`Z ks/ۚ%~iPO%z]V>^hs2S*_oښjnd勺2]wg,=#Mʽ m[vymyj䒨VN\]$nUhuiVJzt'jgˆ @f,(R?uGʡP:0DHftGp!tnF	>:q*`OO*ՠ<&xnUZeهUS\@=-ri` u&J/ٽ fBhW>3-)x,{|D&Qy ~]1qa7tÈ4#H[ڊ2S	\g=]  wsT>9zqMs[HV,	D?K3g%oSsShgb&XQX?K1Dcg1s^̞ݏ2G@hHPo8WAc͢^JҰ8MxSэs˩ۣfÍIqe)M	X@M, bw;xMź#UȓK؊&_N+qH+ i]A|׹^ק|:Ls}dʮ.z'<5Փ-Eprype0'FK|~kycm*quI<ׇGqF\۶ ܜRVz&_q$@%YJKq4y55 {{ Q ZGT,:.:>aJ7U~Rr۴z'/5ɆC͔̚vfGT1lࢢm^I$cQ{\/\Nq56T8z;_*pvR ;/QH# BZ$lҟ8wH^KS3ɲBHtBwfq] ڥb&:?pj"x)U:д*=yjMO%vpCt?fB $1&]NecZs}'k:xi}>T FP8~vnh g:(V*hԘw<Ŷxy[e
Tn{_{"UbY.1su=۞{!@Nv-UF<t{3J^lK,@i;Ҙ3OѪceyx%J>0O}r1\x*ıY#ܘbx̿U)*Xp0;Up|_mP"Ȍ韞)sG+C%W?xNh!QM~HJꩵT]llR~hKg+q"sW;L5	l}n)C@>9BpX-%o,Ӏ~o`'7V}%jKiW*"铸ϽgÉJQ[~§a(=4e)Px3GmЭ~pdC	@4 s3Մ%9^1D6ژ5GGt9RZ"?L9"4i*PW?P_	/cEBj~heI'	ՌKA4:.(0rfg, MN!Ѵ 	aI7%Q6\yz!<Y
{ryb*FHTU ℝ$Zw׽8[ՠ{p#QZtB
ͨol;b	a۶S8÷,>KqIBtI"}CzZW1rMW~".ցm)7޼ܧ3ajhU<B~vP=C<{dt#dGhrYyD,w"0ңVVf!3,/fJ7.脩i0AWV%(2l %ߙʒ?oUCxC(8̱۫R=(oQxS4}qD8̧V
lhe{=dtE 2g!@&Fz_O+(L_FB<^V$׹AErBu'M\gz}v֖Uk2RcG}94#=%}")	mȠWg֓Tebx>o@+ud+6NZ4g'\# %xPl_E* hTgR2B×O78Liɻ<	iDU8xͩe	Cv$,i(abMDk-<0=%!bDEN2V^>s┥/@#]l+bC~ӎw
&ķ])A9}C}ZE;7V))3ax*@SVk
.fA^JX_c,اQ(AQQ};\kkf87+6BFe^5Y8mEhr>QB;'kV[G0ETqC|DӴ[XuP\P8(d(fmw8igl6`^VV	F|px֋&Y:D=|F-"m~/R%zzAЈn]1/(_jh=Х $Eu
y`PUǍ/>em<3:
KCUӺbiX_Rn+ʥ8;Uq-P;ؚ{FG@.)K}؃fGg`l$2NzaCw/9
,4пQ=yg|Zu921Et5G?}QfLr~~إ xV/bŨ-Ps
E9y.T<6QA~ӓdO:BA>H9[ga@}g\2 !JI]~Dĳu]?~vQ/cG%\êd8*+I!9X5 qU9NgHr(p^с*|!j(Yוqfz<3mp&FR@N!{Iʥ="c}8Zv/،sx3s`~E6cK'hA!ӞБ6u*QВMå7-+ p;q"j28oB%RjLc_~ƙWP1>Ge?x?Jg(
㟞l&Tx1A@rpgԹp%^I!:e$Kh_g[}C	H3߯V&$[~瀇_z;x&4g5
層4#ȪDj."KR\]R-Gza
#S^"t(ZU,=7m;u~Oo<Z^tbռUN㒨XF	SKREoiĪQazNװ(O,V[]--]TNC`2/k1IXK(7D7ㄉ;$0o~#X\F%$-`szֶHwhؼBl.H--w=˛B%o]Aˎ
~Yc~jk~S5Mg-@&<A!doiV	0	&e$5̔\4` m>L/fow0u7\0HohngMfި.M[:'D]X5pM\e+URHz?6N>b 5׼YU~7JS.A KW
XC
R6eiSdpP6d։?xDĦ%v`Wͮ:$d'tt521 2g5I2gnEܩ5|c)E+,֍qmSj8pQcǬ!^7CnN4*z% ЯᢤZJ=o8Zb\jBvU-H\{fy+J!rpрÝL3|nUghrW`}&i{
] ]^4;СT@~+@Znz\m6[*ds;Wy,Ы)+\)̋_17kv	<'Tg娄G\<~AJT}>6]\Va8p;'j'46,C"6MCK7fu9j	*s;n{ >8ehfFdmZ-hyلju->6}f#O2=$t+wC̺HZPlE3>A)b@Ym;A]&ci{I)!oDhX Msu_XY6s?һe^T>J&=<͡(X0&m_h'o8AaGsv_%w9KF|lh]*S<(uwFAuRNQS 9
ipSR(e"YP*^&+*f\%b=H9אF7(O[~ƀN!x8AVwh x_D%;*|Ltd|tgLz{ϾȠI򉸗4{PK}sJ@-2bBu1|L)o5@S;܍VVH?b:Lsp<(mw3.uP]iaG>3NMo7hhI3\/Sޔ-pv~"m"`g
}]|TNry̥ԩY:>u_J7:x$>%OB
xLmuqv
8xHؖ)mWWy1
6O}]nc
7w代l`?P< |G^%0*=鎧}U"C_,@͠-nSg㦻U$t;rܲӁuzGENu%ߠ\[# %8681Y6ܮ[*f_I׆6a=	)W
;ϲCE1T=!:u(7ۣI 䒐Oe8PQ )wx,jwe%vd1́N%3UY.w0O؛q"i$_yր!ۥdWy _ׅL|7=\?ۭYJ!Bshs"ƙ^w I5 aЭCUrѥֳ,[RFFt\Tr~4S.}h> +gktfɨZxJj`Z#|
SySm{_'(+
E^奍lٍˢBV*|a4RЪmWkz |
ԊF88)p|8H`Bj1ctW<'>4Qh4t3jfØS2+!ix%&uGuRĭv<sސ㴓|jkC,a4lֈr#(A.h:ŜcRI3.-)J9j0r1%oڥ,3h<S`;qЪF(|x1&0{Zx;銌E0@Gp2V{yUja%Rnj&A/{Ͻ+ t忲9?L^	h>V a`u-G~,);)2QlݛJ[2põm![_ϕ68
,4@$$|t30rJ 4:r5S yp?`8smQ쏅jO&ذlP%\Ulw!RtC"..A\¯gJR^]=Jn2ϘXMi֟7dJ~Fgտ#OфOc̽xOo{J'ҮaTIW&3>S94PsN*?|i|m#%ԁz]Xl\饐4T</`8r#$iiGǾ֙JM}w	vf^63;}}u`^ёS)jw7IҞX{8<"q9`;XD2:y  oF1BgӀ&]5tXW"Sٳx_ƶd}8tb6z?$
ׯX%&MXpg؂w=W{jAxn}4-vF*-ߕjԛS*	V2VQӁդOw7~Ƌc;,	Law<[lMG9y#yiS7OL-[mE"`hHdv4mD1WxQ{_9OZd5W:PӫdDBSZ 
/[QX-iTĳz{UAl
-:Z	$皼TWHuGs6^-aNOh;2iYBj}}-|yJ
|v2K
·VZQʢ9Ë$0|`bΈW[W
* 9-{-Cb񈏺m oVsY޵Zs%g< %h8|Ҩo.ze-CP1<i9x8ެjdDUWo)xtj5[y|qLߴyp~w[KӖOA!I-%kG>Q$àd:fǢapč#w2 H+;lëYZ.D D_՚`oNӕqgl3eP)T	?
k蒚9.D4O;'Fby6XI%:c8Ky,HkSk#CV$J̛3&VGh5-"G{
GX
s")Q8/RTa(aB;;C|+&*Ф%%ae81[ t,Qk9ğ M=m;NLTUNրs&:yV)wTeҏ<ٶv4>s[Є^>ӏ6J5Pupmf*rYWv2Tp"qi9	KzjIV8lcN8P)]Yi#]iA̻|q:4_94lu8R<M?06>(AmD>\7n|v RF=d=Zda<<*quAY=9*cS*|#*MlxaF<w
(Ǒ.XukZL20(_ qg.0D5LRu8-[$eAC\7t[% 9Cet
˭%AwavQDC.pKZ;We:dNǩr6yƭ&'$CL>Raicu
X57$VR9ȥO\귄G),#_]QXF֢O+,3'=`1Њt|j]~pqz;.Kێ='з0u2I86B2w$ SNXb-.;Ԁ	yD}S*4ki-K?SK$@yK >S<3 m~Ĩ!b7u.g  ~}".1~1QALC+OL]y6;C0_?[5`P5W/iJKǤ<eڸ
"Dd=
	Rs8}&P#$;sziL  ؓVa%:lCb/9+Z#mI<~FL7ubMG6`=U.=S	4jO7VSɧ0<nj*0j(9ʚq!'y]fZcN>Ysh9>(1X浝z/{o'i_!|Wd߱j
=\Dj`cmJg0EˢŜ<*&&l1]<"8;OPh%`CdG0NB@B>LA:RC3S$߯4KXNVxA^t
w c?Kbz.oWc_AQy~h\&+fZ{=>~Nձ3+uuS 4crҀ	ZLU7:5b"̡<ƸW/ }fhkeآk²C%:PЈgsTo^QM=QOe03
Yku88/nؠ%Bu6 Gh!ɎqSNi^X♌$%H_Wcr{oTkvZfyD3a[ʠg"%V>S4	/%Eo39UFח+_x(>Hl;xeA	,v>\1,8BB#$g^15q{5c,u"E"6N`EQUJ!fF&yλ,ӵ֔S?kAivDWVL4tiaJ2}E_T{!/bǖ'aLl.鼅*
NO'n|Q4/Pa*nWqV1KF/jZ>ijoԒxKOx3-6k74xMc^fcn؂OfgveMOs97,~6स3*K͞Ѻ7y;M|b!xcV~wܜڢj{Q<egc7H,!tԶä?%IluT8>|DS#3$j~zs@>z,=ǛmKӏ*dBu|y"vS;YuaF8S
ʑ#$BRI+I@K,崊%=rΒ@&Q?TZ*0ȣʘ_ay&/mYV;{|:u5@WNN@j@jW00ϛil#0wTAņL%]2*B~*ܪ]CcJFb%ތK̽cGqD6Yp^8gzDI7k >M F{=v~SJi.2;%B "O{ 
D'w!a`R}qq0;_ SMG/"n  rD~̒(}JӅ; \wCos*8Ze=<ƽv+oc`+&w_/{Ynl_78g>I@wFw3C\wϋj	36'eҩ~|"U7lbWdI .cmҵSCp.&145Dv}@;֖1|ʳ-rVWByY//pSXwfc7y#yBxn[F)4O:e|  'GcPMGdB1}uu/5CvpUmtmsMӜ)203Ei6v OEZY<ĖhBh*ힷo KD~~PDr$3<UmgҀYTz|;P12R_
%AXWsg<h))W?3EXd&Y$:䏌V#NeE"gP,.eVe(H0Ou	֋:Lgߌx(g~/bPkѺC}ϊ~GSlڇÎ^z{UqK{VAt
>UjF;^ }=%0\S!Sƃvo|M0bX-^OۼCk^7qs3gD=?dw{kEʓpgtQbyi@SMznR(%EZZ	;?1g>&nty.%µ>= Ƶ<L+kg
,%<KJIM2g)g豧-W6ԏnTs?CwCE^LlGJ~qvYTً:Pm܅TIu&ADvrӯD^Bb{?V%RTKS}~";-EZw `Uo	AqP
4J*5u,g(]WrگH"n20ҿ/[+k5ȇ)/ U`-kWI[7  篳~cA#ZSdzHZm ;Z\Ȏԃ O[W|PrjRI:oX?T!Xn  D7(bfk#nqM9Q
9+7IY鋡yKέ~	z̸E0H q|x;8@!0B69KSlNgg$wY8gGUTq.uU| $IE^(^YY&٭(PAӉzZhv=ũ duvm*ߔ>;zwZT%F!]4;ucFJL>òXߐ䍬Ib)gٶ|AVL-ظB~	wm%&we-Vi7<G_D֦FF;gRopoS≇͝ @eeesP/)M?sNB>1I"y5P!n%Y6X89F ÏUt¬UJ򬮩1<ZiE	bT*wBص6)A+ba:]/L:]z!zoG>e*VyNvdN<Ưgs% DC3*x1[&!ߗ)tX<2WR.wպh*-#״%bUى:-mKZ%O)p5|!O9)!?[m-[Ip#7}SLw1 K)+QH֊>ӲɿHtazQqu5!P47Oպ$NoZz9aD@ps45WR&w$l}%O]X[Xe2bH*ԷZ.仂Dü8b(}Ҟህ"JV5ɣgxx(^ei1uژ6
x&Á.$mʵgx20}HLˮY_G
I?J
q_~d݇$**|{`.wpXR	@i5FQ%]xgdhe* JK"_3IFDJkbM~?WQQ+sh ЭrGb^	b(.ein[lQ5SLɣsEf>]t1%)3Dj}MDҵ1EDi/LTfo =2:a?TΆBvܴ 6ॗND8ri5M86M{㫒LTÚ}}>uˠN3_F8y
n \gF!@bߩFV8Ibh '=_3JcN[%ٍSƺK"(/LӬ<-u2m
"v	u/\mLNt K$AU9('-ޛVBz:8	I~bވ^"`R{;\yLUWf2n/"̿L(x|mvtX7^'5Ig
#mk&alwm>iHq\ VՄe8P= x9GZӰQc	[9il.=]4{-9H0xHcq-L߃C¹A5vqE74F,+{P-y2cG`>8\8;]Fl)GrC%ZJj?WZ4A
3aF#Q'T^SxWg?g _+]r|z˰"XQ|=BsNMp*B
]AIŷ ar{-1pZʽk60]SswCEʰOu<x~~5"=dda=kDz'rM*M#>1,,!QAz3I7TTĹ'>Ťl-v7xՋµǫ%7-(5:pom9D+@pI=.UIc%\1AmHbҨR~j,.=1+RY%fuÑbgj\Fė	'@x$;-S!TrE-<!HnNvȬ&3
_9qT*}y/H<R(%7+b{nHd%k|Y8GWqHx-}ULj篧ӳ_"toQn0ش{Ʃ.Rj7HPOsr=R5A"&4R}kp cOSMCQpb$ϧW+UM_Gh3?q7E3=~̩NPѡH1vlp{O^)#Lua	V0}'*:(ͽ@HNѕFe
}oh@ ! %JhZˍ<b+`[t2qn32bn2f,;M-ņ~+ؘ'}A
yCWw:(G	=h`UվJ] NR˰oA|0kY؆n<fN?@2u"7r~/͸Huk71^Du\^nb D]R湵2zn2i|\۬JOauPBKl)5Nz<>: KJ1E8Ew0?B	UŇ?D J.)2Mcksw8Fc
`LKXe*o5=gogXmw;)5E,f
W97U77I$UB$.w{z=F>1egsrķ{&sgu&5^G1V$pЭ7%%3T;%4Tm rS,*G~XUX/0Z!B
$Dr%dx6`}mDMEmӝ*[˗bDDi+6 3aL~~gbnɮU(K%;;ԈE<ܱa8(VI?׿Z>F$j #GnEƀqgI#՗ ^K7t\qmHmSq8*٤<m")=Yx_2x/GMtze;NxRՆ<RgV"Ts{e<e\`gzo#4޵Hn.[ru$ж'1rG."^7ۤNdC=,]Z&TR5mYjp:#͋c)W6糭EY71i:ksS+cF]>9s0gמx =|Dw^yKYMZݮaףX2(uuo 3&Zm+5O. i)w=PHceSM1^@)1hvcA1Ef3F ̟MGuZa\߈='g@h5,}~zHM}\I`d$S{Ꮣ\w7;at^GUf?+CE٘4?QUr"Yg9 BRV`x,v\ȟG]\AV@e1a"
_7o4YcLqPH8|p'1wA<3z{wX?{I!#J3\wokn1|ZmP!uw}	{)~M2;B"^dͳb톞%g|F<09I1oSQr\< QzFAD-CO_5\Gǜ9_go5?T`jlN+r@q5~D|<X:Bۡqj5un.o.e+v==wro%.*mGKra64%lGUԗu7">W	_e[#fPH[Ǡ4c$Uxh֯;{GgⳐ4"TDzHNkr;[_12<kRPKä	/4^j{RPng-N<$;`}_&Xרh&kH0n)f41f6@1PUzuN=	c~R@^ZQvb9ҹPf0z7& i[L@|!,7t<͸zsty& #T=/ 2*_ @M
WZz~!-8HG7

Σ4A4ldl̀>۠j͕oeu#_9p;*y4GO?+!'FB*TP=~C,I^ݹЯs_a^لz! h"9G9Iu?lI1S߄ݞ;e,n*Ɋѽ38a%j{h5mc@p4_GO˶
A擃l>9dVR)3-
Lvk6eO7DƶbQCo`d8*WLUwEʜ\uT_qEy\pғ8C@wCxIZfx+HИHߎ1UϚÐfKW-/'/ȉlønJs5s&8>#;*A\(~TNIv6^
`8Q3ܹޕ-#S".
 b#*QSjK|>kчQo5v?)g68 ,B1><A>GlaGb&'Z0nLB773R$6% VήWtYHf7S^w<2w£XfmoM,DE v5sݜSr8tb%<O@\f<`N'Τ D5e+W%8hS_/d^ђQ?ϋH٨9Y6LF@/ړej1ٷ2oZ>\;MT-dk-F9j@SX::ќ6|w}Л42		SE]vbt Ŋ\mø6W6rQFhNvJ@;'<,^o_U.oMdVwDAD'*pzA}  !ȟReNJR+5@ɉj2wwX~ˌdQia;=Ce%ԩƌ°9ga䆬|NZG|lZ-|osDeVPؑoPZYvfٻ!X#j~[=f9L29!-{1H
jqGL~?@+gJʴ̻+(}T7D=3	Egp

V_=}<[NOZF@6z(¨ѹ+8~H!ePeȘO=J6~%	,j663%)|tE6ɱ(N,׌/BrC཰b˸5EzIa۹X)F^+)Id1:脩}z /emt%/M6q1IjsܠҠ=e_@3țh9.k|qWۏ]{kή39-ȩYaM3t'ԳE!:rɯl?\սy-lmK9G[Z %ӍvDNYF׀&]̌A;Gڠ A7ÝXq#,pE)i/!X,Q/h,dMPzY|I 4BS&a#x8X1^!Fbj	)7C zGq1&1׏77{˳x@)2FEbڸV
!bԥCSR8$FmGZ7SmHN 1+/mPT(N c~M|'+#,$}<9^q+nƊM`Ъ8rؓVk+)uZP G%2	pV)|@_*NmvXG4܈3bW0Qj,V^޾g,k-_H}w"4]	vDWD/H 3҆ Gh5pOo \YO:I?2Z^S5J5QĴB[5}:;@ !AZ[ƭݜK<EVZ`slrKHpKH)l#o%o/TfYY"C1(	qr'U٧YӅMgZIEp -&1S{|߂y{qy<$WS87k_x OR& j~_gswcॻuiܩ!IJ>j]qeU~755v<~,J<O?UvwxEWs}⢍\KN_[;m̒DRG׆P;ސq\eFMecڕ[_nf#ՙ?ν,X9sE	=\R/:A*E+{To4SzKnk5K/:`u_l(ܲGHk[6jWYp lMȰ;./۳umXq3
"|
`2U*J[v3Fd"7hB<WI&>E$ǊyI$wQ54lJ+0m10_*K8v:0	ɜIǷmEGPo{痭(>zĚ+z?\|r-El*#-ĻӓXGVT{}Z5B^kHyfzz0/moLHbYy4u#6vprӆe*o}7@΢4foJD"JWh0,I+P&Iq3}
SbVg妧8F(;Wlt2{ϱQ>zsKeP=߶jo_MF+94Csϣ~渏2`BK8aaz+6pDd
ҪlPJH,!0k\Š+u+N 8pVϓ:]MRJ	e*[!:G[E塃mdhWLՇ9]hvm=͙kXp鲈-q>bPq)Pz?۟< CKIܝCk+!\϶gO­0.ݵE #Cuiџkf!Zj8b	cy=%p@K E>ފ:pT/j/"M%jXAG4h:;nb]JlMNԲTW|\K52؄CSYNS5z!!D0:pDҬrPԳ_uAɌˡ VC?JUzXYJG4	sB6kUl{B8RJ{L^
}<^ba`{l;Yk}2/MFX}~vI[j§mZhg.c`}lޮH$dZCXşKqaִ<H\LwްD|Q5sbR}f@T= NmGCq~%m|ra%i`%B$۠(,0cH
sAΝ8X'stfg@>O~xUq!.2(R[Q#٦آ+%k3"VnzrajHoXp؂ RMڂ)23շ\X#.5Ҵ5]nrGyH֙?BB0B=!pP|oE9m[^%N8WIh(~)<\L>}b(ql, 1UKweÞ>
.vK@7s?6AWLҦ~IN7[EAl@'I-d&эNqa~ T"l1˘%%)pgw\W৹+ʘӹ5S,׸䱮t0
Z!dA<g;;oΖ!Rʀe|a"Nx<񟑶b&H 9̓#,?*#{$ TH3^XYtV?~0=<3݆<OOblڧ:deAWzLh|I 4M4z-sy ȃZfZT2
v#U \d/V9-Ɠ>##LxEwSyxXx`2
]=]#ap`fd.>T%Lr<DN,<%pj]h-ioa3t-P{S@&С,>q$f.Hdad7?	uV
08ę[>i2[Ks%A)-qn,\e.3<9htCF`x<r{7@:#?	~[硛f\H硷Ne84ߖ ~Ķ_o/aw%(8 X24/<Y)?h5t>OO]UYYdƗI>2ޠx:di֖BI|Zbkaз\(eA[RS|x^:#]u|/H$+;B_Sa1mq=FT̏-^h,Ygt{w+X"
_ @<: gobW[qХ}sHN4UuU	^H#Z~pp~Rel8ȇ:V9iC|bW\Mu\OL2R=fxZZ$|M*G9.F/ZtJNi
0˃_pyGݰ6J/hZɻ j&0T.CЃA93@ALn߂Rsjyg|<Ijl&uR䩔!n)5|D@b bjV7}v̄]+׺U4hpz)(d(و4fmh*[r-O'DJ$nǊ|,$s%RʵXo39R4ݘqd>iQ8_J1쬛n1Gjoܿkp^^_{2#FS7z7=ݨ$돊й]hڰ:?RLJE0tjbd1VK/U/g ?"nS?Pɐ̀=X^yK0]e3ӿ,چ	|V(O^~_bɸ4V/t0n9S68m9Y}E
78>#'X|zPg'w)&]~	'z*t'H0fA/`:e銼)*EvsÛ,{e0񥚭 =
2"U2đjs|mhGA 9K,2:I/eWBڛ+~]60oֽM#&w[C>-fp,8gotqQ2M,F9n(gdԑ/|lB=?>U,QvEf>Sf\%I29||y4yF܋c$ϼ7,-vmb?]*2S>I2NqZAfђ,-PY9W ?s7-|ec߷leߘ*dW1q&?'/@e wY+/[=y\ɼ3D&NohxHam/4ɊChWHԁ;Ln|<pnl~CJ6"*jyTLϒ2qcc?͛'~H+Қmfq#H8d<kFz)4\7IoS-D#}`:h}&(Ss˷糘{``~T!SQqlk*VOy#WV39$6̯Ri쓜xMW٬4hoFN,P~FIPm)N*53ʯX/q#ePM3b$w6~fJ\ֽӘޫɑ/Olޯ'eQ0K^OKēٕhq$Ϝm!ZWago}G̺н.bl.)
l$-zA1@FsbKrg|:O2-`w:y_n%Pʩ;Zld(UȚVg1frwp@a'-_ylxR8t0NK*4yƱg,ih_Sf62hu?RQ75M0KMX0YJY"pʓ+ IWQ,wۖƷ
&,UU	4Z^,=oQ%,͠&'FB.g>_xqCg-VB/;$@`WaNwWbYDu,ZnhK{6#R3cGPʨpfn1ǣo*Ƣ%کcI*,h$f 
cbI5v6Ph\q~6¥V3mZy@j-WC41_v&2*SɁV;U%\khy&ڶMU?{%f~IY
zՏބǮuugQ,}쉝b;>A)'B`*(RO%YT9=QBZX'cV#EIE;:q3'ELR>֟3eoa։h O)8^^}vG-Cvb4(\;W7{7l؊>tVZhc/N٪x]Na{c=6<9'|Jou%n׬%RqRިL/ۢn|H5MSj"%idGFP$Tg8_`S S7)梙~^StqՓHD&8Bn%V
ѭTe%wU.QCj Z%ȷIql_%vWIV D`O2QL^N>HRv4g
_9j #s3T/?#'.9ʟڦo!/D{U3x`aZ1Vv`
EcS9.+ 8G>|:'PzyMDB˗Y	PV2%F6f;PO9;6;IMׄ(ʼhs[;ɻZ68xD
'|g Rf/#]8yXtjЗ̍KuȐhK $IYx틅WDWZh U|r<Csj	%_oQ+˳yWHa.Dh>iCy?,
/pŪ{a]ܟ\5Eݍ|z5!9z?Vmw3_Yc2<2ѝ}6!iÐ}׼q
7Er8TVShssu]a,[ߒ]v W/m.ht*GB|oa:!_ynA]zߢҖc& e C1]lؤfK5H\Y<Fax	ch*Dy%]X{{CzCBKxJW	`r)9	U(sGf4fIw`E*Aj$b8[~/SD7_UTn}O@<O)LBfG3XKT7ŷex
JÀ@:`;5?|:#{Z֔C"F.8F.<͐"(PɄѕv(F	[B,38Q͟
yqwCf!GivlW1xZ1ę=gV]Ƽa䜊$f>Ccl7~ď
F#uٖa</R$|H\k#Nn)V_=mƉw@)sauv2Sc?zK$+UzQ:ee0\X\s&MCڕi#ԨbZ0&<7L@gDs=΀"^j_|>n3o9^;>sfFyQ@ji@I&6`hQ2OQÒ8`sp(w'ZטR\+Y!1qYD3^2f&3	ܵt\[t%o t_NYd	@6bA)C⍢*k&=
:JC "Ɍ&JKֆ(X=
͹7nm=
U^^|`A&ȔcʪECK2,ǥ)M>t'8u՞\0~VL(ߞG/Cz>-Nle'?vJz<pL5 W9<̼:"P>cC""℥^KӇ3J?9kzɩཆ~LGxIcrӅB>(?[
IFXTk6ѐ03On(Ry~ա`'CB߻Bݺa6_)ld&="`'d=l(dn}v2'0H0BEL*kcI'<	FV-ܵݕT鍔gk#m)B=&Q솊-p{oo.Pd,OmEvG?F]OI'k߀ l%iHL]^:D$	0򤹹gZ|ߪ@Ta#V&/iT$0w	VڈH}.١&bBkLֻ,F:txsFikYaOEy-6ޅk=i.ҙhsQ_D+˥mCGZ<
kGj1B*Aki3JL8u`_OC,cmT(fInə%Qߖlfz=n8Lٞ;UA.E*iDiAs$Ehfb(G|L`}CĪdCM[zۏ
$2$oc/T@ګHЯ 5cHh|ѳ+Ɗ@CLO2%} FEUº؈ӷV"_7ES=OO4w#ZEIPv|IP*Q6@r)y +%	gOMr!뒩̪nW
.޺{grP3sMp7~ml3qJe\e1>Aˤ?շo;F:u8nK^PNy"G:ƐrgAx":|p/JN{B& Nt5w:09>Gݥ r_]=<ۅ{&卻xcW*.4vc4ZԗF,x0afe"a?j﹐3BʙF<i^e2Ɖ|박.ɷtRƀŘ-UX&060wQbsgFKtSU@+cn\"U_B@Kͩ^^U)\WW,Eg$\odZ$T^ltDUVi5ߡ${+Ҽe	F2+ZT{*Oj,GwHuA`ҤgA9OG?B'`eBJމO²`KciP#{+O62EB3XH!!y|lg;bgQ4يlڧdI'	BEt+Sj3џ_ŒÍNòS,P%*nbRrSUz E܂46m\j	mhA}uim.mT$p*m14noN%U1TG-VTRAb:)?⚩+NS!y Tik:!Q0~=˫7+-?Y'&K2(vw;+,[$I ů;,>FP௮6#zz
׿L1_d`ò=DAXOo9SQ@So|z.jn9dy>xtN)IoDc\=J4ΞOKEnh r*-ةԟrLg{A]>?cn/1R7{7d&6ƕjI91JL/gk9
g/c(t9f[AZ2C *s]z_@85X 6Ghùo%̂(efFYY*OtN-OJWaj$ȫ)!rb	>ȍΎo-+?2ic (lu1y.s8aF! LRفp-
hfBa{UM#匳
AËduuC`-eif+*lf\ Z7#l89Y B{iJ0$Hp
Ks {IHt`M}p^G*1H|-LA؟.54*CAzf{Q+݇Lm+,xwMfF|oSWҙ.xIbXPF"tU/L@
X	,g'f@4<G|ݨLyyȼ]y0yujFzP'mB&GiOY78rq޾}p)u}]YTޱuo X-?#nWqdtA<P{N/S\jSϤ4bhA} >ː7kxPƊMۇ1Rv-H S|L͎&Pw+!{<W?p2k8NҨ}8ʙLX2Tix %)>ޮnC^ T# wG̑&Mv6i>o*EpפY{01k1K7?t{U-ȅD1l`KTVQȪAK.q0P{D1h" 9@ج# M!|C |Hfie5+E2c?	:__;Kϔ.L-eڦO۴wpѾ!DRfi/&|HMap]ڤjdB7N\&ha~o߈̀9K*&_ l {\eZ皱
@2djۅxV=ŤUeǈ;h*l.HSp;@h&a˱]$w}ȫ<@FgFMh	2`9w:믮Lnp
^ oEQ>yJG3=.k<$z}0ɮqjV8/P#!v# rBd8m4lWOR0J׌w#$-=a"U`H!@](sݚ_q<q:ȊpmkGB62te4#.*7){UtY,pޥsd=ό^:aؠlHbd)7y.u!GN
au<Xm^nisrʎ]zҼTrceFõl*4
[0pq~j9ne<%m#_W?C؂EпC]I 
ώP㐵_=iMΐ	B"W3L|	V0=zc{P)P)wΓ}s ,uPqGLMF}'5G[+8!r= Ӆq Sc5V$7}3:.
:a6zurL*=f}ܔAȠyR#s#AC&	"^xNSJf|wJ1T!M7L8)՝YzV,2a
4%ץ>mHHe ,}^lI$G@҉<g?k2g^e^5ˌD7/O*f2ΫiEOZ$tg	ieS˲ʀpwˈ~~DVvQTLXz	&?B/ć
!Wd.N\_:ŎW'f	ί-qd浲ONOrIq"]?ڑ{_,mp D̚Rkx#I2$@{?mSnC_/(}D\S;7)"!'B,B0w˸P#Uiw]B&yfݱԒ~+e'j@Kga*&ゴkXd _޾!CjgR˅lTzK+v
F!lSS#3-0:#HS((
=iEK\}$%Cޫ*o21.nk=zyR@ ^֯xUW1Nz͜$7`瑣jCZ 8MbC2+#s:TiI.s􏃙/qH4b~R~A2gRmM?}nКNW^fO^{zbͫ!@Inʏw!dR]1dƠ5L&;@Rl7%-)Yti/ȓgwA4M*3bXȪْ'+<Qd5G5"3(OTvi34pM~Yq~z2{d
c5RT:[%O<Bqct`ʣ<d9w(/ǎJ8ë0% I?OD(yF2B+`h$$slCACdTrq|xn#ܗ7ؿ2i0t*վ;bYQefng^u	kolnEG~԰ElB? !Wܾ
gW -*y=o3V=ګ!FK0!_B">RH[պ!3l3𳉈2Y4;KsgL^@{%ȮcjG9%|2	֐EiBJ#-~ *x!%	K?h gŨVCV--ET'Khk[][ai諝]~B8)c
X=^y@ΆX gA»hݪrdf\Z:+v#]_ԁg65@s*omSثk`6f~Du徦hf9mZߋ4]U_-H$D

͓Աr)AV7HsKc=:2yX^ĳ޵C`lJu)ǺD.ґ	9E
nUy:5tP(-2#e;~+$#%w/.*ZC6 )fYc+pz}ܙbW[G	eA G
b M-%oR-8ⴠ7\qIAM'kfcGtd)nƉA>'}>ؿ؂0{,:;C	p%|u妀z9vU3.㰔9wCvj.J90V3I/oJ&tlY@c6kGSUx.Wg[y4']&8c6Kx1sTh	0//F
zO.VLgK$
¢fUA)`?LUq9TV`HJ`'EQg\&ޏw=}[$XMK`2ٛn[j;
,gHi#6=^N-Uc0aF2ȵm)|HFY"{ NC^oA'hwBjpyCAbe$CkDm:bpHoh;99pBWNӌ1Ƃ=+]Z}ݸE3РH!lf[VR33R?TUOzݟ!e׫+T9F./}m 9lE	aR('Np3ez3ZjYFHc|^;:^8|4W~+-nzsiUa FuuBdi)H?S"Y/E<L'mdt,"=$aتs$_!Qƾd#F@	*U6B]@s7mWy\1jsiNC;m{x6VFĕXGJ護+y(2)dbVz46?MߔHtmB.oș =2RRnm8So!kn]$+p>ʧiǺ vv/ەK|YG\( ootw3g){uX5.2UXH)A2t+dK+]J3 } vo@Q]y.oJsjN矼@ uLjxazDu/H"+&Wg3u6e{g>\LLv& C{ԒH؜0n)U+7
WҼ7Ru`%Q<AE[x1!^fz@^1 jq	 )([eN
](kld-=SV7';- a-z+ M6Y&YKI+Hmr \t}iM15GMI6wNmvGuշ8P׵:r>4Tah>D{jDs:kϬC`Jxn]!Z;/߻	#PIim0Yltg~e/7~΀(pJ9"i.=!PSaJSR|G<X7faunȍ(2O}Mc5pL#1徿$Y3Ű_)KTy64UB旁|tD0E7<ώǡ)KU@5"[AlPO`[+Q6qB%ʷZoL6l
z!Rv|N$gg[[7/~KhpYZ_W^Zgfz.ឹ!u*͈נ-f
Z(GMyW\u4^m[lAct5nǁ1U8g)7v(dnk-b!  Ly"#w,e,Oz>|bqB4O`3rIsA #d{Hq#GT.xʮB=R*ODq%2PI_y==c`0lޟB[OBb*V,QIdcI@uxlId!dvv%#&42rX=P+24s'Ɣ=Y ҐY;#߁^b>b_2|tjf{Vdt+YlM,j$JgfGҿBt]b&(5XF}kCǠEvmZTW]T AސZ58uOZػ~xUQšJɭhj6a@_/^#1>79I͐Y=򛺱&whr`8'BpR=*k",*.|=}}nix_?EG.*<>N[rsgް?aoBR	/^P,/#Q;t8f_}>2 _3I82(]ktq:2SuW~n_Rer0?(2|tC#h]^iؒ:MMyx<~ͧQg!4tRD+%K_詛]us;<s>'}etꟾ2<(M-V/݈-JFPږ=|g+P I.U4Qxi ̇oږ> P^YgʶvJ)@dx8I:y|i;7/B/)f5Q>W,Pe9PǙ3m e%1HJ
"1G/0|Cj89N&se]-Bg1p䘎
eWg1
3U˷9Zc75A[X"'0҃>w[0~, f<u*n茆IXl0B6$]tqR}
f]EЮ^vˎRi{0y2`/UgP
F
H_*[U\-|~	$`-y~t8і^µC `sURG;k|WQo&6`	pms~tߒ2La?F4؛?J kǨ\zW4b?%PGy硫Ti;`聦=k]l$oܳU&oi.fɊ(dL?L6'%.lc	@A!ptbE*ZWVQ;8d8k^wY=ѶnFcognpBGW)9c(Ň}dkN}_M~j
+|'8(ŎHDD@2h?pl''<D't\bHpsc:J+c;G~UY(g;2\o)2R|m0|c+69(q`܎1o($VÝQ1L柎4>2AX$Udӻ^&Q	> $Gm.$e":B
$4K7Э
/ڜ"X9_TEo*j"x$Y0C o$>#!^oe`&6fCȮV̳%~c'Ղ;&=Ht4+$cmgB+PݫZYawgJp;hΝ1Y9%=iFy'rPKYPBH&Ϊ
kV-ApBwR2ڍ@cI͘G*}N1f{ivJ!M?8px K#zճL y!VE7Ģ٭)$$S=x@Y!|Q7w2n폾8U:OHmFP8ƻJ᠓q)J\߄jT?}hj3q;QtI(lx&N(-efYtoM#ygȨ^WI|CI@Z`а4IXXaD-snɚrfB&Ɓ/E|4ikC-8Ʌ1tsC
:VdS:Ʌ	 <NYHdmjgC!<5ekaa.[wXdBXqï7v\-Ht♦&p:֯/f'g
G3z
TqD:W5.Mң{`W3=d+U|j|l+BBmwyMOtD~SSa8ݘpL't9%,Ԉ)sfaS4xlWTH!]B1ѝ: 7f7%Lt &WG/<a_dꭲBG8;;em9\V7d/"0yFAnI^HH6nKu=0֩?wrKEI,Z/:QxzYW9qu3opDc5zcqԛ&g܈3vUm&!JhDPK' WWRn%%Kt(8[D0N%]&<EdCѩ;v:;N'KnߎEW-7y~n1IB@ }ཝ&H ׁM|2~"Pqd;Hp!ùQjhM.{CУqcmx;IʵdXg9	Rf^GgH.޸
ԤЅ*N/a
1:xv{
/G3bG7i$Ԝ̚miCYk<Z]cE%Q]n01+{g7i,Wy]KGN<ΰiD'9w2Oy
`ۮB/cxC#eYbO՗,UTG8ۛe2c6 499E,WG㾹N
[fn>LpZ'J<ͯv=D|rsv}7 ggD0q>J(ǣfcFR_ovq)%[LJAjQLtʵkĩ(lG$qDx,;<z)sg`]T,4IwL*G@/:׎gW*F݁[oو7U)O,I' Z<78Dq(d؈pܳby 3?'_EcS&a9^ڐ@]p,reDtL
RC3fvf`~UG:ÉUoōcC橾6caq?g`&ʦٴC  /l:aO`g!   T'C'LJzލ!糐ExzRtYHVL[RDwURP0^!U~i͈lMO1OR%&eQPkJu{~#pi lpD7;gע|zQd8>A("9vGh?Yƛ
N"@>dVtIKg>B,? kXX=Fm5Nm'5^xq/p-СaغoN S6_ #Mm2YDgy^nX.{HĶVv9x|bA'ͭ= V7	蔋j\`21}E\ [CGσ11}
|nA-	MUPF@?o!շ4>-asMܑ
AE˾^0䣔P$X+wㅸD6wL8Kkj@0P8g@L_&ZqN9y4!i9ͩN)ԗȝkt'ekFAI#N_;RUSiAd1? ڱ:7S7+Ma-:uݎ6T
0gy=V@J^k@A}"XpsJF"Z>P {~w "0طZqkhhAWjI>ڋv45xɛehs=&!gU6 Xw/ѹ~'H1h53HYr8	w׈ey%5ǽmq ٚ6ocU[^WvC`p{۾<=oTvY
WpvmGU$lDF1Yskw&pΐtTݥszt=[ƕk3i`(Md>"|5W5MR!CTl_2-tJ]P<|w	nT\\t5mlE٭U˼+#k0Jm*lrm.iLgb f*O_cDiJ}!#0|}lqp	oQkcOݾot +9Lqeur1'ˆD}|l4SgRMV	;bQj')cǍFf||t EnǠuhIsX7iRޜfXkE3ju|t0iVl;-m!߷d@ZҸ"Y"Q)7(#J@Xt@h+n~Gʇ EXbsL	H/=K]QBU_-Bf iux?< fou+70g~_=j'yxQnlD>U܇Vk>&rJO5! /:Zq\^1a.[c+#	n>e7	`^(Sft<R7a	
"j^KJ0kcNng:v3"yi/_t&0
Be Kʬ=ajqs0AW(*S2ƕpr jIi#uzLgڼdȠ^/1-QY}&t4Qc7j %Mt{Z<PfL]pݚ?کR^oP=SʞS>qQWҲ+Mz_4)șMR׽m3'q<aɗQ"s7IH	c- p?oU]R?h2Cof$ sMW7+ݒU3@Q=F;֐YI32 yqw<P)e;=/LzItBQm	wsA\!;l"a9abPҀO7nR|"&ѽ-sJ1  )NZs\x;_AaP޺:ljW'Z.8mO@Tj0͎ .iKN,}tFʙ?jJ0ГfSG8U&ih4wcܶZ?nNЋ-\XHdڒ.cq~\LA፫?J]kav>Fg}YlZm<HD5WVX'?=tl؁WN_@Ib})%	;nΔQ,+A8;$40?BCgmn~ul+΁>U+˦:O|wZ.FFmAпy|lOsYzxϥɣ6bjXpv6
KXD\MQ9Oi?V3Y<ěIK.Q;Kzk4e_XOdئ껚g觱U)̜S:emo</=BrVJ ؕE ґ3N)qB|)LVo-`A$,-3;n$@_;,i8U&&Κ). PSDf$J5IWY+SwD}cbaI}cF/Ł6j`btd$J G
míz#xvӷv}܂Zr+ϓ32o0}X)o\±m]lY #7rn2\S!Ϯg-%rRW-,\zņq&E9#=G*)CzX䧉qB#4CP'_hF/P^a3DbJ	?Q5rҭx@Z>>@Kk@<I䲨EvǏrBa{57=VIОvCAGJ}lGüT&Sj=~ķWdrߓuֆ
qeW5´=>%RF7j	PAW?;劣֖j3}g_\Y>Rmgb%yխLi T%V% P#l7_~(=gġ;;%:#`uO.-m)CsI1NuHk;SnRV5	,8fJ՛sSNID?~@ qT!ư2g+,W)w楢xy0B".	+ʈۼ(f+ƛ0Dtdł$>%;
=m1`Aw|"drYL+ǲZu\Z;](eX&`{G)ַi6
G3𩎁v)ip:'ǨM %4hɇtNW,I)BO*첡Q-eDUykM?RVuk%]3Y^^o<RN0qj$C!xII_tcE_']mJA0OS~(4MZP@^87LXafݪ N3!GfC3Vn*&~uV=R^ͯ`]<h6^TfeKcN.)-3+H@iiBh\Q'
_\dzbG!*juww[?*УW;oNr3Q߹js<D{>30%gܳ9@juwS2->=,~@0$	
Nqn8we|pgBS=GN(^T?sbˮձJP͈GRYy~GKpP5oؙCX5} oKo	g\]3S.*굯T\ K$/Bm/N6@v(dʸA$tV_LkrIT]M.~+C!LCRTFM|J+ur{!lJrsm!!܀qE<1 w`܈|!Ԍ*C_]vI)5EfI[	g-hFTX%ߡRՠrdYS//Rqj]*#L}˗]jܾy\dn٦K`bG,9]kȃu{e?r(YF[ړ=r,u#Т+Z`
$3Ds$65DlG5c1( GBq(#*PX3܌ix95[JZbYerD\-t3q6qSEGۅXP`cD'ISO4,=zcPvFʍ4,rOJ3ͼUt )h"1H`Ve}	)FC=Mh] Ϛ#-.]vXD(Ʌ"2u
Q!ǦU[ ]z
	Qg ϊB`x\a  ن"uc5eA>ZwV^P}(]){"Zq,
HU}awiI`'Jako	 "7N6 ?2I~Bϸe)Gĕ2^c"):6lIFp%͐g0IDZ}\%t,<kyMOwcyyp@dϧ$͠CP8U'F\3;RGd50!$9+4<m&9j;KhAnOք?:q< 'Һd9<3ު9~vg,eE67Ts$Φ(aZ߈G^#I[2K@Tsڋ~޽%
M
GXzTa0RߌCg;xE),<~".U+6]am!߽;wn3H oE#ez˒ +SHT0mۍ9O9zVN&s;7S$*oVf/{^7t!`l_T˟4|Qe%]}%+pT/K
{?%^[UO0[L\GSq%K)E'-=r`EJSS7å\XF?fjWƸ6a	Uclɣg_{c`M_\/JAyCN7:Jb9ôRmc(3nf<D@yl%[ozY
g.X'`ͳI0aa0'BInt_;3DUtnwTqUh\O~!\jc %?'a`0+13&Hex6T/<C6lV7,ѵ2p6N?bU;̯*WӺak(S1
N.yx%mmT@Bdc@؎z ېbp "o>PHԙtzz-⦝0;)KpyhYyZ|>@jC &O&&OfE0/ևeOJ:`NhBmtVfb;-KnC^.V'qSBnu BsigʨmCe写1h7+ՆgʈzިXO,͉M[]D3"v'Pa5	b/29rf4O: }Wm/_{R"e{X*>-A)mR\> 0
$)Dh0>YS6<fg_%wS	I*ê|'[tOz3iJk?1e^cif(N-{{#Ř5=t=&0Z9Zl'.'7qHE]ƞϳ?#D'>L]aoGԹPaJH?e[@r/c5^f=m
+:\?nKAu3i/aK/a=%]W	VQl7bwD^'Z8=@eV^MՠlPQr,ywAxQ#<J#-*ȼmsM/wf<m!V_ p7$>>t/O!/T#|}=K
1n\Y0Y;_$?%xKu_|U^ːG~#df@cO3Tym`~[N Wgץ
+l4#Dg6aZBAar.~aYۘ.!r=ΊNb@J*(p~!f]5Uߒ4at_q[U\R&:SawwEGq3%n<R3/xۡ%De|_+0ݘ"G8)x"	'ū bTOE{6cuoj\Gy
pW-	O˽#E%̚4O"7TG37@0PHiBn eBIw.Nzo~ņTu<Bݳi 8pom!\ T͸g*yt-Gq#|y	IZ$qDW¬o\rysP0w9ĴټL~7b9KOx()trkp|CR"	|&2CZb}){`,q@*s0ڨJ%ނii74t[;r|}%Yjrl7}GDT?hq"h-ОC*Z8،kiT62$(\%hPpcRJmS$8{ɧo|_ͣKѢ:oکB}x1pꔜn!yUFŚ*sK[M@9m,Ţ/}kؾjL.N֑ix}*g},wKHF5]v8wJG@ɖd$û  8*jPYVlJ=dAFQfazdKab0mu^NEFMBlk QkY&_!t עK}|ک=[P0fӌl$R* ITRpf$$ɦ}O8{ c@_irX.Lc˅l#ۑkjLPpVlqČeMTUj:U>¥!˦L9RzƩf?OTRDyAǗJٞ&)_ʵ]~7	Rc
,3G/uJnÅsD$ҷCvc\4
H>T\]ۆLhak4_kқRg>6mt"+jL	}#%
2R<`&v_YgEԴQ%ဵJHF{"q!Zl7	!p1#?N奒.}Zu0X!2φ{mmGޓϕ$?SaJu81vZ3io{}PP	%A}
ېlطj. λ́f$=Gћ0j6V7T!<x4>L"T%8٥ƀ.MܗWͽV֯ZkלEQFRvHhh'Upk}k-fjeC6َ\׵s"+KcEX`f3sA1jOF+\3PݜAϚy|J"G4 1\-vp&[*-6k^XLT
jUECե	4tՉz#ʂ}|	ͅY9a?/G:p%6lɈjxMjz		"H xѫWh6N8XSA`?xô
)U:聰eKKd<as?b?5v<Pa	pMpM$TüH8Z.u>&hvjL[x+gj|b	t'_z9V_J-\h@hMɵs2!^$#(W!'YbO9S+7`S>c̆d驋ѩ?qȘn0-@t\3l-:L\teo||S[閤>#
^m
Zg*q-!awz2<	PO%}2̌t~UF}EP?Rrl*xT͊(2u'C?YTn W@$߱>E69
>VffQ*_jV& ?hs]QowdCvᦆrc62^Z?*@I[Vpjh+̱xOLA(_al긕#`)\U8CVSis9AC@.	孃m@?z#P^R3mn|>0&7F11f!x+"+e,[qf5*_!x]:|5ItJ'{_Nߢb֋rBvU]8ShCCފ'gJ47Hkr"Y	bcUÞ?È_<5"9n"V9Pt o𱦹+zP9r>S0;\0cZ3(ˆx|ƈe1)-)aPrHcaY^tv;+d'iyv8ZNH|^%yҌȽ`?ea"x/:GC9Lvoςy}``;k͸.}.m&[0LbtKx$͋<*g᳏8VA_2ν^u3O>؟K1 3mWb0DVCޜ"<ifwx8úU냀^/QG;8*	qP[ƪLk;(,2,<R&/?ޞ;;/}~_zL٤Iζ;̺&aL1Pj=?I%_/,7.OT+*u.絑{i5&$V9̌bV_t;}8iD]<56O~_5-5i*moYyu(GRrϓ{ʻν̅FG^,F[߁#F_\scRwگ)H`bI`/w HO,;1C" ¤jXv{=\?!Z.>ٴ&G=D	GyyHbB'¾DKzd	ߠdI39L{a܊O[EH͉
ϟ|Apm1_~	M<sU?8AB|Pp%b	9ʫԡ>!)}AªJȫ8	*	Q#W5ہ̬vǑA2aY##1Y@/*_i;:a
OA'>?@ xlogDt+T+0jr.]BY$ pmp2PXШ N$˞s(
o4V^x7PHUe);lԵzS0c!aXFsK	Pj^Ѭ霅2ـK]X_N'+yUQ{K^7v4=Ed`gS6IT8&~]3˴Äƹ5wb9|?{e oErO#mKb_ڇ,h|S-+5ZϐdEXHǨ~-3IVFƄt|D,쯟BêS	!u`ug"xE^v^WP+G|Vn!?!|t?>8)Vmvް)ϼ׿֛W1J`vz`KV3sgӺ!Ds<hr;wv[0#oyl5͏`?гhhX-&{!v2NP`^Z='=dK<E/bkz	"BI}/HWcn>~ncB%
vw|iH
}Qw e
8ϳu~ӢKKcԌU	ⴍCRKi18Ιo>]TGǇcϲfgUlq;gz	TA9G<h6*_q+Y삘ߏd}(P{6.Tb6Ĩڵ9(ADǵ:ce8.:֐M5E65jMc&_UHOf}
6@).U3^S/ CiqA#U>B1n }<n;j_PM|G.j~PO۫fׅ`7Z˖[%jV'X>aJ+ñ0EO'd3T%vCR]DÑ/YO(>f-Fp)؞):OJ?h57'ɍzhS"ҏ|ϧbX Ѻ
#\0׈@-;g>~Pbo|Πw.2|ñ!
vsNnJVNHWkmTa?I5g+(;Pm3^ȓ3 d31b.5e[A)Ȱ 8#dHQ!߁k%|ht٨͊90w

EUc͸30N	VJρE
{ޏkػkSŔiD!;
EQ259_׵0d`/+bb\t j
v튊t$^Ɗc45NU1 ם)5U`KDebs\&wߜ.օD.-2%7[z.(@|rm'[}uT"[<<
ȕ֘~KqgaZZa<%E85h2M'[b`vVKK.bQ{ƣ+yuado&(fS(h=h@`3̔LCh;҅dW}[6Jx`
3Ln:{g`Xwwu7[6 偛-M%	"L' v ~ώQhaz3rd}bu
=vBp vGr#c/CH5lЧ)Pdt@e__Ly7cRC,COyv.Wf>$h[ܟns2^f.AaY4e}DI 1/K&O7J\+EXb6NFGaʤ˘7AkotZ{ҀwBJ8֭^ǧ罢!LJ-yz=D7&
'm<!:{`OQ e(9`rt2rK9b-ƳB4tDnPvo*گ	.nn9;lz`ޤN-rC|+p+$NC!~ybXpS|Mg_
ڱ2EđpmeO*/yc
KLnl ilPWP:ݽ,>Aag_%U^߻BmjeQ݁`ZmiHR}9YpqQI#DT4
ᫎvs:`FƚUvvo#-(`wtB
ru8shyWim(n/)	|K>GlӔmߐސ ώO-}N"jsC	q MVgd\gaωܐњ"քeX؆ndjgrS`QEV1پ'z3ǀlq	\o8̒p/I>%wٚHneDtUQlk3xe
\'9)6'eD&=yϭfLHllcmpiX˫ޥko$!JF<ֿ->EQH|<Rߧ 8"eCk;E`>!8gSED
pjLp|M4BK.fE1?gB	As#FQ3/Ro{p^y/n׀T,%.'asD]ˎݸ-s6_5}@E7tJYڨ]w^s!ߛK> azttuWuh	 0,ݴ\59oܿ:GӔ Ry0|iE&X?1z{`->RB0|05⧱T&QjN%2lc9䁔t>Zf?m#Țֻ4Az{%li|T8>ުsY.*%Ht̻ǫ
RMXeń O*߬e0b@vpSNu!q,2uV}om:6!ЂRELN} s#joBLT֓_^ }bya`;|1/&IfoѤj&󓃓!W4HI)W`ݹ!qE Dzw!;Sm/B8lW1FuZ0hWKۏeD4KSӘ~{PLhζySfޙgZ4K+Dyi-3ŕ.`U 
ce\*{+lI_gǰN*[פ٪ݥ}#'7%P&cۯ55O1t-UqD9b_סuj.VqcxRO;cY:k˨2q "Fjm%`b[@1V;912ݸwSB$	R+--2C!`yօľ_:rK2OAPAαB{a3&*mМ3\Blc3PCݜ1.!UOj "N/8C׈6>z'W8V+2CGBDȠ7]j& \Ӥ>jF)JoѩCzo+_CsR}?koN7~):}q@P	|pN}XM&|Wp˒QLP-PO
* 4#N
eqJm<cNmz15ysK;t->f:j1pɜ4xQuȟ#/Ͱ'8 HIVĩ?t8K>0K%%py\k~ߤH)Oq?Mo*ֳ?5Ԟ9R;ʧq&%~&?>0Ǖ=ѵUGthc;Yf:MbؗHc'ɩZܽOܚ3Q|Z~vPX"}DH[,<~*Fkf|BuDN4D9$sXDopɇ_є}{f ڮxa\\=OZ(TsMdy3/hh4Lt6wWpvklLw*7mo9>&BI8UuCe>Q)iM{	*n1Bl2{)%HN%
CHMYmYӼOn nO.VKfrS45*Gnd<K0:Pt%\>	nxΊU{
ﮊՊQ@! Mƪ+pCa]B _}45k˃Z?hpN5rz7H3JZ1<e2Ӵӫ=+` ȬCΫr5p}fJ2j_8ʨ@j;b*FxcH>.wUZ!s0Z\^y:lL@J-036cYZ<>

!S+y0jØ
"Fp.H zRl
;zeU+Ȯ&pVM1۰!9~*䮫B{sin`(BUa ydgCU(#u\hЍ}%:z]!;#czV@#zbt"/i41:ߢvE*2'u:KdG`ѯz )EUr#U4/vٚ05y9eK=
m Ca ]ˈm[C.@9b\m]y8ۼyJ4g1Xb!mVU:S~
o"ĮASAQ:y1^,_M[Hl8¼	mK?R	}9PO} ZUK4G?S(RE7Wߝ=Yg>!.(A1PfqO2ΟbP0B L	h	5XmGg;<WkeΚ.6+k!\oWU@6M͊BSk[ed;2:GJ"$5#@>}CPj'/!XJ@#d
vl2EOf;p ~	OHh9Py{l_]]jfg>%Sh2/0sp)  rjuR`XfȽ_>)R{O\UZZ^ͣg#T²YU!C)0 X;;uWRavwy}۝˖ң۠d6zDH]ŬoMЯeq4GΤ7֟a<Nw?fƄwU0ol-{،`CaLRZ{?e:Z0c<(FoyW(̗ҩ$妳(oڦ ?$xc٭,M0ҔJ]hnyYAZ݋X%AJ>Ԉ$vѱ0*1dF6e%T=l3PQ:$W2pFu8RV{J&D_VvkeF1~݀LdY*R͆C)>sJu]ZF́O A`n	Q.48`Kg+[Ȳ`4m؝6n׎1M!e݄tǳx6[\u_[ SHp7{f/XsѨ#+ sȾ<gܐ#)z3cIs$~z )a6.qH&3P@7Ӭځ#i~!/
l+|ϊ6vh^d+xa5f_:G$Zz;Sj<jZ_["Kwzu@X<T)꛲!ʐ$*O9eKP\8JG3
UBl}ai!qJHk{1Z5+zOav	pL@JMe,[G58ζ#pvNQerZζ=xH	lNݸ':(J`ೣ렿;I$4"iϟ#)G?*\F$sY[ZP	HM>:DWSW폷A&x,'ҿ˹]!۰zt¤N)J́H81"<:Ъ*;3~VRAۼz2߽6:ʢrh?;񶉹U<>O%8͑0{5Ƒc7-N]9ÏDj$e**:nDˠ8̀ gr|;ҧ:3\-9jLzxp%:TɄQXRCGC:)ɂ5 m=@Z;X iڪhaWs@J9Š	æȫ$Q2@6Ღ^ֵ]0֗s$?Yfm6D@!S)ӄ#=L|>
[(_v%Ps2](3ք?dE!Hٌ~iBO0	0acc+=o\(QSpRM%ɞ.+vKGq:2C*F 	]]il],S,0Q^<e*djϼOQ>a)6#(2RF8U}PqQm;ub6ĻRE\Gt@\
a'ޓ2yx@]iV%R*Ѓ:xaR]o4QR/yz4?-4j:K?<JCAD;0orY\ܯzJ9f-5tiǷhnj#DH5gzpXM2y3||s.6L46.XAz2n5-<boY	[	Ez9`1;O_LKl{p^GH&\f7])q"-ĢHwvO(`}nՉ% c'	jX)iC3BDfv9}
B$>dC7,i/kklA7%lkR>	WqFlE+7:!bVWng:TͯIfLL+n
qoEMLR,{N@u҉xgŋ]kTgh0;
҉ӼBދ5Gdǽu_ǵf?b(M.趡,w'<Q_
,#C0\b2%F,#FL췉yLduLb*"VZ\H1^2@;yeNdlՐ+=;_cqgZQ>Po{0icb+bs'XTd}+l'i4eIn_|!dFWf]F¥5O| H4Uв10ƣk'y Ƥfe=f>`aڧ lN<|tW=++*Wk@r`"n)&#ZIg^q@h]x4 InoD5`#x@eg(`xg%?[2-1Y>ZHFG/b7Lm&*KrΥr"PLMF.\,M$)8<	M*dlH"6i|jMg6d{bd\N.)#7؅MޏV6-q<Wqqj=fb^E8ﶌyPH4fкC͔>nk15`5
r{ A+5(nvyQi'ەdMk'31yFbzel	/5
VjXCIċ
"%wsn2C$ޠI#3Ζp3}z\2R5;ρlY</3˰'m'|~E!giWIlܚ@STg}v6}r1E.1oX}+H9uzG~3)P,4ԗr?{AEqWr}xbL@Y*U??wy҅605,"qdEk\@ޤSd}DӚCN*
_ԯ.clu''`Ag=^=\CrNx!3
ۚs&AEp[P]ҏ'B}-LtK+을,G{:([77{px(D4"~3K&CUQ;Q JC].30#OZ4;9F}~{v|7ѫQHzdT[K;wч`vSuj1y&d!
'[Us5v/\Оɶ	QlcgV<l[ڸI&DE%jA-lw)u/>_XEʜe~T3˥dq\$_:;j7USz7<(ͤVUԚ<A[?	.${iյ'=3cЅUr !t@=w!˪]p5xaV#d!jSoË.H
zyhT2@Tp
ԙBG£+!ʏSg褛Ek*PcW/zhKq֝FA3.	Eسm>D[g>ko Hz[{La:*(+,J^s"Z$:Dug9P^h,yVC#Z4(r/K
T<?n/:
u⪯e2i$ފQil+ZwԆ2=$圇MAFQmo ŝ6#k<f㾊_Q/xvǐirjPpUg{*n@h1w[c#9^"vEh7A+Ȃoͯt2N  ;MVgz77@dT9ͤú:=;4.jD0K?]$=hl?dZ~:|iVhSpu%;扨ފai0xL>Ej@FQI8Z'N
ZϛqS,<!g=ۖUK1d4RVv{9H/3N2|ߛ"00dRB`)E60r6KzM*V"Ы\.L
PA
.i6/6jfŹO@;|?nSi@.sDq_Pڡ}3@e#-N0(Uս^Lpֈ#ɦk*bzoQi(hH"ukG*S!4yk, #d;l)Hiɠ!]D 	V'e5LEZܤXFX$X(FXxZxZXp8("v.-O\V34G*^<ed~";"[LF]w䜪ZϼhafNlko=`g0hzЪczv5XvLaJqtQ &o+OG$x8E?z,8
#t8a*Pzq|⟃E&/}E v
@Uh7' 	d}Y)L/ыqq{\ih!lUeiڻ}Dl(9dxG&lL#h`Jӯ%hדXD*Z{Y
ȱ+B!s>"jAzazIx֍$3@(Js[wv?;954zNث2%080ըMӖ+y,OjpGlto$7l[\`t'Yֆ=p)4ښQ{v gVt/Xԙd J>ceB]EzO'U2k#3*4p'i={(|8dFpCdۦx0c(-4-nkgeb#D9+~+ bmoi1rjzQ5DDu2_5:>V.T8&v6J^\_E@d> roڨl7Ly9np6
fzNSAB!k%(8M5CWP	8g픱-{yTFϤMIZrvEI%?[$%sȘ&>!W=CO[1$#X+`ey!淨IpnMHCMD*b%4îD}NXM0,&&9"h?Cc{Bk]kP)! K]dy&戅wRâU4Z{<a"dU:8!PJ|J"uv >0føst5NWҠ:F?"]S/Jlޤ;_؆O+.ҷ熮 FGbŗQ(,R*dMz=M;- ˟+۟%z@"BVb0tl!mjk 9l5L,=ϛ;g{ΫXiML^R3&yrl '\b"ݲK2Cyܑ^0cIi8%픪++p̮@]{Hso cUdV?nۦM-{[Ȥ{.UY'JT7U6\u,;_dVr6c_~]NڤI`&9≒1uO$w?kDupѬߡ3_s5.>l&Hjb.΢(ؠj6!ͲĽBA`^=]򶟴3`{~k4wdӓwR`t˟^xs7>̈́DҾ0!	2Cw	A.1lztT0zP5O@_OFExW덶v|3:;2`ϩE'P8_b0N2UWvڏ+Y1qUe2	pLh?6i0&WVc
+[~X]He h:#PpF4ܗQo26BNCۯ߆X!"d6n9<~],!+?cs׭JrC?"Exjo"fmQ&$@f e'-9zr-eԮ_p<tI.}dm@Ȓ*1C7؈%l-jL6<°,BT[D	ӭO[#`Y8^=sA[	1H>_';D^w}	f!Rkm_iє&Q0{jMX=mN~M9ǥQ}J5&Kp%Ec:鄮ͪ[]v\ɡfp5/]YM{ʬ,K	ȔS]D-`O'k=,]CPOA:̟􏈜Klx72	"Mv^T}ItE.xM>CW4F #_}
T77 [U_Ri&»NtB$M̷X@wj@2m-t0W	+@%\PV=hy #`Z톲8rMYM
_ml&,Ϋ=, wbڌm,&|:oyg[$LLiV5p"aB_$G(
]:DpVWǫ'5Ά۵F@r0&>K<L07!wcR
,waeJV!0ZܟQbVYC5^˯3UNēQTVx"zHq}N$N7G\ްզݒ,u{!XIX˒5_CEip֛?Zr\+D=|2,v~[GL4G]p^;ö.ҿN->a"-p=Ig/ԧߴwP3˓9c@.0XڏJL&
>!S-x?m­3cAD1$"\¡'Z7Q[ouR5οw^~,Hz	G$Ul怦>w+}{;j&ngjN19GX.Ke\QL\C|xxc_OZ0z@jzAmvu0.~/k>~ѾpJȈJ16ŗĮw/
dӵi׭#b@o֭J7H\wggWk4UZ9ݞ*]Kl)Y.bB{> r>LƼ {EZ>ůzB4K(Xv妟V1S@cڀh8Oddĉ9&P,nRhevU?*vU%t74
4आT@prwmj=@٨ZR^|\Y?v\M;_Uب
}
jꩄuxNlRV?@^B6C,LQmO	5K|]8: øx_)== W12ȶXpy3K8FOA:' ,$hJHc~R4"ٖ\
`B
*x"7ŉL_%5#M/1v;X;I&ȝ#]c>V*ᬁ{2:E/Y	j.`r(Xą1觋([2oo	Q?"V4Mf1E\7'I秠E*m6'oi
]A*Xr% n6pjmDH$c&3gu£)q
oS<ʠ[+d 8=Aev]΄'ϺIdVV0	wNQo)L~nYkIz~erzyqoT@I{bf"" :U4݃z@
k=qTwY胇d
}cPa*\?4]T'JV;PNor%MӸRZJ_&G>Ѣd#I.lLoK_T5@3?}&M]D/0c5Ag<FD4<Gy=YqDƟ&us_(Mf:.j,G꾩%!Su.0MQԫ:J,Ic2z,`C(%OQh2@3?Qɻ 	ǎAw+<3-T-%g;1=ĕxuI_ix$.jojyW	MVB,hə틿s_c"ɧT9f/6]g s䆔2<r<YWÃ[ Ԕ_*YLRrʤi~Hl([5L1
DwmOPH_15=:W!#JihGXw=	~v5>!Ė>A߿%s{-,1$Ҏy^}fZh2z'Pk4<0J[("gE, FdМYQv Ο4JhO@5lRi![&9k &o奉K$J#oc960{`?x]=+9Uw>u"8Fr5)G2-/{D]Qc^C	Y&}!1ȷ硴6WKԆ-M^̪U1+iHvqғt,&0'Bra*@c2u^P*fIdgweo4QUpÄ	M#57s$nk@}]iݎL¼Ǧ?QsLdrnԊR#(pN0Ѳ>6T^OUM{r-oy9ne1RGf>CP<]Y9?.CAY	w^ꭷfU8qܮOBću>鋰OmaX˛q64{~2]#S݂%rD`_*KhPfux	wm9o؅ga::nxs#q[!kE;brfJ52/ۖUT9pd#cmxR+Qb@"ͭіxkcԗ8I'@?'p8$L0=0@,aNj@<'QFHh&lvh#8>MO kV@S]i5*xvM2xIxqnNswiĕXr(Ή{q'b/*W/<@Y{>LoJ)צ~m#M1N1.u\6^u,3Y}^XLeZh Ө(=}uΤbЖ+^AziԀiiQhz0g4Q r50'&&
AMyX1@2hL\3&*;J'DK$| y"A~پ<Eu5qz3R$(2bwj%"ԟ$-JXOIIH2S盦:3 a>rc@qأR(/w3(WrzsgoJ+7$LaߘjEEڌ]*^Vy`ވ<{P.'d}oP{:H;03rJc[8U'k.4ٿޞ\@xr˺2uå ċHfI8%OC^wG)Ls^mW}W£@l;r92*~arU#%%y-¿v#/XZq?<n'}WF}-t/#  {	w##2U<m!E7yC4Z(T6O&ji5~T+S(|lx
T|,OL` )!yYQ7uӆrV°Lѹⷋ?0TVE"}Iyn,M5/F/VֆoD$ul]<g=:J`.3Dz6
.&$fnyR 5s5!{DI=dnyp_SR-o90.RvUu_yp{Rn?o]>V[h}]Qڻ0W$uap] d#o$M;A7/LeyAkt
&_"R&RTRDIYwWB͝.d{?nedifĈNcBjcUWQʯl#Yr=}A"whxr죨nV^/8,0	, ߉50E͙&υ^3g	cl@eoڽ6}0	I}@_"7>5Pw hFXC!#sJȰ;"a }Q"F}g\eD"|%XktGڬhpȨف~pqZ;Rzi5<8/>tb|Jv|}p.XEe-/+E=3	1Tz$Mf>A,t?k%\)
?F	Xh@Π)Lfv"Xzm!+׷35ϫ.4$e:D5#ii"1精yu&Y_sJ>!`x")x
OӣVR_?J݈3-ALt[ڈ}6E0J&"."a!߷YH.sᓊES^jjɧ`rRW:&C3`j]H9dCFol*y5,*4=R.87AUaE (|k+rwYC_Sf{A=;e.FsqsdɈAKz*
G*X-Yquϲ,^:+Q9]I`(෼v,j|L6,Uc=PdKVۚdʰ0NǉDUvشQ&x/5Μhe%C0.G\pīf]5:ovN֤v}U]n:Iu`L5[r)^:̴='|fnFy|$ZQTu9tmV`XQ!h aHS.@"V-@CTo2TƊR*pI
HQR9Q84(* ̱ȓ#*lj V˥#ಠ|^^LÑ]mݙ6Ѫa.sX̶)jM,kmny³Ւ5*h)Pl݆osK&W[gĴJȴ55ҲlmXU(iӧE0Rb{kb=Z,Y|G2񛻉@c
fyc]#cۚɢ0:TXN n_	hBG^<gn9)ɭ	>Pͫh|$c'SΘ6";:i!%W
ξYcGL*x|WE'?e}x4=;oЖub̋ks1("-V@6y!лOGe9mFC" Pڮ~;#kMyiTJj&aF`X!=qszC':I	Y]>ĽDҥd	mki]ҳOq%^:!6+WE.<JZNAr	B'/Og8#}ǁ;Ol჻*
})Sh|M~&3>óEhq
 IV0%='Z1n|R{fl<֕QD-5A͹]NriZB8(ѰyL"X,g5؏oySkQffe}g`(h\ѽoUC +
YfNTw[V;ol¨ 
XZR9S:.m6xmN奤H[C
ssqnJʍcɄބ?.	֏{| 4DKSF>E=S?gGQ\|	Sd;E*!>ekyv4Yj_[E֣iݯÅ3)5MND"UU|8X濴~*d`/Gtخ2w8F*}	% ö!%첇X3f]i^
EV˰Oj{⭛]l:swSrM3Pq#Vd2z}(%a DD[h2=/ȠAsrWn-??P&]TBzίC>x&'VZ͆B1NL֤^Z ~h~1TbvBO)rYn**ucSE6R¦4JGqIV(Z%1\z#VR(u$_oʃjSXCfN_O,ʟ	sh	1lxDFYo.2b"y<vnn@bߛV/I։9XԜHL('܎1
[;{GAfb憎ʣ 8Uk<h d]	nlƪ<,aR_wJSsLkp'
U3J<'16k'O>ߏUƛ@l\~rYdjFz\mtNXl\o쬁>"dvb}Jd*ܒ7٫{#UE>)Jڃ>/D<:]e|` v<bD5WN]	IA" >{#?abḺM$[d(-ʰŉ⒚[xsIS"Ȧ5}߁S 5(pߧ~h]K2QDӂ -T?3:%X_bc	|v|Boņ9F3OjiT}wQ{o7wlzL',Tp8_YQ4wǵ@
`;5̡0
7a`kV12I>݊|I9RZYS~J6r'UM|~KhAGfh\#=NHª$n.EQCVA0@1?$,7
`%kAJڕ'oVvZ9v߹u\8sÒs;m.o<9u-{wfUo}>uP'KP![l~ꊐ@_ѦR UV`)0PR:e5n'wR#q3!UwqgR4Y b<97evDb%u3ߘ M;+\;HiK0Pb'YpK_tEsVoo4 ijoFlO'5ʭfIRULWKײ;" TdxØeUwO9N}ZNr&MGhs&g֛2Wbnz+X`3sRTJі<mf*Ku0+ǶjU& ӕ/*eU<x[S9p\{i^=
R _ 8r5{H}=}.tLEݏlNi*ʛw/mxᔍ}$zY^KgRsq*M6\ZZx8i!;h)^o¹1)hor%P0ҵ;qP/F;uͯ?&9-=^`? A)^<cA鉏ܦI(_DGuP*`A+&>:xLWݎ>U1.xu!12r`:LKQDddZHY#׮@N?m\jׅJ@{tV>)	Eօ"m>`Y<zZk)YX&muR!>oR*Q.~EOb?u	t4/$3wJ\ρwKWvwbr".),3xMz}?^Fe]o
5TĬ.hE)<nm}ՌcY-&m6yMvdFnTk}=H#U.TH)K:Xz
dnT&8+`K?}^5
״xZOT$Rs}Us82BapneH1cl+Z
cCC)Uz࿺hPEL1	mكy~Ur1-q^~S;x6w6X9EĞPin`r_{td#47fr^g$KV<˵LHf#W;K]݅Lht6Pr,J/eK
`!{ǲDY_eSEtn6.XAKX$YA&ghajG=#J/NDPv2F͟:poX){@5,N8I~O9|0gbHk;
$ 9|ٕiF3BP|`)	դ1I:@ݝJ^Je-v*,.TOPԺ7rH{b̔ؤ]4Ǭq@ske@3v
23( |ɳJжƥo2C2&&1+BVVŸ[nӏQ&ݕ: H=;h}7(\W>NckY gL̓ƭԇ^RnL*K^f~Luh'|aH>U)3AMJ$/(k|L"|dZD^<~2SL"ԪFE߿|g0tG6Stڱa}f^&iL8Xm/#e+2[iIQ^T5g̈@vUaY:;tԳk% bQنS欘	&4蛪w	</zP;o&x=rtFPhd{duw	w9P!(R{$	P.B(8IGѪb_Ԟ͠o-S`ţW(<<bNhvnewHP38h޵$Zb8jq7C)7D+g_a	N6-`	'CSk}ze{Vn:MV-IE,H;Tc0!.dcA:!8>֞EְY,ikSꩨhvc=p{ώ#|J


)Ҿ24뵴j?rrOEsЅMBM/st	(!h.RKP+b30:YQdi-B<u-XdQ"e[E0nW`=hvl~mޡKy%~FT9iS v[axjEQ5i=f^ĚjU`aE58͋2N?i%wƥ7
?)fBpRb\$(=HZБT#iJ\b f7נQ+|ËdUK Wڳu:tvaX%5As l*)%/E~ZFNoQlYq)!m֜%x61vw	'găl=,IyTiNbZ/յ0>SGC2{19o7_$7jouB4H(?L̪jBGQ~)e<
:UY	:܃TE)L|՛O!Ⱦd{vj\m@DzR۫Exd& |TѨ	ZN;e<u$$30EL+dDYUBr=ZoWc4M|2r3{5~ʻa?rr]oOA8F,`ec^Qv0ȆVҶq\25q`b(
2ߜjQILc<xrCץW09ؤ|")ds4a&D~&jirRxR3ӎ/PҀ
ͧ6kGL	TEyK{kζ-#@^TMu]_a7i5lR-:a	7Ga<ܰ32g?kabmW|K鱉+^ȤF3ΌiL*-.\E3%)#Xu%JڤFrj@b;<P{;.y$)͢Hg{.Z^*דǈ^ed8m1]E_~G$X)b!7,1X}/XH>p(_ڔ:+o0p
ajo۩d,~bxN
O)HG`683yWb{kk%R^/X1Lz5+z?>z^r;N	z=*9h>uR#D@ED5` ORݖ8k?X~'PnY1iKVP?NÔlidM2j
(i<҉gh0dsPĹD%X(]d1qp~qO{ڠV!/q^{C9As-ܝ~W2g;)r﨧RO807㔇1es^UW[IZT!/*݁	Pl+0j 9!S`YC4*k)&I&4?( j
hVEA.,*T3Xh^<W:gBePf$$hO.ߎ+ądhAn>cdxv!T`)8|C[ۚA}:Vjw3|,={pz%85y-AV"/צ.-%e,&K^94@
،OO FONL.ϥ)8qt9U_axUo}pQ!<B^1#`:"VlG.mqg?[%A27 ByBXoP@o?J@Ӝ=d~v,~gk/oWt9>}s0dwpEwSh`Kh&|0̛m3-R0)(BvP.dLT_Y6G^T fOght"8<El @x߸gI?b音\gN~-\\ObibUcZS~:"l)೟ 22 BDS FwQë?\:&5iB-`#Rk1sKW~ʒ_K,K(F!{wr 7RBь;6򱨚=<ɧ]8u8bD Hm5n&&9g^XfltRCbMK~ksULFXnHa{l^[\/##(PuoDi ;^XM}AʾU$!q9QNkM6	y;I@ҡ]APlGg!C[}t8GHE?3N[em,'gOLb9_7MaĹEWW	+$۷_p6)$O4BlNVzϛ5Бi˶*iD]P^s[\Ʊ2b,r7&nbc	"z"Ѯx-Nٴ✃ofd._i=j*C{8itgCZM|C/Dceiѫ`9Epj`q{w?"1LYL8 KPQ"l݇EnJiM@!gl2D7K{WA-;q'jmXj坽&M+nfitVHt>vypLSNNqtiܼuǻ:o	q@u)d)Z^4ʢQ8J&6[) O'bXs-0"n!7i@)[>m.'5ַWO$lC%z.!
:dwk$*o
ӵ;LE|r.;My8$e}f)z/wp8Fc[Q wHL
'(IBAˉE+z$;KhH?gy^ٺIGyknN"/7fGt0k	{y3xz
y*	&J6:iwyOD^Fڟ
J<Qw}})hq2?7S'=
O-jTI(_`,m_%C!΃qFa;ނM4MZЫބQ=͏R򶅊3裰6ȥk%{]|ˤ>7Ek ,2Gߠ|#+ԕ;7PiAf$ׇ%Qi<t,d/8ۧC]c!Nx]'gߖGC޻BWvH"7poVG\zڔ$%}6Pv<A-xq_zq4vr+]\MA>S 6')BhֶB/DvWh$Q q`܉%T@E3"fIM=oKا`l:X(W'ڀQWTNؤ"VP'76-y5+$\-{.yRgb@S$
~|o-Nm5$%n	D#wl}Lh'vYFU[sA\FYN/?pST(xE|.k{*&L݋Vྮ:/\icJIPO͵rvߕVqܟͭZT u1Iŕn+F`)zIݽ3Ay?dSܠknf)q gvpѲA ےZy&N)	.VS4#wu?JqQt8NlRiI-1v/Uf3(oC~fMG+:цא(7yת)[Uf1<UN2Q}xɚcz|, YusUu&7uYptm?L83&ӌIN1sDCy(mQMy҈?걀 \K,)SB;K/h5۵+}Tu+a|T[ǭ* [oFH&<Pe{րK捌L.p|֕LE=+D|ImtxGxkv/mdf=3BzE@%a{) [ׄtJm٠
4Gڕrp4KoCgt SPKH^vi~+x>Ȑ2W%J*fp<	DE2`y(x%0	Inx߶^\HDo0*ȍL-!nlSLm>μ7r@<䐝6ԁ#O YOy HJ2mk;422wm+ A2+YQ.=J`OHƙ} ܹ,Ѕ=2rQHib~59瀜GbPwOzES\AfլM@w3O)>9jk%)tPw;7wu"< pzQYwNN|`r$v+PSYA@WvaL
?sG'!%>Bȡ@D.to0k̹Om̊s+s[Uv_G,
ϾjF` $M4,څߜz5-2jG5,-`F2=|6*BSvW1IxzxƦ@Q<;(m.@֬JC
0m\yBs1F},F<tJ*ـ\++'깂;:&̊\"ɦ)c&A<srYYLӾ\	&H*g:l *tbH[q_]9x-!hBWDRV!X9ymKװ[k)d8Uj?UXH@q''+OXuq&Ne_.5"ѧs$i3
.f+@bK]лP@Yv26XRfea\.]bj^fnYdSJ$0l;iRLIɖ$Qc`PF]?I8"W0܇-:>0P7׺ķ hjZcoH||=/` 
X\4ĸVHsLkzLml	6lW6"-*ɱY!;If\R!Hf4f ҬmBlY&W4Fɲ߲ct{IKb̯Ccڿ]#|!];JN0P|.3iR^6CđFyf&dήFZHSET0= xȞw(l%KTtj.܈(|{kZl`ih[Ǘq+ȸ*M,G	+6}LN;=?Of;Bt)1栶@#tTJ([)	 FfWfn@,mme8L$mAM 1=gpqAs!9mcgIJVmx2V:dZV5qNK|tMj-p則}+Oh+#׈rq8T\iudD]g,vGF l[ԗI4@c~vp ccSǣ3u,!bTw5pϻΒ<U<?vu^ń.of3{
tCKW=]wcb,:}?纏8D{wTOyDF7RCB|EX+:X\WU]Ԝ@3*	r }OZdAI~<pΧc
f%.Q23tꡬrI
73Շ7Vo΢@Jdj52"Է-"
1hYՂʟq3@FSXR# k|#o
UP9cb+_b~Jv
O,!FT0ϭKqd(^5ޮ[սt4NBxi:%=7lA3q8=am}VE)hMRI/2$f[Cljwwe䧕_H?Z"H_nq@os}NN\s۹8,3VīI.lBJxGhw(N_CR c$.+y*,{'4GL$#1_jc{3]p̠~3ftJHlRy]Mh|P!m`Z	p>CD{jslg%b}ף|(={4%l~n]\׎z
Z4|qJ`oޖ4 (zsx[BV/4SkAqRifυ1?rp.{w$pFC5R`&k"'6mm~m`9\0#^Ҁ̥hpϲha@=nG4e<	%﫪T=eLG)fӕ|eH
"T \ }U{>XkՑYFNO5'3-)P+05ejc+Ck ul
|n.8Z-	nm_cD
$,glJ_{ۦ|$"Cq`C$
Z'f˞1\AsMd2&-Pr=3en?3N+3DM,WE!jϾp_L[tRUj!z^Qi+}o'	j;LwK֜j9M	j#$2gRlx)3 aBeRݯL'C<m
NW`-ނ 0^R]	}+<l5fX4
rcڢ/gpj!ȋݙ`]̯u7¢._0$g:X*^zo(Tc-%"dbRX0-//:
h"s.^3)Q4v6v#8nxӝӎr4";#Gh"VYQzyX]PlnIIx6u7J6smD2^:`'<eyiҮ1N\,Nfx5tNNW8p]%t-hc:mrï_PVMQR.
0gz =f=B/hd72:%\P>z7
 L915]iWlO[-ID%hL&b *
 CNk&dΈ{efpU3@4>z(eX)}&XPYÐՙƆrbtہJÊB-cx[{*Nr눢}v[%,!]U!V`7tJe18>ǧhH+I`I	W
>YWzRÃ,B[U@Ԭ:)완1[BUX@Zp$NtGXJ?H9iD	@0=yJN豴J&~hMvV ybbN1T	JCS=bimgʥoP?wLȉt7z~L~;]مN
\5.{3
1m'\/÷m0M9SN,JLI^x"g0V/a(/E+3ۃ7/932B(^ 9Ula2L:_)848U޲) ~1ZD8NDAs%b5tk X?_yLA߂.5=MAZ؝8NR.ʕ4r]T_g,S՘
G$b],zYH
6*?"?dh
s!g)Wc8Fv߾⌶E{ZdYFTԈ*eӼJ`˕
PP"r$<>VL(ؑ~[l,U% 1-*bf2<[.(1B_ZWJ`#Jj~@4'eRNL]M>-JK?ǻ
sZqiyu/UraRL!F䦳hߢuYƥq{w S7&|BJMgʅˌwɂppy/RJ)u,Rcw0ċn~2pȴ	 rDi4g4m\>OmQcPpL3j,S47tf@._Z"BM!>$fq&nqa}FUVV5u%Z|h8zߏK|zV [ׄqA"&.2Fb+ p;(H%jO`}Cf@
ugܝԍ(S8m*B};֘u
(}0S=s8Hԇܮ_hre"@r]VjS3{؇QbHeG~ɏ41d[=X|i_-B`ӛ@h+w8DΦ|C1_izOl[H,-l+=60"=[NmߎS:=wT^O7I_
FbYo>TqJ4ԊU"Ej 1]fgQɅ!m߬`.Tgut,ف~Q?Eᶷ	q'kEFmPAb(\Ȣ,XyvɾIz#}Kc0#DS%@ޣ{Kw)}M07Cj}0ƙgO;$K;r/EOyOU.Xь6 '̄E"	DXX$p
L}2Җ]ue; 2tC 7?16תM ot!B@9x7vҙ29ɲ[<ϼ]d^iI
"sмw?T^;t l#NWF[S&DpޫstǸww
`IlG@ȋz;́.zn7ag.<_9=zZvV%q1 <Q.VDVe'˿qT{8"e{\?WˮΏI';oj'?ٮP'cFQҡ\΄;Pyl&Ԗ]G	%>VjlmL^ʈړihX*ؿHX=N'stkBƼەקLC~AҳXW:=͜\1*w71FgvQ_dPR1hqm{I39V=zD>~ӷB.+'7 ĩFs[4fY_PH7-d%)B$Y(NN
nص$)#TwtJ`&i`#62bϟc
nhdBG^:nyFflk$1 	n'Ȯ7:3:E*w,lg+Msh	b`Zഁrh_wpzZ%
ŭi};{m+бW2%J	K'Ğ2GfB}J3.{'ބ?l2a.{^B{:Q4i</H	 JAjn?vhY?<o,2#|kCR녆me?XA	|3ů2'Q8;i^^up%C|JM5Nj5vlV6Hpʟކak}22F+6$EՅnsjkH
z1BYNuPƑOz8zZpq9dI~mP=M'0o"~bm`iQZdo~UƧQ|8GƠ&)K>Jӧ6O1^mbN9qKAQ#r{~\CW\c嵏3²5VJ$cO#xz6;OVUr,N2\Pނ>zA"IāfjESI{"|Tϓ8iBy7/ƟH[[ʜt#O-V+?)Y{Fei-lƕwjU 7]^dqiO..zoG/d0=/P,KT̀Ý]ʗ=!Hnxrq(rA]&9m8L4&U%Q!v9"C\J5G8U\d8"9'U|!DԿWJgh"oC-O7'D
uYs$E13^u'Sv5bgb)sZe·hQ8GFăl' )Am]xe7Wc5WLT>(.|}p8%3q1k&bL˯F97IMxH;A槪aNA4#}U
Z'ؽ=Zyt%Ǔi<4Kz\ȏT|\Ԭwm[IS.dIw;^<5C,oDLBx5EC~hH,RxhAy`^hEՅRy[lNGSPN@ƨǣ?.OS>80Ez\"?N[AU'OzAW2/jɈFs)%#e300mkߧ mXs@T%5A4c3Ns1rZ#&0LJc<a#_eQ%BzZqz}Z7	:TH!Y7o@qwķNkM[}{.M~sP`S*V@cm+%	*zb=}}S/s:5H	ƘRRְs/S5+m[ޟm`ѠMЋE>H{M2uBؚ۟߬@%QvqiMGFVD=ŵlu(!kQ~-}KϏO KۧLy@Ŕ`S
T!-%~#ݯPr.iIV=~?S1ILđ-C`zZ0jd.+c6>7Fdp"W1<-mvgD0pwZC[lLBc;qNg@JP<'&PYut(a AWvl3OtXvC|*݅s<u RO=ڵEXuʽ_',k6y+ D b#+S^({'-Vk}ގ++ '\JscdW4CO]ݹ|Fi(Tr~baĤx >D`I.xq<"'ZXa@(`,8:ƍa)޺6?yo3:eR^Vs.Z7t1i)B9bhXc,+`\?u	)bᶈz|Myгc*!&8;p?ҍ9.J{HP
@n.2|{5)J[:S NVӯIOt-G0YY+sCw _¡)N?mV[{-'JKxnMw6 :s5')z|#>yAn֙SܝB8+fL8ӄ]bRbBOg(F\xd9o'DSt}|LZ)QͶ*5<qrh.ߑKE{RG Gl`C6s<i5iB;.0ʭw6':R	([ߒA6Й7>ĜPIݞ
[.KQ/iW%">(	TgJRr+ ӿ !"lf@3/_ǽN_z	#kc&JX݆Qzc7+T24f&Z,Pm|e3۴hs0MUx)VFO~EڃĜ%PSV`Bf_8K<>qN^%g%g~qp/;sW\ҚL_m1I0kE^K
,%~U~v.$7Z!Ć/znUՉ.d3%|sN2+Ybŭ1PxHJTP0'IKqǧ$|b隕ky3t*Bt\SbDw7?&[c"~?;gn5{Z{T-HlIAB@ jI;-~v	8b̼%%}Cl}GpS)w#coL+8ΐxcwM%k吻D)#oftzvB9Wm߇i[qC*w8N"ʉE]4Tһ^AI!M?*N}b=EoXEz`%'߼*/]RCC$5Ny'g1l\*j43F8;{T@vw*sAlP2_
 \\ԜfQtӵ!D=YS<=<$"8M%:ݔzlwFv0N?##0 hE-V%?N~T3]KU/$PqmHtqP"I=Bu2Ϋd7j=m\a_)BRJ]˼NRrKDkf>hOV_h%cf+~w-5 I#bۮ	4ǿ:ڮ+xpgH_Xqa3h [ڒz_Zuۗ^)<j*H|E(4vޖ&)҂\~y
7I:虊kӞyb2ّ">l+Ã|iՍPZ*>A-=}=eW}Җȸ7URݯ(3ޗ,۽f'}-&s2f4MX=g{QΔ??4#tq޻ϩcfBtn}Ց\أj9A VKleDH}m*wI-m,+;IE>Q)'F鄍LМؿ.q?!"v2e*ٯҐMUEBt\|BGmWYA"SۣyeÄG"Τ^_!Rvhal]CדU)rG=qW`EeɥJ"ǀ8
W;Ä;S+X]y}WW%]cb䋷ñqn1oUT M.JQa:j-L,R2<R6q״j=D/]|d?zC$a; 1S\^⿔L0 !jN>r뾿zdus_ٯ@E=%l.CyLN(p2|~[o g3#@JCԊBsHe崢+bDd^*~^S`ٹZyK~qN&f8nS>iV8,$2	wOvlr[i3+dմN>BEْ8Ñ( !1݋K[_kc
i8NTkB²i;Gl	""J ZZ -*{PKj+Yan]>_?	mx-3b54cG`,Fv1j&I"<\	P|fXQgqSAF1:MK?9<q<ջygIOa+Mp;	Qjb!t6Ne;b z!zQ(aK6zJp!}P~Iz[-nHOB je%nJbX>p	\]UQ6=W5,VJp9s#O0" mlZWX	q<1	owÁ1ގ9nXf#O-BJp	Ǳ_cf;j@[IYχa%ؾXavweoEڷԖ|(߄.޻k:lhG`Ӌ&;i}&+ƍv|m7`4@kB 8, ,Jt hjwl ?Zÿ7#׍'Ϳn"451WbP;`)O-\AVa%8,dҁDܜSiyէR@OHqqC3A/)PN0RWI_tn; 3ߨ]v.c=H:!d+9ߞ]gEh,JeI"dV$IHec(^,uhsbkپ!b3.!xuI}t
/i֎L+7%i<qroÌ<+
jVԧχ3`J6XN{td~QJoW\ǧ<,\ItxO!!y!uU{ .A")B-Wyr"$K"5c4zFÙ,;j>^]c6F`w~x!L"=.Ԭ@ͫ2D0ue9񂫖Se({>	|\ߴH94wOMdh.NF$<_}@p+Y@PtvRհk8-VUYקzԮމ܃ݜӉ?;#Jbݘ0xqB;	􌗷
-5Qё?i4S*jYa}Q³s icUJwqt'}pA43TdI5ȷ>dGX%,ɎD_
Ś 1Ǩ4v}#1z@TTP?[[a'зGF	ҩ㬣.Vz2 U=$<*8>BB ;h`_ȣOu
?=ֵ} GlVzGt-k
V7OBctHg5q?9|%jkB^U>-lC9-@QNU+E> =` LRYb҄_J	*B*2IB5';D4.${=X1<qy~4Eo.%xQ1Nٿ/cᲥ@BEc7xoSj/qC:ݞZ).2PM@@[>13k-)k R=Iw/V-C%XHJhڏ996e¸YKD^L2Ȩ?n ONvg@o^W_s7xX%51Ԟ&,3\?rcӠk!zB¨;b(I4i87R'}HM[=b3_L7UcOM&+d{Àȭ@W|mv)5IGLpt'$L{>M5(%6@qUK@ݍ-JG@׽e7yJUWEYJ^D 1<'c[>ގ&ǠyZ~6,U&Gnz缰J|=c\P4AݛugWzUR>SY3X%k"}S2cANj4FWb蟻fH2p1̵K75Ugec#jCúJhmt/Y]ʘ~6	>$ʍOLXaP$f X[e}K+  On:^Dڑ5#uZc#?ێ&Wl_5gb)~^>+'K(*=F8G0>5%;jm.D󰦋()ɡUHj
mV6orZ&vaU[~FF*_1{2]s(ʏDgQ\nU5%zu\Z@Ti~ 7;w / }J (E$0hVSvr,pk8c/{{!Y+q8zxTKB
0&dr;71ׇ}|)"o\_|z5̵<|P8m/:rPRQaZ""DVph~$j]"Ȃ&NҤ?TLOJS7h
uҽ{<0S'>`"tCɰkDy%?0b]^:S%/	{@gc,L.b<fI`ޚt507v-PFMCna Q~/*Bwgp7qtˣ$;]%v; [2qxgf;Iꃜv]X]>M|n cCaW|a}RzPUg"?so\Et
=hlV}PbzE[U7I[eIX\L3<"="VnDKeV
=XJ_pr4 Ah MwMi(?}T۶eKmZIBInΤ;CQT揮["w1ow+n-L
Jz?׶׮pd6zd	R-(Mtcę$$MQ
+2 /U+MZnKl0]26)s:B`Jj )@Ob[/NP7Qᝨ*ޏ{]DR	
X.^h% ^٣uH.v_;c19nz+ơm_4xק%쩨$*u1aw5J]OP:ܠ`Ik+Yők)F`Ek)OEf<|W,_ƊWi CչF-'ӒS[|J$M
< l9o;#$j,pƩU@Nw2[_2ADeY=g10ٟv ;ngp^.>E<l5%D ΧB}I$C骀>
;qTa<b6SP|[#RƩЏ0_@zr+NP@e&iGN:||	d~!\rTy E&}<J06LЁ%'H1C#LY#&sg$Ŭ'k 2K,omcRƅM,e.)yb5YV!m{R}Jo23`$H9{5UT͝@u0~!IFQ*7꺗&vp6j7ӳg5S!?>ja8Z7.6Kw*j9ݻ	
񦮭p;fh>ĺ4Nڇ7.j!uuƑM^im~m1!{F=F0W#]`/%;^.s%wOLdd|+ƘJ[6Z'ID`.m0=(QzwPњ$"^nLawx+)/]g=ܡ^?KیkF0_t$I4tm;D^vd[(kP϶+[x-?-w~]dg׹uP+c߆;_6NⲤ{qSd%+YuHB졻BlCh2KAו߇Xմ)~gnKs=ϿD?IMlb5-,>:
`ρʦRCq	?|űzE_ܣn>IB5Gb3*20u2
,hõ+yϋ3Ņ@,:vvt۞{IκAɁTZ8lnA+KЋ:p~,!-y#Q3i](5Gi Fgm."ª|i캭jccuRDW/ckdLh#Z(yV'HwIu!2ƇVACgX3ʴRxņ z2J:"Vϫj7L:+d%=Ǭ6A񳜾Q'~xbrJ;+e~S'̏&y,B ݮ<#!nBK[|Qz>xMo `jX
L؆a<ή V*yt K4 {d5MҠ]FWN 7ѽkQdץ$h'H(=	6m||%N)77ʶH:ЂJ~69**qIaT ](w"&*(jL|C-8{Zr,KKeՋ喈)Дc6;Nj3xd2Q `t`4n1lÛj1#=0'~T~s!fwsrTÖˡ
nGx(2@OWVxEzvv􃐟%pIz~(+'M?	H55q.snSŧ.y%r3W½*aK8Y\qT|͙ŭc1;`UJKQ_=+u1I'6a{=@+֏B%X4f()_z`^_4^|?AZߘ8oj9T:Ub!oIOQ6;"e̵|);?bP隬@>r.!hP~Kz=S>0Fߧe`8W|uHeNPc[&i-jZw>oZTG_ilÎ˄*2G/d5h~C$K\>/8,/Oȕ=^ = $?x'cF9'xrýaH[մK)8i(Y7=h~u[2?	q*-W|h'9}t!~+WhɔWgDنD#|9:N#)!Aj5fz߉lP3GWu1޻dN2?0}^~#9x{pIk)Ȅ'b#bXRw%kqhCARHL_8VX(ds,IarUCҘ[ۻ$k=Y"ԦQ<+/b.DS<\H@(Xy# C\Q!KaLZmrtA]FIy<Ċȴا>K' فZ(G#g#'9+4l؇`܊BwZB^ +W$S@Z6@ mp_!͡Mn"Z,wKI67 Suz],Ge_KcSVkOKuլ6q'Ff9GY2x삸14sv	<oNQlWޔn;Q]]:<pFL۹u{؏6sxaIO3,hڃW!xhp	o3$!GxrM\Twh"`k?8ecloQwǉ0(p-H}vN;5O+aKipΥtAW.SȺv42/+@ӳFpSɤ%%*aoP`0a8V<-p
,#G'׹<MV$hH&ɅE?k hC$*\зF,Sd
R\7>I\+GBXEz5MyVpHMi^*~騴J9@ahٕv80hojTZN(p;W_fVO6]cXʚfaĘ	J4a	`PG3άh7<fmEOOkvAJU~=/($D?p@@(9v2:4E[ӎ}eo~\9Mn5J0|ދRM$5)2{B;sԉ{ƯϧAN+rR(v]ieJ)j0/'ht5C8m@e?q݂Eߏğ&	!CAǰR´m0䫵XVQT6`]$S	Cy	M酷zu~FpXG[[1@Q'ζXTc0 61qf,k[M_[$(B܃u-r:춬&3GtFXTY܇&['˝,Re:4a*h-DN7kX D9}۶:"$3D2赋ԩ :lcqʮ|+x	o9^fQn nFF(u_9ɖcи*RnSw>MRl{Q(_3EuV]~sE>󈚣0sK&D̒rfл]Pͳy1T[ʀ,]m߰ﮔ a׃Gp+`Yi[׉)6XAu$-U1#nME,}8@wq׬߱(yٺ~yfz]͈6+zE$&?MmT)'C<<%/LRX}ghWֹѵ 5tٓ0^2YcX\X~X!I~zĖiH\v'Dܪ@ao+^VԈh8rat:SN\둴CVFQ40Պ-k's7b<j7ZjU. eYQe0kxΩQͰ^Ez߹Z]K-OԾPPǨCj_xhsO40#ҋep_=^Hz_:[̯"
h#6[H5(&[?ǁsG=dj5 *gk_{
|8i2(CNYfaHBf{ x i=.`34HK*%v1}SpEa(md,oMv"?f$1$է(+."\VzNk(=zsrYd@;E;Be,=q1<9;͸@@[-hnMc/R|m%]ϴ
HfĴsgz<^" tHXܔ61$=~v$CEK"5O\"LzkHKIU?Ĩ*ҋ<I0!N'vBaY/3S(`40NsT8*Z4x;܆@66N8;sF훪'e=OPC8anN\jbRO	Mpy&>E~K<̉obC>;N.M3@
tC
-F\rV%15?jL&riu,ӿAm^r?LQY sf` %8~XȚ^//kNX.D%Kt\4i'ă;*f0jiV#{ɛWqPg$j Z/cflelub|lc:We<]ÛI`ym>yw`Ap{<	Bcߑtv%>=f[\]ZCdgIDp^ԟ`9tb|RNgG'1~]i/Euџ:E%lc_wǩJQnk9PpnH#KZnQx)C.4^ 9n3:pܼ{45GR%̎hE+Yr_xb@`0ūʜ̂GtW]CºM'\Q~?g*#LCC+$Z(}
>ʸ]yQzU^,!a{%n9. UU0'\@KPv#\kucIۮqJ-Zy
2@)!-In(i?ВA]2eLf"Q~K)P&+x=`2h@7c͓݅wuh+$'"@"	0GhE-Bn \vKƬDGc*	Z=t=OGv'}YV{ɻG<x
4juC)pxǎ9@,1FGw+Fh hdbTcd$4/cj+tV6:޶,cs(ԋA/CdGMj M".ϐJweSsp&/=P<D0psڧV05$pfyK^vVތT|>ƙ"j`1qYkS4B`K2WY-Yi {T`4B"G&.]V"(c	jߚZ*Q=ՅIP,­ޠw>[FXC|0gJ0JGf8	)tK/qB!).^tɜ#y4'S	/Cե?)2(8odn.ok#&cuŸх<A*A z3bFJ8&mI+Ayy(6[k-
 _PITDӀ)C>,PMسϑ}`\J++Q5pvGOK0t?:y9}(͑!ZCPYZZX36Xq~J{EX,`%8?5. kĸ"	to@PlVwsFS,RI27=0U#b荮Ϙ:5>!qqA?T!LT<JsDK*SL;(sP:p1',xd#ybE-ipjQT)̫οʾ($y9uԵ'b;8ywﳦ69&_80##cL%sG|_ D+9!4|k˾Nz	
,^/I^%{?I}\%Q]{`Zfs~zrF+OU}S hˆl<k#LoA}YwH"[-܃Q%P"5{]`4!8@N`nJnbNV^Ts׮dvk2q| q<Y5
Ti:_Uy5 dh z!#X·oqcKPY+.\el(yLU5m4k	()0hUqxt̙ܰu!DnUX(MFC=E;)!> ]B2~`1T۬5{=21
rͫEgt,_ zVZ"n'GZn[4oOK\Z77<ּ	A} 2Eehy(E'y[k{s+8Q ]ݕ8LۯtI`s|="Ze5ZYBE]6eMHx<8&SWjLbDb}2.j٩g1m%_UpmUn]qVG6ʋ*#^>O|9I	JO^vSW2t%6ހޜ3S_PC~P:_&~4h%ocGU2n1A07INw?QQp'%lݺV4m/~׼EiO|6{@=rghHRg[Maʕ{CfҴFpy5MpZq!Tq8Ab*Vvx9Խ9x`a$_Ay۱HjNqzh!oy
7*9\j'i8?QuN`V]-59y }J~-[ln<GpS|̒ȸC{V\mwB!PTޝEzZosP}ß>bO0劵wqo`xn+hͤzK#cVHX.^iN!Z)_ޥr>|ֱ,I؄0.ѐB1]eo!,,%"%Ju(oZ}*o[K1Ha%I&Gb(>'^AY1bJ)GL}iyE3aŃ\W}oZa$](Pؑq^:qclTphae%Ei[gbS0
b휕od(^"Rw;r9wn:NhXX0mFᛑ^it/-npGW,p?;Bg|aC_àRb{OZ|y|*"s=;k1ou _Oj$ʟWdxP.O^2M
^Zt~wV4CMJˡsLU?'DQz]x14lW^J40>ig8M+AA4Í|9(_^?G,,^a?;Ř0P&40vT))IGhN1yqxӕF8MBԨwƣwtkņ4`!!֥Fs/AfČ'߈832]i!.4E81LC;W]MJi:۠]Xԅ	5Zj[ql쒔TKA?j^DEJ_FE".9OuJ[Nr(
 ?Ҷm
Oskȓ%yKAs	f'cFоP	}Z{Zzq;e\Έ*!HZR6PnREJ%y`ZX͵OR6W?V~Upcj=54P:*^6Nl^ iv`8%5K[}ܳV"#s(Q,6Y=|V9xTDTPzX7Ēڦm?rJ:	
 &NQ>'ꤕH#㪜'Qޞ-طMAEO>mt8of6O!Y3r4:~$/Lb2Q:;䜫}&g{ۊBF5A3a?dVQ'`'s"dt7"D1L};3i!/5ZP5sUY4F7԰ݥUJ|ɏ'ߕx_#>%Yh-6;& %Bi%I!} 7UL`]=5 =ňuYu#FN9|.& Ayuٶwn@LbiKn+ܰ=a'B( 'YÈRSSmS	˟x  ;I^B몐vXù˪QtXug_ҋl3P"AK}L?oYTI-	8Ea/Hɬ<LbMUQ/*qkZob#c`)HtS:?c5bcC{$@֯Z1qS;@f	
`eL
}q'^EŢAT+Տz
GlKaFn:.h_Ga;Hv,&l_q$H@;Zƒl)<s`KGK܂챆tNG
إo+},y$>Q6ۤV+3{*vhYҢ<"1Rק*CZ *O9:kqT}keV8x'

<ɏOK^ckAztl&鷠 Lƈ	#aV^|ş cn9c\A#Ç6z{iۦ-<- 1dc5Fp\\FY'ViN
u0ZqM&*u`r6Fxn2+˩xt;"W#à'f<2ΰnzS~VJkYoV.|vI2gw#
]eucūQR, a8-P 	l#S?.||JXv˛2[GlӒҹ䨝vOQ-բe(0iYVW0M9tʆפI{xGF]a;Y LpE6%xxV>Jz
|>Ƥ{NtPZ#*gE~	ӊ SP귢myky+)ڢQͿ:#'V89G'
㽴tF"d]'i)y{lA=3ώzbTeG!`evNP$	8!-$DK^rvgXqM-sgrӛ4bcr7R֡9d'49['DPnR[vR6$zWj+Qj?	B>QS`E_1*v;@?9Qw&?j˟5ڿ7]$<V3y4!`'F7	y9- =9H(asG:yq>7J)G_́vGEhU,[_,/#%%6LqzJn-%JUֶЈ=y3ye>`y%2*m(pEܡF̨
݊0cLQʂpWљj]M$bT{Do -}(>CNxuG	o3vm%z͗pM`m`5yR{b*O&/ި'$~qH?dҵ8)݄W) prѳ[fBQ>d>dׯPm!$[4>(/f0$&ЬÊ8y-GM߉ׂgZƲĩ:@ikrUv;\deEab<\-=}"qaYuF̻!4OI+ǥ_=EОlٍ%㐎?"^hKA~H%${aC
.E˻xiYz.I5FH".cWGC77l%Hgew;tR5LyEhhѕegDSuF.)%{5녠ƺ3o}e'nܖs"HzmL8D׎xjV1cZh %
tG2ԇ>=Þz жyjRoA ӮKP?'"
Sy<%`(=luʔhda,f'Gt4|{Ƈ	-X2A=$̳dQB|s]d+"5b&n1.%J;iBj5ݓft t2g6*tOF@ ~U͹՛Prp".6N7Qaq}Ǒ<PUٕ~S	.!;yب	ʌڹ(dũ	׭9۽bX"W>LЫ0NWS*S
+8W2O폌hxח?ەQ{iuD^ʬE)qyNh,%!6VkVk{9Gn}ǯh`.>?:P5hGٜ+ߗ{eo	C@\`=quWR64K ˿^pJlHPCN~ f䦫u?bJ-mq>oyl@@aTi;;<H&kr4-qH^IBx^ڱzB8rT#?:q͕\-F2^qÅlma_yUyUwLPaJKc_MnBb<.[ӼŐ>MJ ,\+6vjͫJkHÏccH˸5; ;Ժ8BW-AN0ah\\%q۱eָ^<*A_HjdHL.1eG2ze(60޵4SlRY䙛ރ
cK$_ `;sqNQIdLR޿ہr~,*ҷ)y '-kӕ468=ˋߌ72X{:%:*q"SC=6Y~U]䪬)qGܘ<!"g1kP@}J,'!4mX #PW&@i4Sl8xј9J:8N=.#~gWs|\%ѭޱĖ! c^L/#g#RpԌt0D{SM*Kɫ:\'wZ]Irp
jq|UU9 mԏVW9]&e"݃ID)s~=*vI5u,0ʊ3CAe\sg}Er4$"ҍ:UݟuV0mR$Feb!J.YY
~q`
ArJteoaGKOo텿#vX͗iKغDyjQɚHd4W~I/$NYk.\Oyc´&E%ٟ_.fdX7%\#PfGHmw
!
BZT-ߛ{^0mo1?s_%KgvP3q!P_ ;JF^D3H?VPIT=*[~eЀaU6"JB%ˇoR
f~CD!)o;x_6|Ŵ!'?2zo5iobgA1OD,Yz\UyH֡s26v˼mw u j^ro5OԵXm-)9A+вD$46YlJ=s}ހhx1hLڟ=iVۧuAZ6|[}_H]n0t+K;'sN/~4PP&2639./ SܾŋSJ{E&HIlWc6p@rQ]Nfj("ϩ5"vϙE
|+h='{e-v dMI0j7qQ M[^*.xx
5Jf;IJq9!Mo'uy4(J*۬~fGvNCW!m]i`1rhtMڸ"&3DpYgIa6KtVUW)\~8eMfM*?=i6< ne%9W,=o҄9F`?5CeP-99#qmx *)jaG5| &;$7wc>Dg||uE."\:ݞ[.TEeI({9/	p+F
~/n"';U&Cԗ'QoMJ4@^w'\U3q㙳r ZШ3֕g[<X{+<1 ؁*$~`*v\
oCPY_\M굽،8aVS;W{75`-UG,M߫X"k:űֱLFHLꃲǁy|o;F
hIGos˝P/{7Ԕ[Ge_L?+	m̜ݶ^ߣkx~]^oYm;u>DaVt-6hkklF?R#"1nV='<nBrL[ K 8\	
٠2ڦ=ғ\%Ov_aڊ?)Yp$B-/ڙN~,R:|نM]f61:$#WԬ͡L
^5a,\|Py:(~PϯpD@*{ǇAilW'wQsZY?}q%Qg,댷vAa/y]TpY;tF$a{md?LR@泼Hi55rko,֋"s(K.u-n>}ק5y2=g~$%(X|CvcJizg-+SȀ8<zl ZNu[M#z<Y1I^FG3FP3kE}	[&wIjNmWQ9\eGVx<ָ]%v拥%}]!q^bEu!dB"_$JڨHSivӋZzq"gpZPK+XP񿷁-"",i6)NzyRJ"ςF- Q"ޡ;&`.aY48[?NԚ3ݨ/F,(>aѾ}.*mJZ:߮17	sUPE;>d?vpN(b~ Los[v'Є}[?y&)\ptbVk+xGEaWqs[!^;
0(!en^GmvP_ފzܩ)Z_:E~0,/!e\+misяfWp+'SZGT\(
 
vltG7jv#!{qE{II"kɃ6K-A9yWfOb/ōP&MP|iZyV:B9J`|oD |u7hgC@x<^hp)tp0fBKTٽ7iѫ?M;?S7ndMz_Q9XR=EX,Wb2;Rށg m+ƥcNS30@$.%q:@`̝X\T^ՕÉZȏ\d/h+6Csҧ0QG4c~](Pao<F\~A8:r{Aw*6(ۻPk2Ωk6`I%2pYc")@?gw莓^vN׹Q٠HX-Ξ!&LHJ{Tg&{ёIXdXǖ:蹶HRU+8"$|%;aOռb:BQ%aХ'cϓߤo3Bn,}y/*lӬcxk#^-Ef 8z1A5rCKYnx[|`]aQVOHBj_q`)ٱ\x)'4UT놘)TeJtYמGW	^etsRs#Fo^# Mw	S,@@Y@]%RqP]7vYF % fg'zw.		cwÛ&$BBΕ*$aE;ffHњC	sc=fpH_*P*{@ǸHFw;d*GH54!*O.xr5\)0u;vVR344,($Y"!h5G)-O;Y	,mTGzMjCcN7<Z=WXg.oi{UZD40IB	O"9%we2sHa,]61{]rfMjD"D2.T8=.%:*1[gjh]
ՁG>i6ELTʈZg?/ͣ31b7fs\m?<(E}`{tVYݵ"=$@^7wȐ:-|*0O[ǌ>{3p$qT\_A!Pi*FçsP |zq̦udJ5+q
MSˆ^N#C0i:d k툰l2d9Ȼ<B̸-KeW>uNF{z|n^qN0ur}o =jL+G|fOت¶ۉA#G@e>V^`ɂ(2z up)[1$mӠQ3A|srjuď]]Xs<:O|)ťo\E!FZMi$0ʝ`Нv'H:v;9Шd!סNg/is,G^o  jTmXusD+(Ein/UbynWka2g	;ZͰ꘢'B1k̉f
IW?=섉PƊᔆ}rx>XgΤQ>:{ԃ`c=QfS:+	P"ΦL&IC<*jp|9Ma6)MUutKtZ~Jcƕ-IT]t|R.38ZP1/%lI!X[xVsPlW(5u-#GpsB"t(HԢGؑY~}ˠ$Kx<'Mlkn]3QLx?&J(0[a--jipk`ד$bPY8B'S;Xd|C')wIbN xr.8Gmvc#5lV".K9h/#^	!fתĻ 
sΉ]TԲLθ4UYK$-A~yV?n\rml5*G[_e.J|1ț]J)@:x.Q*܋lwf6|\}{F_6trASMmL6!\")܊G99dFFBuC8FOZT1,E A#Se4Cϲ;$! 8/Iwc+Fv,¬ZUsǻtc0IʼaifNzYO\2)=5&3YJ0q|097s⍟7.㣴Y>дhE 
^_qM?OM^ȱ{֕Zi;Np
`6XgTǋq%yHB8,Ls脢<KįLV!4Hе/w/K6
v:.P!'p.'Uڛ ?uzxr^C>ӇQ_x;'Y^+.W߽gCjx~ܰ!j[#֠EyƀI: pA<LTȦ̿ǋAwȕlu_(%ݢ?F쇲݂5OGEٺX^c*\@}_ZlL<y߼E?6ݧVEH  !v\I:LV/+=c'Fk	$b6{I̼' Pε(uV(2g+o10	})uK	"QMx9w]*2 hE_kVIXd.Pϖg0,Gfq"iE4=j6R"{'Fz.yi*I%$AȐqfP :v̀Anmdt΋Qm^C'i-}~Wd.s|$(.5rM¶8@%ܒ oH=paz1yjNp9 _Op?C9*P{@.G2&5l
(0Nރ`Wuh j; .~~|n <#^oiCmwPs&"jZ+?qBV;Vt,үXW@?p>X9/lX+L!KlJsw+i{HD]0LGPH}z<\JzԂ1W,	sMX>Iwq¿1.&R 7mHP)Q1<VaWL<7+G7Vn$V1?Θ^ǗsALJ6=Lnk_Hӵy!EEA8{4ЗͧV%qb#)vg3νx#;щ·jemFoWep1I:kTwΞuaHcgKz0%m{f+ЩH6	WKnE_F]0_Tb9/{{#!{n AĜg䯽JїGrOT{غ3ZXyt\]51{bH|UE,0u~J'Y
y׍}[O6 XAsI=ۤ0`|"=A:eŜk% ޠKi.'7xەC>F|V7bU0{BTx4j)CW ]-ksU)G膬C*]RIx>-z{HI9,cгƆS̶;O%0n spbLs01a9:㑁D;wzw/PfDXUvGe;`ٲf|&YB&Yw#LޭCAOX[GX.	)v!F;6~%k/Ō躉0J6GSћLcF6ըKzg	v1]Y9kzGX2ʱ [sZƕoC}`DߏM&!x~v06ܥn2,f+k̽o:WP46mr:l--Ĩo ŞQٌ٦l%%G3I=z}ܞXn|TǲZ
3(TCݱEg!G7ƍŦ EtE'·uGpE
g-CQ:	JAv4&s%>_eH$W%xHu76HbDS2anhom`N4ՊLecJэN maA%27d5z};'$4ZƊk%\x!? ?<jvHuH+cz?FS)
&LmX#	.4S^xtkl-/3NGɷ)vTMRtF߭:]Zr%'Rbn[i:"-y 0,M3H"h	 &;lg5%3WY4#|pXMfTq^y=jp4ǂ9b
ϟFʂ1>4h5{YGˬ!e
6ax*"V9YS]'_N(Gܑ hK3ӓ}נ=U|T,dO/kwI aIq	T#D~(S{n@(.|ܰaR.ߟ0Q=2UU7T"29UwQEDg<B_*E!(h:";<)LNR:/;i݃oԛQe/DggKlܤQQ_"0<;Uc8@#ҤZ{Y*ˮ#Y%,B+!)m菣!ႰInMoiy7~u*l%u@b?
ݒ^vDHZ	U -(	&019{RyKGm60-T>/%vpl;IM<Pr5q=cf"P?|G݄FraEp #Һ
?}BrAe<Ү_^ihH!pO^]49phiIo}*VlC.9'\W=e#),aFH5x~E{:#76dB!,}][$i7 AsAAy},e}{кe'rAtNn{rj9=Ym&olIT2P,o^VZwt|k ` 94$?__V&?`@&d-:HeI	7-=1,911u,Ҽ|j9L,z$*E*u[E qdV^jP,J:MHgMc'ю`7Cw:i?[RDůxLex9}s'A2|TYnXpfScIwJi
ުO"0>z%PLWGڷ }g5r/:~	`O3Y'5(̵:s/ƥ\ˈx |~!DBc=p\,p6\Vŋ(j&
#cC.$3(] OFOS/a[qI&V(-orLB
cq mN"
/.AIPvjQ*5u98^_P^̷bc:_([TƗ!вpe@?u? 4sKDɓx	YS:f	Sy\	
eK7|lH5$sXGDA(Ӹݘ\N*T\ęBҿ
|S$	h*#&dFgE=l*%dBz6{\8-X.Մg.5jrU܂1(5f|]v*Ib:4c]셋I)~$0?`x(oS>Hr@#b3G
*{7ha8s}Pث@0BL2In=d'h8X~Y3jc;'dnI8idײ?6:]Ǭ*gܴonǢ"OJ?
d<!'~mӴr=xlMX[hj>lMyV_mٗ;蔐4_0'달1}/pgV>:5N,U`PZ//`6nm*m`_U(TFv@Ʀ!'|wk )!H塀U7ߚ _GXya8H:cV)b;x_u[Ħm<I:Iեʕ.7봺XôY4>S>[-~/}c[:71g@{SCmԓ7s}-&b9];t̍%gUGn/]pi`rZ=fhx֑R_a*ըRB7"0o팠 yt6pGYZMK"{{SηdpcC
} Y\o{|,Ymφ| Ғ6U]ՙ|ǡH 򉳮kgcBm64i(*vs } ˱ _;l4#sv eAzRa'8Ю!{H4G*XJ|̗Ni>j;U[` uV`UchPĜv쬰/imiL=&ڼ7N(&'MbKҶ8@" 9K9R㛱CmDb6@_΄V9Xmva^%&M;eTY['ggLe
J؂7qj --K,},U#WHV}ꉿڝ:-!0YG*HIΌK4Iix 2pc/JΏjH@R{BrW*'v1Eh.BnTj,@lɻ3ɟGL _pND8 PWػpW$]F3J(ن/<e$tLƶkD^` D'vp4(į	\KJ? C!zi^U 6&k$sEGR"N=MuPId3eܟ[7P2Fw?'N_;CC};IcAGNȨG`4KaIӎ"kWߚ^fs)'ZݴZNܿUY<WMҝ	4.H{F7}E-{8cH<cH~'m{*.{;S1%(=t:SyHVA'R Vx4Ka. t~_yOZw)AyFUx]5\OAǉ*sjz=hYCi_/76 a`
ik>'g|{i+1i*Yˆs~2#C"fI@K	xΛT
02\}yo!!&\T52$&pbcb$H[kjVz 3vGsIgsP&j	#*68/%m3ft5\}P%	N2v|.]E]LE@$s|͖"q>/|ȫ=n8j_/WNZ5o@zP3}Rw3'h&c9TYNQ<SyMH90
fK؋lvpږgx#@2GYqAuYxeF`1}R<Vk|L1)7vU*}o}fDOmݧ@a5aeֻ/$
9=}=qy|+3NF
0OHeIMqC=
Fz;D$ɋOy>Ąn-8ۊmvUFn	$wl4npYhV$tJx)(ϓ'6w䧍YjǛf;m++wluׂsjx93I(Kk#j$t5[{p2FV:yrOx,6~G37-	Q}WoЃo-vV ThmC	+HTcvԉ&4Xծ<e@3)w7=\H@KxLGA3{kA;j!7UANNDkelzƍ:biB72{|*Y`\)}T81 E*4pCj쎻c&0#sj	*< s*zru_.ZXv"K3l 7fӾ(ߴimbjȊH2-Rqlp0U~h>GAz^)C@Vãuk$]=4F"0﫾ll8?T`q^y<1>!w!DihkKxe̾mV˶q3ovfWmds7(	M,Jc!3Bxop|Tt1?C7mht1:J}UnGjƤA2ܟF7fOLxp ~"/hLSy#ʀǢA*w"s{<6n5*[iB]̜Gd԰:JD{nUM>m]g}D{zֵ3Sa@C>NBIy6鱃L͋fm󑬇1V$Yn,_(i효QR{b|H~ ]7|vKjygevVF-dwe@$lPs3TAve0Z2V>](fq?La鮏 o(j=G4m0vV]L4P%x:R4!|C!d̯n=9\1qED-hl6R2 xʧDm<05
E3$ DoDmo-֬y`UO,XԳMƶ\sEթuQTM2V$J`H<yL͚t>&7DM5~SG%J-dnqIϴ2vlT߽$ M@v`6C0XEm. O:?GUW蹉wIiq$OKDqV3` ֽ"ʔ(@W/lH@?e!F>mt	PI-3W?y sǍS1/xo>5qιQL)G/>Bͯ1U[ s7dJ/yz	8;ڠsPD>i-!pF15Tw?DҶj5U3*Ԩ	eɑq/iY┷s1װ7ݰ؞>FÆkdM'TpǱNWEE2@+Gd]ڽÞ5WVJ*eA,TO$Ia@JQ&[(~ ܄|[V.]C@"թg @e_؈`S݆{φ=g]/2Rck':E4sZIjjqN0x;$_'8`ReΫ4$"g"%Aiō"Y~QJVp>D=DogA+ነHI69i@Յ*C	#))Y9c7>;ɺ7B|'jؽ9OIs1-^޶%{1ujՍa:MvzV VP58.8`]իo"{񟁔!y;'BygbUHrv=;sj1hBA-!8Y_b55Q^F:6j+rGYV"8dA&'78]#bURSfWHF#|@)۽=`W7tze0Qnh j~pG[?gr$]^ƐAO|,W0%aact[=
'"~Ym4Rj\S%e}F藜ٟvPvKojNp}[ESKf#S~ڝB?1$/JV״Ax=8Xʏ9J(O͢\${p׿mWcPy] y(~ᒔۃFU\	l'/,0V]]W?R=	HK0\ƫ!
m6Dod,\uN10#Q=¢mr`O¿"FzP9tv'k)i4rynNљjh1v)K_.JpՁ~̍ I]oge^;i,1e>8q2|45d[4R*dTew )G\ ktD\cDGxp?Z*nS]IC1O~F/L`U5r6)XJ8E^+PU5y=y7MHR2'%ITÁ_!pw1;AJHt8
j:{anDԜYb"B*rtGX7Z&kCxT
RdЪ/5
';l$(4|݂°;5L
|(.f&s^28RQn^a9ӎm@ɧĀۚ=ddEik@CN*)	4DU bRjUу3ezbӲd+Zz/^>zԄ+<"c7
N0C|*09[|c!'خAXAEP*➭2Q({4lIiB_֤:EZiAb@ygVXiW</Kur~]#{7·^vcSy233ЋT,3f^(<?p}?e3
0qSF[e택$"wb*9݉pnZM{xSZ%K%6 u$>P}Μ+2y%߁J,S\%{r?Ja"Nu% <]H)7H>9_t 0|	Qq;®լ[,舀]Nlhh~A<L^`㼗%V{73 !:1> ޔW9uJ
yztx4c.)Qίp9x=70\u]*YO߫ZL:I$m웤#$@?R#98hwh;Kوa!)wd%zaG#LvMM{<,š36	"?nrQ% mWbK0~m#HbYΝ9 rC hƗ0ٿ3m/
w1<H66@K0|)}m$'ADG@ v58uUm3n&n\I޲co4	,;]D8>D@I-#XN4WOUT[yn`vV*Wcb\l*RܴcQg\IE^C>'lTf%;Y}߬]˒vJjغtliy6-2[W&pמPoGE,qfH'HP9'-!WHbC8fAbBvTo#\ʋOӂW-~X7f ρ<,5n(K5l
ljc92;lz1kP]RӕxA]7G}CS.g75H-jr&ŵ>PeKJCedW< %fZ9KPGTb 
k}3eP1{Tiѱ*eKJs|ܯ]J	4\R\!
Z6"I4|l> 5jõ*D$2^Z޹(,jXxiˊ"wh/[(LOnw[}ەc^:x(9ėnW0	mIBdw{[T<,mUo\`.ыPNzh0lp:|`mN;vKGAJvݑ jz.~Bo`ATd5A]lIbk{)n6OA[lfDz͞mqOgrjLwBe%(C20&^uT[daѥ_>3>&RGZq/Yuw_"!6JHP)%Y^.Ji,R(P<E us՘ PS8I' pѬ?B@d-Bg:uQWpdyVrfQ >\<5@5fAvVIBo=C ϳfI<sqFBE<UzYd{.OVv&YjLuiBCeW<`3vgTu8r]ßGaV'VN_ Sj5?2v_%C9GD"sG7B~H[ᬑ@,L7"m}2ې46YIV|N9L:*(U]vjq	kl	gTWԵ5pYr_߄gд?,"$[q>Bў6ҦR^\ՅhL4e1n2~:zbx c>0*LHB~Ī.wUuXIWb:b1Nq16ߐ~QD@\'6 ![Bʉfx(֯5Xn/1.D`j>&.+tL(0-n|ο}W\Dn!_8DN[`"Ͻf}v\B~<2zMZQUU^GTqvz t^Bː4ߍnpd̛JW+ʒp_~􎲃qƦiK:/Ľ&8`{1>AJA~D~o;IQ[*Ȑm|<WqoaSxx<p~RD:jTj-q)cb?1=/z³$g%ws=r7ACōdń쏻IA+EAo<ؤs;!F8fЎYVOy$%;w1PɿgN'i5u
{pDu3~Wp%'eYqy8j5&bKhB Y7=yu1tv2*5Y,"7rLe(M,k3[ٸK_gRqF}=T%pa`hvkR>?wG#3\ߑ]7w!)ْ2B].sα-Om.r@LgrE<5Aȭ6N6whCP}1q5"mtb͓f$J5ᬆiTC5in#pbKBsgU@='߾<w;=+O9]펆=rg_"1TsJ(c~Ҥ0^Md8<wƂGk	E7	{d{u64{U	D\[701[T_E[bJj1k~zhM%EǓ&&8g=B>53QЗg 2s5H^=?,<}MaB>y1,@+2_LӑJp͐TC ,]64n]b%PcGcݨj12hD=~l2i	ZmE%_?9Hxk)8ݷN[y]/F -Z{9^*f¿_,DCGt,>Lr`Lݖ[[UJ^JX=mbFԳyduvpKǵ!tt_a3tGEbn@[.T8$9s0$HI4g)}UpO܁#	vRbQ_|OdU'4.i'_`ŇeIqٰ}$HmZ܃ߟȂ|'nF)<ߊ/Jh5Ͻډg}Bw8jI+KRO'7/|NJ 1Rts((׊TmhN.݅	C2>|)Eă(+*:-ZsK/՟5O
`\8C_e36ר0'}`}͓"S&0s'ޟ'-eɊƤ]U](Lho:@QMsPk!\%.qM!sW(E߃MU1DG5
RG#`Db8Zӓ;n>TU`=ZIH׻t*˚CX]Kn941olU8/x1yA7`ޑbnOw!ODZ;fQCWȨ/Mibi[skP<;6	_>ꯂ10ᐆ+`"),9x̉snQX-Y;F=-"̤? iOy9;G9kPmv]wEc.bT<\MgQ͉Ft0.¢`B︶`	*a|k'aj~`&&Ty\E91H[uL	v-D}f kvDJ$C'rᅤ>#Pfa(:xiFOet
5[R37
L>Z@[؊)ҷ4W+LOԪ5YyHWC3aH JEkm"vR3;"he=tEf#[:<j0e,EvXCzpuW|E<7U8Ih+ĝdH.9kD/d7
^o!+ٲvp:. ?}3Z`[x<$ypZ*&E4k[LxZX"f[^+mag'zcͤHiֶ~wtK"X34$**!l0>IjsLo V4(8_jڼﭒQxZIFSKQګhu
I[f5IL!+&87x/vo|Ν#a,7w˥{eOG$6k_ra2GǊMCy)w(DM.6QeY ĕ0I%ĮDte;o)78EY
zGTc鑠hB5=V$E!AJ*#Ie9>.Eq{R(p09z8+5DqS]eVYyBK&M퉎
`9g0ںclE&հ瑞(Peѯ׻D./<"Bg_BWruílwY"J$Bm'`<2c9|d@')E!Y#-P= LA+g&agBfҭW7;qH\7E+Ȃ	'
Lv-}wG+NC!}O3T0<F&E<$6ZJ lգP=Y)Ih<Ob4hrA0?F=rV%}+Tc}?FwۯvrQRXV!tHY%s-8z!6#t^5	cU3hJUE5Ve2Q3&~55{5!&፸00f
`gGG-(;RPE4\+"xwV0ʎC4 |=Y4E! w/lU]OUW֭^yU'_s:5*uhI{c].R^F*\=
+Te;qaݹo375P>-5ߎp_dGHyVWB:7¸8(|JBLWUam)ͳz1#ȣz]}7MB?Z@rjI* X6>tiq`¯٧2]#d)xO~H,]'ǐd@ 4^ AD4aHLx-ZA<׳+cZAeʮvp}ZKJ<y*`*#>YnScޓdr^SR̿;3w5X<IISϺη)ɻV&^vvBoL*r,,&#B0ʉ~4<o!'0Jkc: xݎNhʼo!eTjLOzHؖjGͺag@L2'<@:]"PLӣoa*i$t:
&w@2oJ#q^QKRL	m&.h3ґj=X3}PS1n6fy3ۅ/Ca A
V>	(S]7RRbG\nb\`]A
boM_0KGףTg`@q+|oBu-&Dx)L:9C.tƥ`-79ge? ?JmwH;d -Ii|?pn[3Y	!a\1OA~4˘%zQSH'O9.ym븗Hp޷OXtGy{7??񟟋$aG!GVzҌs8f6Ic{VnQBH|dˍX.JuCB0J2L4ϴ~eb3
l%ezċ#<@\tʕf.ᑥ-
xeə7^_Oh;i0BYW4anE @DGoASzZ%9@2r 2t30_bT.ۤb=qɋYAMXzxׂnt].N VtS8!2tl}nQS=>m@$e8FJHpBSSO]D?d<\̉uc^Q6i`~p1ך!;h4#鏦x8c)2)(+dQK)`w=X!tE.߮r~ziެ.˔1TYw^V:#:B){ϣreӘY0cV+cOd:!FXvdRnD#F|UWnzdtQVxvş:S;)Z,_m0.aM4sd:)gR\ڕǶv3׬ҿAs`7!ȔXHoᖯI:3ӛg#w6:$bV_9GJUA_VrsbNH3iglS.IںWkQ
5Mnj2Wd[[:)c(wb4;gk
[Ec̦J͚pl\ڍh&9h]m^B\CͰs 
tjC0ȷQ%ZgmAWA7gp576 !(
ڍ'8('oaם'
_QŎ]G\VB/k?ԼЪ"Xe*w:#o(2˝C7C O>|&@*I> @_EyuBE{P A>}.춓~AkPl;M":TD*ΩeϓD	8kz|qE:r'λF#(lzbeF]qj2Rf {*Dϝ5q/ @p >"Ń@,BR޽ܖB5Ww̓,|&KlZ:b4=bM`)˚?%v<H%$<z6Kl$TXF6:pGolaxSP̺7xUF)	Ϛ>n5;qR:C~?Yf7QF)axuT$[q1duPes.Dsyf?j-Z]q
uhV5yQF1`$1jlQ}Ž0D1No]uWm	(%r3K'} *3DJzPeAk{\i{|k%+:jm	?Dgg'Y9N,oۍD`HϲX@Yt"$#t̰-4ƠZkv!qJHJ\lݦJ^H";'3aOaܲ *kt`EПh51[HnqzlzK
p%1Bn6d #60/s['2{̫fQ&O4wT/j1E}c9+_҂(:PEZrQ[XafRbATk--evDWHJl"{D,_)c׉zfRs=<<
^r594mߎWfvFNce(jH_p<@y8nɌ9@	)0ׁeSտpX,@B[^Δ36Ir'Jq/) mn_is2pg\~>\ez5v{UldI),.`ig#%/]w,`arZ%Bx	L6;Ly!VIQ=oB\9J'8x"dR.>5-7x%>&Gty%|Sfw	Kk'W׵IF>qI57=U6&@(1@GS%Y du.oOTr/>-T\<s{"f+W:2vtYzɐ/#iWR 9#Mq{aL -o=ٯVo1N |-]]~5`Lܵ{Ib~M)77¸^4,}}nGM|PuܰZ*11LB3]EY)'#Zze	x<4<|Xpw(34h`7ev1񙏷L{JkZ+R[2)qp0'IrDUƓ×d'ߎ0b7]Zear}Y@8IHdhHCCK8e|-\t !-eNjFg04PG`)b"	U^$.RgP2OhˇI.xЪhýP<ݗ$O8ct8LsU\N)p_\M'SIYB$5H0KkCISKQظ1r\܍Y1G(~X6{pE@ZWN˿:8R],CqݢqUT9 QgQCjHY[qƉ	+tYuIcBW.0w.,O3@yogR8|>%bCi)QdD/yH!RzY ]v;K%G۞gTpݲD].hew`!'3VX&,3RIRa;xTx^Y?"aYMrU]2!Я(pH<y3kH,
\U;%y|-3U1T>Ti"zǶ+ G{ծRs\7«1P8?[>pD{㧧˴rǼ%t޳w6 nsUj	011 Ľ-d}pa?ol\q5,\<1rUFA+x?U`{K$

w<BOz*j+a޾0Etvgw% S3O$\y*7lL-Bkߌe0;XqƵ$+a6g$~5DO a>GD@|JV0AhTt-Zzd1p YWo[5][[*ϠPɳ!FܐSJ2c>Dn҉y/Pbyq=ͻ?Ho+.`/0YkӮ
*$ kr߲;f
K!$;y@16;,H.8UoQ-'~pO`"=.6CL4;YE_RifΔ%_0B JN'Y? M~qmc\?&8G!l-dN|S^eGfVIL i;,P~P&fuS(sβ|yt]D#i[E=|ğNĂ^٥4ButJ`HI6KBIpFufA׿:{
7%Eè.g&Sb	营ECV_lm)	_9=gG*;pĊ=Vȝ T8Ee
뜄pk&~RJ:ڶJMWgZuSp-
[0@̭o~_]cD)K냌1VUK?*;Y"&a2,&Um|N%rNh)+=9VKbwR51~4ǘ?-&Pfh&*xÄ0Ek
YJxi%
aǅϮ`*9]A[B*NOoAGh+WYLֳ*It.1!.	 .)gu`}IƖNޔvJ#M7/n,(2v,D[0"XXIkӇSWhz́S&Br
uDTfɏO=Ofŕ	j!|tHTdYSeH3mӍʪuirC^=L6e^YP8|qjܘJ2c"BHV/,$M	=f|x_Z7;@4Mh=v#SgyIGIׅ&savy58$3T>_?8Yt:UgIJ_+|C>RC~'!s0{%m %_:R/w8v D[ZwW|s0PAZWJQǵ,bDϕQ4,
(w-OXWz$*%@}W4by(3X,:y5yY!{g䙢&; VC5BkK};|#(ӉBکA=٠7#HUvx)q&Lb_ ^]XO2P8,VG ϷZcUWSughb{BTr5+\h$]6?n
~Jlv_Fw43zM~dw{~*HŋՉjUq4*#VxVʸ]Z>ɾ	U	+nq'~EPUJoeL-Ъ6oTݧ
#=3,iԡ8k0B^	,K	 \	IMH1nɲ(rwɇ꥖M{-ee0(j-Yłzj02P.Vcj[!eq'> R%泄EL2e}:<~?ݖTyepJimWc0lzHNIK*by9[q},\ZES>.j<aPĤ,c_ 2'@cleiZh`2!t:,ǠZWO<	rxEgd6vWl`27HOxӟKhF(Mv.YY]ïvEUU*;gC
`@qւX
ɫk=_AwD$	yRb!1Ȼڎ@?0XP#1צ֧!O8]!߼8u|>G'M
]R e=?LtiݪuphqcHbo,ު*R5)uJǧN,C	sT]c,jh"VJ$+%_À3XҍfN١xI:g)窈7LKcrL%n[mL-ù=iq6@p]Fc+T}<D;.}+&_8KxJAqm7.	5}
yAzBx&[,,FN1$R#/'z [&Pr5K`~ONrU[}@tW\;,y9Q9i
Q0 8dv*taǚ	u42kr$&FLl~,EI[:u&)ʆSj﷖0x(JFoF<+6D bF!'*UlyKogA.@nDwt7
j#AwHֲ:rvf^AC7I<`X3]rv5^jcz5*Hzٯ6d'qM=v="KN'ݮm3FK%Sfx!:gz
[H/2I~i}Y/A{Y(R{&=M>9RRj|&A7:#dS+׾*ޔ*wmvύ0C6L
bߩ-yf]ۭ	!TUF)`k9~y㙼<LNP.ۑ)tT}#JM}cܲ˜/Һ4Mcۛ٬dT[aTt;!THy썧Ik{r5a-/;.pCxe`xhu^/O10)B-B(QC%cQPD4G#lJ0PV  &VC/4K4 ?[tC2ERpBN!yHp"DBDP
ǾQ?{A_p6OI?~+^Ep*Ȭ*9w1HOZӑh+,DnӸu`̶qBJ\]2).:d4t燕]Q1gwsv0JuhdPxP~7GEݳzwZu0H؜(9ViiS1꠨U"?*FYxꨴĈhF$#LC)Sb3qUjGyJxjuI;ז2Dz^XvhDF]oCZjE]tW 뵾^q#j3dw|bC_Fk
arOf6bHd0l >N5 P"KFFWޔ6BZ)i
^~ܫPRj0oSt}DD&˸tu77R1g۪-R7r\RTJ[c#UA;=9qqFi$2mmO}GV )I&){=
ZGE;b?֏âh݇#t7&NϝoLy'mGW ),S:o-q`2K>@Sൃ&Zx\#><B&n@@<w۾x_O}| &Q)s׫,w'w'źc3Hp<SnIV`teᓩ?W3|!d-)X$!_(U@E7QU
R-C͵?PhOҤ**aN&*<QtjpSƿVgdBP*ݴJ#\`f6ZE-%J)[,F++ߨ@6/K=5)0U`54\l"0b'vuA7ҽ|`0TUŵdӵ,8vDĪN&9AH#fPVZla䰦 !3ՒP_q6Rj/"ru|MtXs>MQYݑ{⣘@gs$~M;Z"° śv}AߔZLlN'&=#n.+NHTABIKN?QPo>?S#;N(q*Y)FA_c؀9"/IJ7,Q~n%h`o|MM7tLn{ݲo'CwMd%0z0vjX5C,x@c2s
9 \-8Slx8GZ9bb\_t1lB)OcsиYYޯ7BB@vy@d^K?csαnpV1j.xp}$g/j%%
H:UW,s?i7CBB ;pFqVl^_v Z?yN,ǲnϕ!~iџvEZN_*2VZVbZ!m.&tCdE"+Q-93kݩ)I#",dCȈ/&vI,I_m.>WCqQ>J]4T*THE		;xŚSa!a-xY`&hNɹm<A
Ep* {dq}$An[1/ =8ʊīc[H2:#|]@p9x)LԪptWVa!1A7YqJb䕮6"k>uOc(rkǷ{N#1'R/?9oHxzcAa4GNA)$ђ
8ǊƉu/c1|?XuAT)E}0U
`ik&.4=`!%?DFbB.tLuR(nIȮ!puq,Һz z3881x׳uof^5qx}ͺ Gݵ)}dۜ/ǽ
U@oʉ!`>+g<d&wW<@ȻTхFa͟~:3}{B]/`/ nQ0tX36~CQ;-;Z?tu#L(yӷx4<gUJ*Jd4!▹m>tx	,M*<.O}nQ[UrHWhs7 ^"Z֔JY;.  : I~|Z?_>|5y 6gc\g#o/cG~F'$Em	b:eNRYp"X_S>Q!Pj([eYK:5BxG_Bb|)u?yfVD
aE[ý_b|o9s[55v8,.	^
ciK.^e6;	ι_?&9XX%lj˴XA.AɚW-}ib/I,Y:wDjӨ^h7RO){wc,yӨr9Pnl?fJXW<oD;4(-zvX]R{֫>\y2|QEz}l,U.47{P1O?(?~i[<51Aچp1:wHx[& 9s:nݿ0 2ˁ)n̺a>Y^^<\g2) :594YBecmϴ}	<ie62n%ڌ~'RU?\^>O+lRn'yQ9u(YIr?/8Cj?rwc^J0Iw{&vw"i]ti?cm
N\+FH2Zcǭ*xiIY0	9¨z/lzB|u+\A!j| @R.Xzr~$-E>,S:	Bs5WB WTV`;u7yS.1=&ۜ'_˟x
g3ν1tDc>H~}(@!2w4P4Ki~!r:".J, IxBњċ3_zt4hcg`.\˖rYsf,`q}nf`TƤ1!a0WϚ4K H&kv]e)~AFCl`p_u5V-%\g%U j|"1µD	pV9e"voӠ0X@&	KEԩD.El*;eYM9\m	lq&5
xX0F!mTVc)GdբOLֺ(O5F(gGѹyy0Ƌ;>@C?<gjNuHZ'}YzPDe?W/ogGkPxˆ<ޔZG^]=[&6ru)?^"${bAK0ƁH"x}JQ/}Itn?!sE/A_?,FLM}GZ qfHI3%Z#u_dTs6\W>Nb{cB̿V$g?;V"*YD!P<}!6
$re^晜hzB?M"g5?Ê< d$%~G "5LEː^*
_ue/vV~0YB^/(
&|5Nfj}X5$K`"렢{"h?AY6GtRB*"o4rwɢL&M |fYgzha&;^Byu4' 7A	d섘pB	7'(ƮgRJB2ˢ@Et#eܷ&B3_a|E#gĳ}UPz\ml#QEt,J-?+9:9S_qߙ Vb%/sN,'9ϡ+󿶲tpbaӈ,xgo5OȔ7dj}Ël.\`{*3i*]9Dl4#fQbS%4ܓdM+3 QEEM`+ݎ{A=S!B!9<^RoHB=J}LdՇ$Kt;64BTq<S-N^;47
L*K)˰di<ApK#(aFQ F/B)Mnol$WWcI:W)G1趓2ASS1 Nk9fy2Т5!7*&YS=1MUփF5*>ES
C8qhЌUltt8_R8C6HWmޡpc^7`$\=N0q=/&|fՀ
jO!$90{Eѯ%^}KlCRrP>'4\qR[n?Ä UOI;wbڀx{)4DLAc1wv.XrC
uڹHiqy˲[lO`&6\8	9$*لLIcw3bp6(mlH0rm: O>#EVʷp;2+el?/3A$_ +~\kd_?+pJZf+jc&{9*~wLdug"<_W-Pg<$Do#!oGH$+yrq7QF[w
7b1yƑTj),x2`eLFhjWOܦ-;k/oӄڜǸY6D5[c=vIΌ 9
KȯS9E=$9cjbIo]FL$O5/;)j7%\*f<P8œn+w
썀8߫d~w3_?a/4Ĳg#4@VA	8K	ޖΊV,0u+*f#\.|[񞆌8	KOcدukK;rW?f?߅b)/*ږiߥ0:V ??%#MQŝ(@ćldln,ht)@RkaxY*ܕqH;<C2]ʞrFwDTwv
X|^ȹGW5{n-W* 1neM[dn&P!hn"f/^Ym,, <UdFɼr_Mub9 {zk?#jl"a0.k4e#IPn\oWd{^zW> i4y`˖߲חg<}I]p?5d$o\XݤRy1µR~Jk)[Jhs&-[gWwU*zӎ e)3t	K}RNf'^iq]/"eP?i!҉uͳ
1u[1/a\G72$!Gh|6)xhb2GЬ{ag]0S38?x hg @)>n
"+?޻\\b3APg!vrRr*@?;; tt*72|V6kfh،sn1Q9jl$
z2H@ȂǤRYRI0ەaҼLe)ܜѨs2eHaשKzڜhnWv	L}Y,	^X	jWgNc
>^ݡ1Əi<'1^eD
Ysm<ŷ๏}1oYtVLȮtO,	ZFQz=S$'I V?Că92cV*$D0񲝵Yqy΢DVb^Ήz/!8q[}"H$X=UT#V*r'ي?#;/xNccnh6DHŋbMdzclfixk&ҩ
#EPҟhdvd&D{`ĉ2;<+I)ُo7il&SPF5k,ʴG7s@eiIt:yhm-жl!Me}WxSpҳw00qf(0E!'GO\Gt6nC`ٺq`L?ŐI	?Mp=T4'%:9J?O0a0Sc4PkשA:>Mh*6EaDL&@Iz[<`/^9mH8`kc=_	XA(?䈮;W2kbb茓/\$-&"pڮI.hq|ՙ[Rpxy$p;v"0YV~˒Z\_䵞	2^O4'3Sѥ*"L bT?ᨾis)}t$/<`ԃVFDڃ`RL{ks᠏Wbx\g*yOM6AO8lա>t2_6CLf촅ݚʸTe[mHoV>Di[ϸc)^ٙgh)qv{ќA5Mz-3vcs̪(CyľBEoG' `ڏNtp0]2*O>|5ܽ=0	e㌒kB~oHsPRL&wEBDVvԟ>W'g̝%2d3ǿ
ml&k~47;@3&AmD3kjy8]3	~_7~,aMqnAwSDȞ	EtkXST?(x?ft)8f mdR!*v='3\|^0wcY 7	zR0O{ء2g1=NYIʎI~G>I36TD5鿢RDBc]"s)*ycaCF&9ťEӤ]voSws1$g'?T@kdq`䰛2^:=(2(YXtWyFǵ4QIeRo;MhwY
ۡn@ >pyS>FV`+iȹ߶cEDz}7hPOM>C\#?n(MD2M86i)qڪ#=vU6!p$*$ܿ\ځl7~/Stu!SCht/=;\?s@$C:^"vWQOaHV3XXpU?LL<>9WI3$b> "]epG{pXA	&Jrt2@GTR <Ġ}	M5q(?vp.n>Yk&w?-=)`0R$C7غV(9&W{<|&燀X<t]w,`eвE
@{y(A@lPrh?D6Y>}vWE*S<I0~l#-XCYor_R0Tx f:G*lƪafE r|3ʼDd؆b۩o]:E%kvG"M
	kċ8gn8C_\:Fh>8%*Д?S
E/95%'H0˭_S|DG9vBqژܳ4kFbU\uT\_F;(%Ny8Y+1ˉrᶺ	!go^If.~}5;&[N7FNQ6쬶nHUݓsBfEY[7ذF8v7Tiwpcc(L1!p_>?
+K5×e4QB߅0y|ta&{NHF.c\KH%lKJ3T#}ss!2vǨe;_J]i2CZ8hS揰KdJ0 Mpr͢%n(HMȀ{(UKn]
L<V`*-tғRvcgm	"ߡO{H@"ΝҞ==CSg9bj*'([>/q(Xu+RS7ɲ1"h]zygz̈́!d(ݨ'ݭgZ!+rfNbTu:ە!Cj﹧]=p`'U6u<"Jn10hSSHuFZNAY){tYuTOrH˝TPsA|~gM9Q槁C#C^cO.V3(k!R=tap;LSXA坰]'U=!ô#=O8ZrXlNwϧU5mZ_(r'-%IV2RT8C3|%M]('.ӻ[d=I'{bpmݯֶfkx^=Z1h;Ȅ.\ћ]yBpF-%\o60f-_*ò\{KUڛ}dN l\voW0m]S~IdΨ6_=nQ/OX,gK2kEJ=J~IIfރ^mme䧷v}yb/p]RёvHAȐNC!l{ V|
o6VJZ
~euG4qqb!RffV?jSrmw%Xx	[F2O
@bɏN+L^VwUp;Vxo:pԯSǰ~qz
=7;
!ħYF:IM!ޙ:؏W-<\^v N@uLʿRSF^wD'/r~%h(HÃ3rqs)/ipMNGw$yD~wpvJa`=NrAkJ-⸎vR5Lzx.JBg+ˈע_yL>0aZ6OK<αoFw?}zw'ci_gi"rΫ}y3W۷ޑCT_cfakD"9mc7XBL~4\om48FkjٹNXZtr|
QZɺo>i^O-5X2Ww+ѿ¢*>1c05b_Qt}6Bլ3tQ!LJ5*d!GS `~5uJW{H2>w5fjog^N-?ΐ4nN)ߘ&!fz/RYI=KmGQQks-ljMMMx]$QˮಒqpڗHM\36c@l&vd>anӆD%=f|h(@ϐ<^ѯg
1lA>kӟ?q֒ٴMZj[z#,Y-&cE9\=ptvةF?87nTR,?F4w8h9܂@7ClAh_PI̬Dbqxѓ/yÓۂ(ŒU#m,rAQ-9fN!AJ(4lp)KL@S7>3aFMDqE{2+\YU6$3Só=(W!vW˯ظGnv
2(isc~F!՘9SϤy|\1ʰ4dvSeOrӚSސz*(􃿒JW;ȳdJ'%@?Dd,+E^Z#ZtWz%U"3id6K.N{10߯)k^B!9r@z>?_VT+}%wʂ=IvF0d:YD5:({"1u-GF%3jj7ۜN)p.L'jt'nRdb=6GƐS92Gi	}hOҘIbGj~Q<̗J~ϊYo{Ι",1E2 & atdVXىPPXwE D& Sh&bց.-F^Ɖ>Vz_O>x޿3XC9B=zȵڎKcl^[Ꟁļ3)0]Q)cXX<=_8:YWÚt5a[`J0GѰ6ovV֚2MRГ2InYċdhYq{Osf6O8ٳ4z4펲fw-+P\&2lŬ;= <9^ 6Ez]
3w(Ek'g^A`&l@!c?Ļj'<<ض;%Ut㈛wL#ahC'69!tG,6u"$dPѯuq?5\ƞq.`c h֑A[y$9rY2nεvΞO> Wϯ$}h=CN/?Sv>FP
4yLb2:$.Z9UKT-#_!ã{"nRf$G(!^>4k@Hss˿)d9|\+_؟TdaE%ahCf/VNpHpq{0M*..lNtt&^z-.h-ǷKH$枔 s|8nKE:!:CpXdY@2}^@TZYخq`#UP_eR>ұ`D3Ii{WGP,` ޠQgx8ض='\"R\XHNDg !2{2\B$wjJv2# h6qދ
+/*ۓI*ҒZqo&z~$%_er3+_,ejd'?4>)9V嫜O?˶s2I8Fjoިe*XB?_ޮu
){RI$z?:t{]zsjqq+;x-+\B` z4tqp	]֙ZP1~l>)X]-=e/<95Dj׽{ ^%|! u/Te#6+xD߲mE@%姢 b'(I?n$j&ާd6sb5~vyzh7aDQvK&Pg6\5lH=M>bpyB)Șڢ ;5]&Nyˎ{ܼЍig~st+:}&<u9L?dvҚ;Lo,! ȑ@iƈ1NTDdhw}ѠR",Իv{Aɨ[o݁hjeUI)ʧ>peͭuHWh|v_R23'p)Jws>u[ٚ$%J*<D]/5n<zTq pJYd%CWeReS7FVjoK|X27m^Gh:a.wY27nb|")~SPTip<<?딤Q>?IYHW'h^kpuu[jWƊF/jʴ1NrCm en00Wu_3!(tڣA;r<i EV`Y}Za$Vu;R)^1M܊))_ٽSʤ>.eB[y>2P襲L#f_Q`OuG0H
C@9吃$3ѲB͝R$!W䱋dŒ|K&^
mq!J?-/JI%DY)j;]ƞAv.5S67:/pۅUE1lǺKg.P=D+O:sfIݒfkcu>m>d/ˢ!ibpH_-*KJhj{o2ۉZ|B <ŉ!xvF;CI[|p[ea!"E=x,8ڂ:~AU+]GLMuAڕfiϮd2QQCWT2UZƥ~T5Yׁ}}@o^+SFt"!H>7PĸOQ@Pg:M\"P«}S޷3!%x&OnDp褎ajDଊy\gJp0HnF	uuB	92a|7,Cyf-g!,H>xpIZX-6A6 
lcF_z6BpN3MB~i pI3뤈k!ؚp̍Z*\D鯜Wr0gb$;?<>Bg+fʓ#ex<4ԏ\z~zlXQ\ً\_"n!"K0"݉R}	t0{bpV@ oIPf,/-W b5"PoFL@iwVdUO.^bcEKuSH:j'&ՋɁ}SEaLF8;N0ʱ}]=y'jg@;LA-{fUcSd}ȣO\!Ōa:7KZ@l~њKw#XHyZVDS	1AUntb冠K~Fc_ ֒i*mѡӬCI+*<~G	'kp,4yoDXŵu2{Odĝ]t+2؟v)~jhOFLIR]vq"uu:FE*3ס[.Q9p|<3P rz!𶞐LGn%T*Kݗr
9}J}/I"{J3Q#U*D8+hc(2PgОR(*q2|9̍ZML= Yg$2\M)בVl®vWφetʬ+lQ֝w`Xb,xfi0M)-H+v&䓶Of
bMpJ.]\5$ 	O~g{83fr+L?=G@nH[Ѹ.j	ũkzFس➰P\Yt<6L=Έ I/ö1AwYk<Π_xյ!/wiSڹeap\#det!Q̃kNM`
Ef3mFF/\ /
fIpX#¯xGz[߸Ď#1'[==ǖwpعٍ'FI%//;B8Kx*wBG'^{]5 orm6%*vaͲ|GwjKODddۜ a+E*ucs~ pisRxN&JZ)p84Y}0Qc`jG,d`U(R4cZAjLSd̖7Qf6+f:<]P	uWvc$nufPvtI4ڿݼQԡіLvf~o56iԴ:9J*'	kh{RWV}7R[sXY =3.ؤOhVݾBYihapTH/lM?RsSq槩dTod	(wd);hNüE n`5~~k6rI3m:4Mt:'4/MhTy~~n>bׂ*@?,Ɋ(8|x|ȐZ''m+Q}0hBJ|>+17.<>M93pSJ-:a;{7B(~%d<al[4j1or7K:ϰhA6K~<ٲHqզ s1rDF8?fj(?CmMis`KPx5
~Jy#uM\tu)I3Thxi4O_t zz[6?4ݐ;^hyI9T2047ƅGM(Uv8`L(9m~y,Ode+qh*[@_2>xgjasjgq
%q#J6OrM[n
"uw,hyk^&dIh]~Y-mG`^H'>R;nG  WfD[oTdv  AMf܁O=7A@]U%SEV,O^&'۫*M]n^z2gTWf/˯]U5yX5jǞKlnNa/g,<
1^
aWw*.m3A{j7xMAXZԑ>3S3(ſ^ F(`|4ELDS(r=,zHn"x"ڪr^?F?qC&ǳ'ah3$t]m68>(#2&cWT7'L/|<1d?%bO65Utitfӹ?{#0E?ً"{fcǕ'sM53.72 z
pHC2fYzȟBH`4G7For(ִ}^ǭKF7p?qa"RzEX)¨HVo33$zn<)5DJ_-hJ^gy&oS0"LA5#hKDa~ҮD#WizZhsAĒՓTRT/;U3_k&rg*S'ղ uoaeߠZ.y'kҹO9Q+n2i^b!BwC{}@o7*_qgx5Y\7W #3V:7\Ř~ 4^]>4rŧ??]U`a`ŷNRH5g'Hks	mK*Tߎǈnj\3j@/o\uPvm]wY.#r*ޚk}Lk^vx}T.@pl$XwƥRLgnc	ln֏S~2dѱhGHNTu@eb"jg\gX^ȮlH}	L_>C,u)/@Xs6Y{;s5V`yB ~Rpg]PJ<pplSQ'69"	y3pR=Ny
 	1E9xP~!,6̠qkuU9j%iB!&[\?Rzy&ˉq@	[-{+6\G")Ӹ-ëM'am~drCډmOšB%.Gy-M;8&"g$svluIA)gPǧ6!q69M.掽\$c|s%N\lSX
z?ߩNWZ"G	&@41yWɘAuZbg%ow$I&%Ia.0y,ܗ`:T7EOxό_Ltx3aM3Jv~N+7ۅE&GojyW}"f;X^_O96zcAS`b,D&OoPF=~w{G7FڿŶYdEȹF26KV@moЬS`{@HgN=v3#&K܍ޮ\A,} \[38ϱsp9JQJO?SujY)C5K`Oeh2ZJ6g~LL'¯̸NtV!wCH #AG؜;- b(̠ceڧphTqr!W5뉥qA@jr vT8a0@u9%lQaw,w̘Z%XёxJXuo=;"yMlϢUO=	7nB_l^W2fH`!%j7ry&[ވx@J6R
n1˨a唔@<eR<-dNv-`LoV !#D_Sn90""5 f$"eNhꡄvw@iA>a-amBΣMzi
+Gl]SJIەLZ'5=ȃe51)U5eh?:T'0P<rTڪq*uInQ!
OWw Isy?i_Uy|t{vbaz%ԷC4;ȗr4SWV؝-tRmmQ[1u&]HF#iR-VZ@dPiaGQؽMG@Gg.*f3X5K#t2?m*(W*+>BF!BEn"p9;*fjZK/mגhE=!rN'in9ҟq\/CF-Q)1
|v}+0XZ6Zupǳ5/tpeI-y^4&*P5 ɸhMW;9S:oO)>ݘ,/g2]2MQdF 3JKo5Hhkɦ92 "r;]kwvq5%;Nvxpo0@a"~;oBCE]+Ca`Z>. ]NG2:d鵳6c}UĺEYp[ nWl84n+G[â>-.:x"%]7i?mbrM|&'OoLI*^\"7HUuHzC1k:3Bm@ʵ/H6:T. 
DݯND(W~&;uںo7;GXNٟi-Ta>G\ +*3H"G@Zc+߱[pq(Z6F핀 p].>Zy(ߣoa7NX)wIޱ˫y؁7/р״dPi]y5gx2H2lJUe MxE vAw)iy7aįv,i4KN}R1sZQ4clI4)V[<|zaka2l,8_#'-YXlDT]ǒszrת8 ;4oh"e:U6F?M̝&T>"3:mV5RLhxry^Z$);"ޝɒK3)H0.1^_r N2k]FxMe&0vS[̾(ー9ܠrbd~<zZtj^A-&ڭMƃe@|	>sC?OlTY:tK$Bkak$:v7!If2+J*.yi1ucƗp vdB6byq+xv
&Pup7׉^~z:UTӷ\V{_ 6˾/`vcJ⽋yq磄Ndr6b># ^0&&?oCy_n!gz6"13׎P]d>ˋićͳ@f6\EobtM֎>}B&ϲQ,c;JknMkY\c'|V3핑B(kD1>c)mTXN{,[{o2=p)BRzL!#qЕ&UY#RyUp'hEX(v'?I=N#`fkxqӁqڶJCAmWpo$>7:RP ;:GNϘMb梱%H0yHĮ Ё+~@H:)W7tetoo5
m;LG<flC4kW0@w)\ũAP76	K8!hT
ĿV:HDs4n_Oi*,b
ļ3<ܺFZxsmFzY(&*1wczW|fGDB)2DLj>{PIg4^LϦhij70#8Iýꦭ\Bx&*$WB:DZV/7z3HTg;I:wp}PLv]*
ab~үEm*1.Uv3#H9R~E9_Ql=26hPAJ~n}0ֿj[dL&UʎL )I&2*#J9OOͶ[u%b}pdNIUfY'IR5ӈ%XsDezAղfT(uO3nU$0;U`:
`g_A]Hrt8m+bV[|e48m}*-7-EM5 -U G5!hVy ,1C4r0Vө!М&x	<P_P
;3}q2 k*'ld/`ƁN}W~Ec_'|&"_	1J2Dk[p}ƞhZ65w8pBo.-ou,&uমr#B*>KC)]BϮr70]ʜ 4J/X0P_{ϰEX0yn[$^1Gj
tE6wwʏ`JH8 Stz..5)Ϗg閄%}@dݢZ'6Ps[#=hƢ"*+z{?1b:te^/c³ 2p$+͊IMc)\}z>$J$ɵFNypE"TF-XGÅPlwހIQ 6$7zI!BE	:jA`OeQK*rw-c#g<CuXv~ mBxmtRiݙ$|7n?(E]qhԨFuذtJ~($$:֔l\PoJ68hx$; ,FefsFVTOd+rP"r={PUgG |X=?
Ց{)um,({1ɁMz<j 6,7'*ݙ,&Nk5PUؔ=Zi14ryNȎZ~U6'`"Q9uk@206e`iLؠiާc_|-qy^C`WNZ$8o cd~ƒ_J?LQ$רmS-o˨WWybչI*-lg'}AV8 mFt
C=l0Ekj7h9#Dn7`jYֿJlKmP TL)?lYGS FI+-(]̆gh _m&)^ڽeI@:hJ%|4O㔭&>_S6meMShQ,3@>z֧p)wf j
RY
beՐ[A{vO^zLM7/%F</ ~k!ߨm/Mb$;%]>/#z7"G޿d@?ݺ
ձ6~.&g=l)T-߶v*Eօ'}-B,OO뿟)(2Kur2%Em&1
nC6ܞW^)|N)<1QO1ɯ2(m<ҐrhW|qȶ ?7G97S$6ex#Tbp>Če+uF7}]p<C0	6.{؍XF??츨C&~p a|.|Zo(3=ˇNWEw^nГУ}T]B;VsKWp!pX3b)(A
9BvԎJ#ypiVdsw07qNۧ~N|m(f#HH7g+#X/ES
ge_Ucha&P
l/Ð9BW9r3/aMT٫hVil.dSj=)aR, @r+YJ|AZ],G|F _><.b	N 'ҚxX#Բ
y*ըdQ+UZT*kvHAIM@Nb7C`k=p{Q\.?)Pޮmb0Ic#dzو$uJ(^/ex22L톒*p/YZ`&0bXiҰQ$LO*.Nmn-g Ĳ.BQdC)sq/ӎ]x^9+~Mk9wcwm	,xG*WTJUEuiR72Zi: QGNmJ[a>7|RMIaJp ,ں7 K[	V9@d%6},=	r~%͔!.0W_quش=?$H9"8vX.,|a,B#͞/X0)@iWe(ɸ'a"qm>r6CE;AzkdB,0y	k:%ߡ@ȧ@op$'Y?s0M˄May`0|LvĤNMy,~_7|*]PGԁ RAמXCE\?VRzr@
|Dl#pb6:Қ/i)UtD%*mP39B,fke X-4 \ԇO.|[M((GVϳ43L|񘦭a">Lr|]7DkssT=ZZrxe}X3օRJD("w,%w=rEq3Sn:/-Og]v@2#DuԱa0)3*B+MpEv&u!DԣQLnhЎ2eX^Hѥll"y|+[?,a	Ş#6BۭH= Ro,(/׊"@~?cԗ&dGV+peY{U.ex%W6-Ɣ5'/L\/li.P1B#pfXCbAN}E8	nt@>4~JyT*K䭑
zT.>zjV΁©/d~}7%Q׌Ac,p ҇+t/.XVڞkHFm(GlޙHCA\[%=kBÜ<o:8X{s!!"b*De.˴ਝSgfA}ל
`	jUZG~VG@x 2ݷGVA2̇ө$	dCpr{4oCBk֌*jUB2NXp0Z~ʘao?Ֆg>8#	l}}f&Q(F?˄BY)#Uo 9 sH$[	I^W#[Ab̵EsЩ[УR oeK2 zN'vsY΋rJݙaI|ɼJuaN[I*v7~CĘ#ceXʛ@?.u3(+yuTId	㨀ΠmOF+b4|-lXtS1$ut#KPDv5G]Qqccm%5 .GKcPi@,:P:m?/]&yƀEKdByWQd J<*	F7}C*s]8۳xp20|i(n7`[`׌8 >+
''￱TJk)]G6)Ȱȋ IW6«7lezuT^^WV?1<ݪ[cc|⊂ǾEMD3qdb0HR(#5 37 T1ϟz9&RނU@IXwhƅ@Q.a85?!v f_H2ua-8,Yh|J a/uUc{DI,ICM?KA?̱g<II[CrZ,\2 5	L@`Op8ݽKuTVW|"YWpB#Ո90R{$a{'cB6<M3l.j]sPwGʅy2ЎvεXv4^eYŶyt""/CIA/QVS]0m[3(8 vļg)v0$㋆sLSm8<D.=z,i@[,s_Ql22l
8JDJj1Ԙ:U!PImtpMӏ?p}N`$w22ր+7D&*5mYuD%=a!Eˁ;iAJ9u2r'( YyH
EL-"H"xzߥec	w~)*j0/YnMuYZcrU<ts2r=S_E1܃oGO$iWPTE`9ܓD)"LɅH2B'w!ڽ8tZnuJC]IAc;Gݲno;SvPB@CSjh1%6R5>Ƿ0
fK|ﱺ}$3V OX}Fp	h{o/kAVkb̏EG96ܱ;0nTNTN&GLkvú|Gf`vF3_B`s7lbGbmYs@2PuF5|v\*l"!yK 2-2no%-)x6ɀRLh|-	֮TMm<gGVCo4֘xf%x#H$5_Hӻ-aCD_ST}D]~`mqhDch CV,MlJV{0GH#_c͞:
D?*:аゔ$djجʝ?ӕ]GfyC<XFW}]q8*t'SEl6Oۚ[^n/rHSPc-vV(Wpt BZ<?~iV_x1 4NTqUx#ϖ^0x6$/bssF&mƐfY(L*$"}3SKH5[fo7$ǪtssL [QKٴKnz=t1vL.}yA{317O-hģOѾ>JHKHO}CϡyU*ƣuOh驮I$^oyӢ1ހ&+jF!M#[=T?Hq	0QPkd'vF_qZl1DPz?	hH1B2O`*_MJqVZob} !`簙YNY8Qe0cV7G"{4娟bg\W&s^"Y4qdνLg^?Mfn&wo_U/ĊsoCZ̆ϡ?O0V|a/{y	)d젛JvS_H  ;zҘ	aƻ
_zW76vEMt'C끽a4+~b3x3:Ƹ8!2.cfȇ<'aH^seՒ9O
"	G0NվٍGKܯ.t=oj@L!=.ɷIGp,oJ!	4pM53\!;ɨTAQA?7௪\I;cT¡ .\4	@׿VyDNԌ2xcYG	:?+q6HgC#oZ -E-]]Fw\ƭ׿3,7	4ΚOEDfῌ^T{W+[]58DZꦭ+ЦiJXxP޷.Z0\m}}=
̕%R\ߐljۇeC;L8'1O0.ݫ@ 8vQܘ6USzG}v -䏏C!&f8D#/0(IF!MWZ\FeEwFbqU_{sߔGcmShM5|nmAג5WRZ^	vGUeůI{kk2kU|76}$S}lᬧL0N}Ĭ]M}k`I!-;#}Xm ٠5As[wgSM)-,m_v"gM}WVˤF4꘦O('g:5qԤq4y$|ґ .m&j&XL,&JпT8o#RrgN%(戜!Jz֞h\t\?@a1}m`S$ye68&-M7@m22dO("p Ŏm)0L>|/~f!s;ˆbq@8aqC*.=]H{_A}tƉR(^ʿ\4MlwV#ޱzCjӭÓpUvmBqvG-{$h\z0Jx(}	G/āН!yʪ02!BoRd]pY8ICTZ8{hj/؜cSh&< Boơr_U|=tVtLw&,nO4	#aK%rzj,$_O>})!sЊNaMND13ePnJo`Ȉ5tm]a&pXy.|hkіQp
͸AIbA`(TͲW1RU"ɼgPwᎶav/>!Kh<!˻F8OҖ_%FӰ.RSg螤3,L}!z+Ȑzo<7TJvSt~=Nҝc.;Fy)[@U,+4Vcm]~ɫSԹBǽ|o&ː?GbofaCyCNV|)3\4:-*]B`soa46feڨT"8+r{Z=acX0iXaùu|XIl2{]:T.*HPxղztL: IUKW?@Q5ǁB6uE8mS"sP>$';45hŋ{D462oݶT,0yX~Đ~z5^gr8dHnVAx#Rk0[K\IKf0XM]{a!@28\|Oeݠ8)f=1	uy|c6AԘ5)"d3w8'mnRLoH|K.2Ljݲ@v`0wظ<ݬLQSn͎ׁ}\fh8_E~x!iuHpm]Jpmrt <B7dӟK 'dN
CegXuIܥ/L۠:00P)ՏM#t2W)g":"!7K<ϊs/*hL&s I T/[N:EtԋwN #7io:S
A_I#v皶OG9l/S<986@18Fi~fTL-tD8\͝&PRE~r
8ۮF(y{MH!>7>mS#@`^LSe)GJuUHyPWDپѦZ	E RY xU 6nrCypgvL3G%{V!Q,xӒ2'J 'ց`6;7=c<UZ+^9/dj*"l	9}.Ϗd,~@PCߠ6@4w%lq65olEـѢHXb<QH \lɂih,-T`u%nԴ6x`%Vc׺Ցἲ|pjl`nm+u},X<ZΑfjT ֐GNh~az$-艁Cn5v9ƻDSee䕿{PFmR^m-'NcP֔PlG'}4 FQ4# ~<ן^Ń8BV 2=ކ\=o71/]hv+;#˳A*qEaA>2}XNqHf<qL_X9Tk5yjAPDۆcӄ 
.uʖ3|֦[4'q)t|QM}'?U5i)+;Fd* t&h*z]0zW+ju3^x2(OJzO*ba߂IjlT\.bylU3Mxa7"v2TwuI0p/wx	E"юfaπ@?|z]X"HTR "It/֞[g5fk]]%7]δ^ S>"v
jj>J^܍7S{+) WpcOMy5+di:(aτfuFAOxZ}ſ7/OQST.ODj5L @SGsYeWeˢL!cowkON'&E[)C Uʍm7SSU6RRcК15|̲۰XBB/i{T8M><wF|ZmpZ@1z|S4fj~=n>5<r@T>4˵Eq' m8>`r}H$tY0@ڤBJJ}Df@l\Xr(Im	_Y6;yBNaGOP#[/w9J:`EW{|ev>/'qVR4ix!ލ3w-2@4̆ϬkzRWy('x8Bw$x$':NS.wǖYh1S|__!PN)]XSB9θng2ͬzۘI@raDq~@ojs,^,E]p
&)\KvlMc2e$hw:1feC8Z~5:pTB{͍*\Ü_Ğ*}+u^cCⱾ 
 ҆34᳔l4 gC{!cLGOMբo/Sgbeoלq5&?p~{Zo,.!<	 hHю5N6EY`E/vMϭ$$c!o_j |2+#(
Ԙ"zzʹ&o7}C>nq*-,'.u}34jܸT֊C؟>K]}l٭}׬LbPKYiߘ*n]Ѳ'bUi<6ׂ^;9k}LȲJtyT{e70<'I@i rJB״GRozeM뵚smj%JMP	э
y9&הX̜]*5NŅՐ\n{|U寡S/	;, uFˊ6v,
hp)tllxhI&mjOԬ۔.{?ysZ626i46^ģs&(?0hP节6]p<ZtgZ~A<Y|Zkƶݘ_ZJ-u}Hs7z ṇ2c2IC8S2SM3Kp%~4*ʋP 'ϸRd]t9TdK("|fi]i.'vW M%2G)K@-Ȓq
Diq@.r ˔C0ۚd[(/ОV(Ѩ6jFGZ~P3\;9E[o"j=]=bZDbHҿHqt>#ݖP;R`P+Γ
	Nq
y^wPRr=ox❱#<h*kJdT¬MГޠ [X:JdYZaӿtC&K)ᛄЁ|)L:I#ccs?$4RInw<-M! H>Y8G{c/QisԎ*le3?]%m unQfk3s٧7l(
ՑLc7{(/$ +׏9?0'Y?lXaܬ
`kP谭SbdfzkY~"BڝpϢY, KseY?8iyy$"꧒Y@,YkZuDJ櫧̧bk-Ҵ6]EF*T^
5Qb=!x﮿*J∣lXe%^ rFZLU\fFFf-'z-ѝDsi|R⣁̄uZ{HHeR|tOZՓL~ov։v9ObFơ	r1L+05()7;v7(*r6Xv-2ѹurx*:-]<Yw;a+?Or%>ĽΨNůע?trXr/Lp5[x~&16i4mDժIb*E%p=MH~+gCSs˨~tRNo$zL7hBMJSŐNje5C!A!01>Lz8t!oML2E+y,&u `8&F>7g_=ҸnhufE'xN5sh
ҨEw9vnl>}b.QRXWkn+(Eݜ|p$z! zFŽMu']jR4{%ֵ(#řO]lwF&0F8F+]2BH쌘־$n$*ۃb=Rnŋ'>E&]Yml-q3~PJQkщ#&>avHҭrh&|P^o(OvE^rNaz{LzB'ua2E,̓P0'N=
"GZT:e&_dؖp|U;@\pИk/).sO! !	&Flq H8۝)Z()4Ԙ&ǪhBiR{;	ZQ	KϚ3=7;F*3b[?_a}KYTߵ*ᒑk/Re{-藥Rf@EʢFJ՗b*pKCwliUd<\0m<ݬ1=poߖ
J}UG{ˉ%\HݪܫDFA'[	wgEhXohHln%va.[dzg

nbFY6Ͽ3h7V`O8*'<[*oD8ש;6IѫtojiadP*9a>ꏆ%W5.Zq## >;ۊ{ƺm\"iDEtF…hYqdऺ?LW-)QD{ۮ	=*.!Wi:Ae msp"̠Ἳ{I#CAc:.JuOe*c1}?Jcp>-@(YS9W[2a6H=;wm̋lD#Ia@?SNF?ϙ|vέ!$@)8S_W	V~oPB䝺㟍Bf+ȆZEyvw<مWhoނʉf\{.<:Df^IJ<̰l4"ֿ]j%3֭9Gf_n^b@D$mWZ2`*ll	/PQE+Z>UmpA(a3,Tf]kޅ{?ȔxLg
5E(+EB_^.qaJxI@KIgNltύ)]yTŵϮP $OUYzypCisw5Wk{`Q~C_clxN*t^R՚|AkBmO&ck9f+	?cA DsD bX녾k־śG7a\+pGsDK)E/->yƣj3xCSsd"kuezC"_@vqԠܦ7NZ*Dd֊\? MDye?={&JT(#/>);?)tgހ.!	m8pI0ӣ8W{rʔQ~<Sa :=lm2Hh|Wj!0#of[Aqzƙ+LK:6:0HTu|8n2?= c酤IalL$>4klua@ʸ 5:t|H,;5Xhe GSm4y$kYJۭҠ&vjmTGӏ!fMz/kK2M)G]~;?i1QwqrFe}o}٣Hr
3UwlDO AC(^~ScY=*d^,WHAg?еa˃qoIA*d;:O#%s#jȁzPџ~/LYNZNA?*5<IR$eKo_%EnX8Ձ;P'"f-Μ8(X5GE|I~ .wj{И3y:${	8:f>O	U1($.<1ܴ%dVr@xz33TAWkf}.Q6($ظIzl,fyL>l@=Lp3r_ĀM)F2Oyu>.H5#[S*LӬ-iHL>J I,DZuM=̕X#љHU2q_Hbn#8,lr8il h&ḵ}E}pʽt2AtUgEEcPS:}g*{0G׳:ӕ-ey~'oiPd./ىc@Nqm 1иPAŠc-P5nl O|<5sR..(gtqNZ.Q\OHxb^z/S"GыxUF ßz1zJ{Ca҂=UPf8VJ ķ+Rq} t|q7fL8,5K:R?8oc`:*)7iWwc[`D[MqfniW1#WOb6yǴ0dJ 0@;:D_Gg(h
h@nǙsH#(ce@/'z" /c#
N~k;:u>u(LzQ 1GT]~߷a;YqWV(nG@|	cG8G~Afs5}"s%d<;Xqz;YE.OX-.ojSP4ZK.~{P 9>:<--8#wcǶ49n~C8g$懠<& w]Ƞ JZEԜZ,(j!uFH|*ɢ/tkQ`ˊ1B)mUnd^(NUPl-+AW}hz
HUWjZA3ohҲ@<?sUr/.<Z;c/6x	1Xu_t~R>x:lZ1Em.7ҩ`Jn,S/f8
gXWHسIk/
L8au:rNFw	l9.t}sar_D-dDo0Wg=(:(nl+(vqU`=kOBgUjJ٤o-WS\r*X^`w@iB/~qtT޿0h%BhQId)󡤫ķInZϕ%\GPcA]3,RO,U2X _>S
\Sze,.MdDN:}ku&?2 ±מ*h)Փڼ0+*nJMA2Dq38B}22|#C5xxCy{L6bQgݢF>bL=GRTc ~l\Ҟ&p}y""	G23gkBzhi<:֐/bm)&$A`3BfhR`X˂g>9`[ (Z^e.gv'趺хNX9;Saٙ% Cz.[U*^sFkwbr
`d۱RbPPJO	TJ4;`itڔ+otJe6xPzTҋt
]*wI4Hl*$|,Q@$G] ]ï{R-$$1+nbnL8j*THUQ(CE=318xt1
޺~cI́	m%tl/&hu&x6z3d!b)vwNھ3ښ$Poc]m5duρ"CuۿK,݉jlfݴE>YMosYS`yeKpz~HȐXnkcb 
-@^+U5/'w
)x*]~BA>7:ZDE\[p`9LuJ-CrrJVا~0F|4,Ha棚}MK
>X9g -Bei|匵峨B!]?Ur.'<H-(g,'3\JD}Bp~+P841|EX-зR]C{g1	^q>ފ,*:[ft+phgPئfS:I8fd?	;8).p&tgY]|X==(kSPϑ_[d3ǑBEa:/
nfh>)4̳ZW?%:qH^~ }N`'@o5R6u~1KZVm7D'k5Bb81 ].{d!eB"[%foA\e޶Yyv̜*[G~f@߳0M]hn0D>N\Zӱ^W9oX[6rja)?G<b3!QX<w|GD:S0#jϤE-ϑ[ ӰqAѠ@:J<ZPsOZN'prQ$\U4^\3Y9%럅[S#P;/OSGU۔mzSg;peFk
@x"ȉzIL'L[5,m%<ZK{3XPMǑLʨ4Oz'0L$6?X07~"PHJ6gS?d>sZF>ih\~޷kF&RA5q'ځV'[rfSv*^KDB\{H괭>_Z-A7To{"&^	LYvaBYy6 a:PQjEW#øVy*yQwkklF{]oPXL|
2$^~KeڅW%)n4U~Hp*B5z0^5jUk)u[)W0'O[Q
˥zye$Ą LuiZ.qpJR7WZkjhʪԣ/%K!cxQJl%אi~V突Z_\ұsJ2&%i.v&`-G k]W,'a8 Ui5T38K+<j
pV]G x[v+J(Gkc溔f_ >;UUܝ߫WXA*<>f$nuxR:`*w=X|}͠؈]eF;kDa-#ьhL =:􎏋.n"-L5``Af4 OLmA6V=gRRN\/fശ<:R;ml( e30ɭ898er*o<E.ώtu+_c[hRE.U4J^}dtaAȋt) Gm{|VD@-Ia89G1D'+sv.8ds8P	.d:R|(jEPh;@}"J¾b=/;°bMsɁ{"qYnn	jTgB7^쁔=e^"
h0vX"@D}k,wi+{b2צKoDI5,)DO.j-:cʭ<x-_\ӔƝor-ZQÝJ*^̵&?"qpݎFS@o8Vr$kp7_:8[aXԯ´'
/l+`pɣ<OLb3\0LrW^:UI(o|e65- Zi&$T3&JRդH@zCISgy5QΰpFyUu_q`H kYk] DiSw*$󣋁[z6pO
|1FLv:^J!,scDo_}z썚 \90Ig1].ӷ9$%Pʔ&<_3{G^?Z1D~f\XaJ4Tm4Z#f/ rZ(ިwgg3vF+I\?2x565[ܤHQ|uԪغl}'rY8wTÑ5sS֬6An7."}|HwЮ4M#+i+˨*3jDr[/o]a'`ϑ4P*7QC`Rn0$0U3J,6X oE~h,e8m)눋Q0m{׭bJ2㉺S&		~'Rr?'2a"mܒ$:)o){C:jɅ77-hr}dl$n<C0|8V5ؗkmao1m[m6ň)wjoFuj,~J\(@+BEZFCTd>PM.;0];VAm=8n F/egk+U42U#X<ps8C=:e>I񋙝¸I{QgMP'XKcJKgS?K*jqtF:s]89\AZ)y9UIa	x[$/D$nYl`C֢>,m1v%A-|!sW*˟lvKkr0McMh;fOQ^R\(v=+!@d
{3q/w\Vں5?
M. P1R_Nf8|Gv֮fʀ׌[w͊iMXRQ2MnJa$=sDz66~Tޢ1#DǖYb?HxTp)訡)@zîh9x)+v-&*S(om"0qVZ0)AqJW&+>]!)%0%`f@i~\q1.u3s}Jiv4>縊RJ% e$Έ䁤΃KHv܉]K{ʼ?¬Prān,wݧ	œ<+E$ .{$n@TYN	2}WBo=;MIPߝ}#@&T8"D|0@4Lvh*׻*z2\?
L42/(+nWҋʉe^_ )quzD5(ք_m缧~tC3nm !LIVL҆	 "EOZOnѲ()4AيNz{ic]󚯲[u'c}\.gUwp5cESqS"JFy6Xx;ۿ)d!~=@E"	f5`]__G7RݷN4vNfQ~]G%b"EO
Tm#5̒4>X Hv.-	U*֕uLgI)f	>_}q'WgjQ8z\!n> l8<!`%]j|m*JwtE5'ĉ0e,ڼ<c2NqwXh7?<(GbY;ovx-FcT¤[8elF~;/t(s~ThYu(g~:XjmQ0SD궆[K"I;.cd󸿩Hkjcc4!ҢB,B23^·S{s e>O)%9'c@T+}ۿ:_Y΍K!d؎#,+S-sFcsT1Ԫȷas^Zb5E$ 1\m{I=iNd[N[,Eo_p}VaciV*Q)سsqENXN	4 h>h"Y-g- X{ڰڽ5*?g/;r~*?cUCW颍%}W[wZp?\4a$j^$˴u;E8\7rOaVM:iԷ00Abӿ5mPᾼM#բy nG>}'ALԆt8(L@A=B2#J r1I^$E!.%Ns!l\\; C;0KrLh&GNj"¿s\G
hk9.}phG"im 8:oe7Ndy"h1<T:UZ=s4rN[` B<rvT fk%=7,tP5wǵeu$Q*fy2_{e<` 0Fy1H]`Ta@Ǩnf0MK"(MTc	Kb;j"i뻭:5ܵ.<!ָ0#5%*kU٭52(I/A9L8}K{CN1O,1+H s#HLx_q5Kl, n.GLBv~"#X2fK쓼Tcp93Y#=˹t&N%>PwxT ajr&b[-@037aV~m.8̾<y&ogy2+^5 DLeK@zzcҼ]3ȮMX2Pa!_?aH^m	PVo`D]K%';bUtk5-9tZO1xY'n%K_!ɍS|qc0YÂ:Zb;+xCs>rSEyB.ٸ'S%ޞ;E<;e?|~]/]t@jtq6[	U.TVBhWx Aa*po+Ϝ]G nPNLZbòȑ*u>&`ڀ߽v0{Ѝ񸕣x?zѨohRrР`\)g_xV':ja\Hb"ϕjt[C ̃oεٵ#`*!V!k(Z6iQ0CO+RWu%a7 ԱtA_xrː.FбH6M)rvUgPGVA޺)NhTh⁢/y2D³dRMIf6.̶Dm;ڌ,}b#=4_P`,/!YpKj }pn܅g|siL@jP)IA:\e._R6MKX%\61	Ozpnē^[Q|̶!lD<jF!eJ@I_ܩ~9݈3dN'xjȼҢ4s\ \/:'nFjm|5]tvٌy>ı/ ܚN@c.^:S<Y;Udd^BMt)ݿJdS8Gf!5dT|UYwx:?ft*=M_|ߨla#[ŝL+'JY<z	lQ%U>2:Q*_(qca둈tҗCH'uŬV,޵H.yl6j,'Ŏ8[f³ *IH2kjQ>,=-au9CI^סcT|-.!~WQ}ph$cRnr-ǙccқTUvcr7>H=9qRjԽHnoouvWO_~4+v-Oj>,j8]䍑au]D4oZB6^6yV&_W=rFx.t/2#}>_+3JR3ǤT5E43ҙީ]tH҉ +iFS3GT|X|t*_Zq2':Y1ui;~Cc\_Z4%WǣreVgٚ87\OojrMLy=?r5vS|K>ܓW "ݟICo-NKO^h؇[rYЁCWlkE(7ؒK\Rvߴ!!n jM,,5sTNhF" ԩ>[zo81~ouRv^Yat{:\D1"Eoꐢ). 
]¹1y6u0,J2;`3)7gҗ}fJ"}t|oT~kU#7n\6cm8-ܽWɍj]l2fϫ&3"ǉ'Km0IG@zϲ`VumڿǪ/W.ºݸ'#SU k
'0UO#٫;q"?v!{S-I>yJ*ٷ	PG<0%V/kѕEv7f䯔y'ksр#Cn*&RY%`1Y``9iyJĵ8墯8K͓k%t řFx;zUaͱ=uf?~Qj/H-^m{6QcTIo@2ۀ-1-Ig%~b^ϩs5WL𻾳w_qCri5~Py6Hr̚tuBQ@NX)BÞJ-E(LWWP{Jx1ys<jͣkfϻJYq3Yǂ&9W~va-WOn҄16 {o=RЄi5< BO&z4@KÒ*6d/}NWhDiRY0)d@'w493|y!(6kM3B0d]Sӏ8ci&˒Uzud2!EkK:5
Jx}S\k\ANlipvB:4KN|@ЉFzy[pnm씯O1*ix=Β=\-Ng :%á;"A>(].I,Y:nA2L*#l~V@#W%lsRÔYEPB }f
8`/dEy8oN|deC41 "	 E>W\=I\ٱ^VKHLJMU?2Hs(ZZtnP0x,"&J9b*U:pІ;1I5w#O~Ϻhs)Ѧҙҥc2Q.-B81VYZk7US!Z;?5oL_7a\RlN3sd&%(|t=}'#nRVpsd- ]gB܊e,]GRy(n%:m3HK؁ep4iif!Z4_ׇciJ0%'Th]4tsw6YMyT!]0uR;r	MvyuT_i:Ә}pnܮIzREtSWR3r)9%.ZtLQ8PQ)rG
]g.U3PȸIbs="\Tf"qXĽr`O."O3.|]	'g0[rSK\Xxg]S	8f$t 06|kËeg7띷FG6ӻgJSl04@N:?'<"jFsSrl\E6 w2~qJqfB5"&Tݖgg!il^a*"LIf}5e^D|	|tr38}u<D::L{U,|/쩍5Is7oJ`YmSVjŭ dϑ<`T:JĔlggZa9sYF37^mP2n'Ww!{(r$/a&Aq+U]iQs__KeDArhf'RPn+?AכH* 6/Rud{ N\ܜ9hf)au~U"X]5po0Od#&|* m$o!. p(WYŇE]4g̭Q99{:|D6/&MrސV>~_avN੄Mt.:8ƻ%^71`grB'v+n%*B
>.E~24*H2dԊO~ԀrGpfMEJǬ@0\֤|ĲQv<x`6bD9-QëvDH.H,e0IbJKݐoq'L|`W챌_,aZ S"ﾆˢ,yQ[OQUbfH)1d'v
mDH65s^`fYWԠ|zḎzA*Nc;%pD3VVeǴS"VHӚx?]؀f}OZ3Mڹ6	I2]˭WRtfs?،]u?WZwؙaON^pL>xhSq[7`5+]L놩
sOXwZe9o5rO$<|B(ad߈eʗGajQ®\KCX"x5&1?IEnb͝eE|?rB4V&e0$GVK{rZ0cHRBP&]qr3}TNI K_BiIhtf^SC-ҭM)	]h菎ey[!fj%	īM]ESb 9wD5Dk%`zJ¡>jgkN	`m6{A1PG/<^&=: =K~i?`ն.wu-2Z*6tu5X+Eph۴T	]ƱJ׸D8L; l6$tkJ%#oveRo!7XRZ[		8leಓ͜qW1BHGO)61'm#¸"Б_Odq]c2P̭X

ooze- qAFe<ƛyz|c<잌7nj[f,#6z$ԣ)Ũ{?^R)RiQ[>lF,0Rm*E2F@\tC4I̫gUd9znwffp$uhAing[:nUWDSnf;:ئ,A~濫RLl,2,3 dsn&.Q;Yļ2Tj1vd6S5uaO&UލV}]nY04zg$wB\8sw$%	; <ewGq'`}[t[NcIl-Ţ>wS/R!(<-k*$I브@>23d*o9L'~Hնw6C4{ȨGXr]a$~D'Y8=B_	:XrW)ۍz(n;y'6hԎi{sKs!X3RWI#4ƙхp㵉e'd7NP % ia
b7)#[UjǡM	B5c5B;'$J';a^VlGV:kfnPԾui/;|-.F7)
Ku1;
tXǦW2z'm: =/BWlkJIl泗edѨ2wEkE tǿ/2bԣ,Gݒy݄T}uQ$V˨	e8HQ{rWFX..
t<X!$aRI}y!e!P$:jn'89'g|:mUMjv0KG['_LfSJdužWܻ%ebJaYX	-2ݹC@;-H:XhBw~	OV0Gc8/-Dq6Qc*,eOje;QɄ,`p޽21DAǮG
o(/41S\,և'Gj	آH'6ƃ|VKw2p%ϣ0<~%l[mxh`h0H|ٻI0ٿ`3U<qQ1Ȗ@hLmo吏%/v2CTϋ?NT{SU]ZlY>sk;w@AĲ[d"\X8Ś^FdL`+NB"biqRWBe߈9{j"րr )fݗz+zz5,rEsUlN{NA\uRxgWko!%'L+t4!T1NbqFat2]4ǿ2,1F%ͿΟPVJ!g؜1^T(0쉷@U8RFyy*RnL&UcM>U&/\sQ4ύ!'bw]`+Qh,ƞZeCEwclnZ%LJ⩯;!+KnVB	*fj͞lPFq6M%[I מ4TVbq*,>qSc+LJ(֬O2H

ɬ ~pT@x46@oWnX O#-]ricWDL{,y3>9pg>`wUlU+i=]SNMLm+_yH
Ҷbe*-آAhZ_[`ˊeKin9)!6DN<~d:|Bpst` #U2Pj5fb]`NY1sdߐ]/fޓ<ଜ+A%cNvWr#dMA3*)tE'追An^9
ؿxVxAv_K^4#T֍Ot Ԑ
9,1zªwbΎ$.M{}C%P-.e=Q'G47rd
c8mL37&%KW%F64U҂#msL@AӪs\9%6ji쬲3;Qx	
"eEvwn_-sm
ɒt_:7کi4g|':.|Erg0KGtbn0j;.VKh%]BA]*Y	)|ʿAԝ(ZF7e4~8N{&'v7:尢/wJcjJVaskƂIL{)Q'^RAfAJ&l-hWiO=9c"]$5}ږCa4cp?$ 3PLyzTzD}o.ܶ:MJ~&ͺ|zv!O;Ცʕq"OǛ~<FEβX%تܖr P^#)8*\,%oW6=I91Rjm4/ɂsff?2`H^2l[n֫+fIya,Tsa gm;<^Cc|6rvM,ðv	WVRmG}J1Q<i	+n:!zgjKfy`i;&dR@Sxbo\yTf`8.	yD['n8epʴs@n./>\Brx~PV*PrAڒapt+Xk'툇BEևyso*F58{GOs@=`WT!+4U1ƛJU̸lklQqIGuװpLndGs-Hx	:R	;F6݃G<zb0; ɨ^ar"=c S"^LD.ZǭcgEh OBYX:@W%V	Dmq/|-:F~'!ڬcWfO~.@@_:x+&xtH댽fĞj+Ɉ_ԗ.I#GqyC>uN"R2ԥw/dUTӕ8mͭ[U#_{CB
W	Vۓ^y'4T|9Z	v@\<N2AEjم>W95u1ݪi/Okmm4/)7_MD9)7`粕wc5pA5t0S,O1ԊPYp4/1~0ː,Ad67n}noqOv!$J4ժy>G8K9x1"ʹ佇>M.ٷi3x,Mvo; z)qz۟e_5!NnoYͨ`dV58(zxbX<F,ɨf<Ǣ*r-~017LrUFTPG(nʨE|*{eL=V,h "FLvf5[ثiF1Eyv	!?ʕ~)ߓĩ[<VjsE92!$ˢ?i<N{؅Co`p-}ztJ+|5)+o_o?g=OKHtz^np?zvM_=_b_t:|Uf˴W5I(FW$[ARx:mݹ#B$GdTm.+B17:Vn556A6M_&X"Xm?D$չ<DnXOo(C%b̙u0P%Sqq'tuV{MJ/u2!td4OӟpE5e.i˳gȹT:/0u	v@A33]Nҭg^<yc[N.>fSn$I$9]XnF/~b'͡_P57@qӰ.AQIg r=um08$A2[ƿ_Hܟb-Į˷9Rx8)uS/l
Io&TRQ^gF^WB*;xgщ{Ёkؾ(u΂'
qwW]/īO%.GE|j)%}ҵnv.U_
>աvUד$^1]gɮo̓w¨YIAü:va-:b?jXÛ.֖)c6hdQ:P^2ct-zlK9ښ0\M(kAi`8`ln#2LW42笔:k8KEˌm!ws*Cp11;e]zd׸eN|_M{wآ7XOμ{=.U65s N%`	AU.w&酒2*G`eXɷyΫCtwNnue0eX%l9|O(YZ?=
@%KASp69y>Vb/ZxY2{A<aL5!H.*10 $d
%ablsF:'pF]D&C"П~]Civi%rȅB1Z<L*1%#-ہXx{,'jΥ}	wz?Kc^&hf_:yj~<b=,,ڦ>MP4ϥ'}![>ysn]{#q7<Pis1s#G UֺuO|g!xU{p6'wXEy(p
Yo[dq_tňvo^-1%_kwٯj3#}fAlpFO2si3<a+,h,M	"oӇ?#[*6* soc;(7;.b>URϫztzevjZbȰu_5_#*Y~ŭ6۝%{00nIѹR˝4\K;`&XOxN(xJ..=ns:^5͵=s+	ifw/:UsʚX
rߕZGF%I6$eB<`3{o4O(S'(I *Oba@ɑŢȵUR@ĶGa>qUAާonEeQI©E
^sc|:J-qിm\Qkd|?d\i/
1\2!%ۥ*aWUp"bξ"B?r99]}pyYD5P⎼^e9]]8L^~x1n"7X@'Y&H}XiZlq&W9CG!d	
lZX7ۚCteٲhΕ q#غ_q;w
Dp7/V@g~F=AHw^0vg8d$ƐR8Xj&MUI,+l_3bD,^A?Ȇ 1*[c/d]ǌ"W0!F0FrX$y&~BK=u}8$yݳ(9pQ2+mͭբM46!͞~g1	~Lٰyc.^F͂
mgҡcP50_te:IPFەy&â}GF>0rf<YSGeu{ȝo'>l7GV
zl['^橦=dmQD"NkWj'~_(.]qPz/Z?ee-uU/'c؞x#UK׽WqJ)E(ꤿknS\1azKZ2FKd56Nݞb@`KV7N\pP3UG3+_O;b7,Й^ؤJbVtTKv*HȺAJFdvp$p ]GiLgCAбWۭꁁTNs7PV|T)D)i C1>Q;UՑ,A;.&N=p3sƝ}{;QÚFZ/߆l= #aZqjm\+\VdkF׍w[UWDS/Xj>+&W@uS{W$#fC7`s^Vcn \[ZhdCTi^GIpz1Yש9\Ȼ7X5&`B׀H0\il;;6nSS\>5EԽ6Q77i+$Pf	SWK0,	yהD	(AG&HK
:=Jvw+Yh?j>3MeA̸?ihzJl)`2KN/3Ǖ1.ԝwhBZ!QHٝҲȎ?ضˇ^j*s8hICfЇN=V/ 8,9@jw =<akQ>J<B
m5?
8⯀K})h
9@ʳݹ\KkH&<U2%a<Z˳o,_dѽj]9R^#-{a(ϥm=Lc-oOoD8kW=%xmY|Zc	OXc7ClVha|3tF'M˰wx|ZI~1@3N\% ^ؤ=D&LuO
A=;K.)isB9T~Ģ/#",+%2^Y)u@Xƿ(9E7}AD	j=&dogp59)g3/ihlHKa#.iep2:.\HxYM^arzQݙ2ko9%b,e_4Zs*!*B?Z}$$-
mL6
.g= 2?S;O~)vb^pk/@?TZjܳvmU3a[>f$aP.Hை(m8" ߡ4} XuMmjQ{
̝?0b$ $CvJUPG"N(#b@n溘m^@wZ=+t:Lϵ`v>LUo,ƾ3xNCG{M!?}`xL7=v|KZ ԃrZ!ׇP*Phr`23 0ll<	/8
gǄf{۶Βk  U`w#DAm|wmnrSDG{NI˲Õt/'Mk%<<FOUEm^Ҹ,P5\?B"S,Nw<t`VjkHBo$ntxYauf55b@P)vfYD ݫW#Yy򌑀@qPX%/l% ҈w"KӬF:lܦ;l0&w,3츥>,g8<(/q+ T[A5McJ?JXp-9LCQЬ#RlaEnl@cB$PնJ pyQJNkT'L!j5کd/ߢ{xy=|b|H&9çX*^)D1C#Сlzw%ڴ;*/:^&TŨԵ@Oy%v%!8ǞPxFץWk%x=~SjV#ke ƭg~KǇO k(T5iH=ndCYyx[f,`=?XVW/'8-2cBX5lBIm5v8)ƆY|GcK<zs31Ew9x`[s(L{ Ɗۡv人F>={YT,T+@gSq1jpM5FלVI9Z+@OZs5TER~֜8^Frw,WiJ75ZN陸p^h`(Fip~:>"Ͷfa
Ҍr%4D6Aqگu-L͈N/woIz"R+%$@<]a!3g|<̾)F/(,Ȓmr ϺkY趜>a,3'A9B|Et|8T.P*u10JD,rece-mU-T44aTHӪNbYG8դFFw^;᥼^wri"uQ0	__4W$|vPח唌fMzvÑy na
dƳFNc{w@2pH.Q_g!k`/I:g#UD,{1˰Ut3&ݔڃ	DvU쩪u{\\InF&_*6/@Uh괳YʬvdF[5􋅕gP7m[^؅R2ug&r-|4NTnͶ%!F(ysWPECoyI%W1qˮi3^e3b` =@m_sR)J6-ߒ\=Aj,k<kk3({`Ŗ9iƬmﮃpkԨӪ[,kP$tv"iC`)F~G@0{F4q=o>U|'pkypHϰ$&Q?@jZf(gd&12Kls@;O-~cu[8l?YVLwiMRa/b|.-C7q}^"ʞY)޾B
T@oxa'J*F!L4이s,(@C_U$vE &,J]hT|%zaeESi)*5?1>3#Tj.XX(eH"j|j5Nr+݌
J|h&cae~XG4-D~X&	InJފfCbR}z]_z܊a\8;|W9"ԟfnv,DiZ?,B8̈́ ]6mzKR&~L!	3bq9s* Ź yd2Ck>.W=-H#{_o^*v/%?zMTP3vqv+nH- 9S,XٌXۂٲ.\3g"fCNʩޗkb~-@0g酂WUmTkrSռ-PUSKt37^K_7l!>]
Y<TӰ!g1F혁-.C\d;Oc@%*qZ6WϝzH,K8+#UN9y.*]Ynt&'%e|̃~95<]PPr@c7A]/qvW+}>-jAÛFmFR_22,~
F"flTpi}0F!kMx*W~X#&mVCPZ9R+ݯ%{ ˵CM{ Z,n^W`)P1M_U? ,=UtD{щe[9h᥯EW=-RDǬ>oEp.7vLƎpP>B U="Mrc>Tr-AZtch{,iֈE~D8SOi*SAU:"~!9mD[pqGmXMa0l?S=Dw|}B"f=A퓂ox,6v(XB!k])]6zbTE`+
ˍyH?ĭ)҇/}yb)
޺	hev8F.݄,BgkaݯOѮ{xEs>n/9
46}^
c.'#=:d__$e@>ρA]k't$oƔ.QK՚K?Uc8= Go/H33cpyC1˝g̉dyE9f
nbbb"᥸8)ݦĸ{W@"M{n4Ǡʲ=({ܹbq?@^@oi.ʂz S0a?Cω%.zOT*c;c*	|$ŗio.KfǞVMAZc1]KNT[H-k"&!^*31R9Z\@z߳)gu-uhEHo~1e!>Gmc!Ŷb&qlZ%ʛbQ&{wC r)+F,d>sRK&^aUi3 |x( g¸֮^Bk osti1a^ӞI/Y(Xzs.[PTb)<Fy*١D536vdl
+l4 A_A9	DMi5
q%.#91j݉\j%?T__
+-e(E~U*MED+!m6f_zo(tϛޚS1`_]ժ/zH50?Uer^ٞ~߈kfvh6?f₾˙%*8߆iMaMI[Vy\L]|2`	 f}_9*Ԯh*u90$>f(1
"'d qD{u+,4ݡ?)GJ}Q\#{q6e+&ǑNOE'0R@^M}!Ig[(R	} =KH[hJ'Lnh>.Q2<FAkat"0n<& j"6Pa@60>fYEh;#pC+:31ɸySA2FB!ŎѤ4Փ;|n&W(Nx
!l8M<P|Oe$`\U#|DJc,	Z,WĎe"JNw^ՎrLo^Q̠&ۊCwa0JI"}2wD
46Wq虍Q7mbqXoKOM; Vlg̝U{ra,eNk9F&m
~2NF(B&xA ͥafWT[̏r1NҤDTkZOG0=)_꒓LQ-u-J xe
@ETpu'6SI<<Rŧx_EXұW.],F y0>A^nld(N}qN~4`:f*1更]<6TmEㅊһ\.w%YS4B_`xa<EGFV
o%Ɇmm3]Ė
7nUo*%B]:&Zn/pf-L7,q08-:)N:}Ჶ Lł,'%
SSS,0DGпQ608L\XC	NO9P}JCf"!;!n0Z-m=XGldt&.HqmLp9oH6	-y1#>詛<jU^toP*+Qi2ep
tΡ~dc<}kG<ڌW5H=(jS;_YV½˫F"@B3S=}=̿#?+U-Is5ϫϲ>%5M>;@<3nbIt~^#jwc>ʧ\ qSKťhvW,W-"Ѯ(AaW1?D/<bOb͢0@B\vz9-J5͢,Jl2`4z`k0Cm:+Fml	$̼eX1y+ xH{xgߟ1ƥf:6ڹE"<*Gc_R@"-<<@6Nrn/Uej 
IM᥶ p\P(}Mլ?=%[6mNnʱoajR~A]elJ^jST')"(p?<k(7ȹ/>.^	vu~ucbpeYCo;qx/9m.c00~k⾒8dY녟Cp$b)-"՟!<%_mfCࠬO`w#SN]GS@%S"3n&' 
8{|y+xci9*wʉH mzjl$u`;(t4Lvv֪}'o
ƥ՜I-=*9fh[A)5UTHq|AJMZA*kѳp4֞G^cK&]H@gEԞr϶KM|NwALʯvwK3hkzYmY15kqX(PZ`oUXbEd8HOhueCZ;R/aFzEC$P$J0i([)OZ]}}Z({W@H^l+5`˔GC+*u:d$GmҌ?TEN>jFCC=ޜߣA%Qpqpf./g+ovpDp%K),++傍*X.YHu}c9F@loj1vw\[j^jW=GNe$y/>#ia.gqp%<y?Ev#Gq?e O/zW5iT/D:m`v@l-!gatA:ݱi0v?oO'r9uWhܷgcb5dnڂyWA<6Mvh_j4wBȑ|RaM5>	ӛVUJsoɶQtu~7PH|}AbsߝcS̳Hv~csù,=NA@и*/U]Ol5ŖʬhHkcqe/ 
OoG9'I>+%9|Gvn6|BhJ"r$]r4SW.fqW8(Sݩ:lgr.	;ƍ2v֠~3J`	q(=%iվC>ER<pM:-q6]VŅhuh$貮NÔMyMnOholʢj<x;nHV
#p8k0>mz4_L]±
R)%i#KJDO`Qi]Hi!h뢅Biڴ.Iz>$	Z=,MPyhBM;EX
0@(gn	3h1UF\;K3ۧ~=[
Abe*H!㬡u<7_f=[B9 s̀.ɨh&7>(bVpgD8#KHNj9uW, yvc%*3)f*xCGB3vHYOjڤVFk9x5HVzz\K[Hw{l,lNs9Om/sTW#ʠă,ky(?3K=~ eXsQ(0|,pJep+}Jt8Ol@殴Vv2"E%ӊH0!PuYX}L,.!ur<p{@B?}*ЕW$e- M.ݐ[!!)֞KbԦJk}V"
!LVidnach|O×:¤s~H `ya¶)x#==Dn}	CC~JV#i%K݉>H~GYZanNzaP:hG6OV? $U9HQvD@Ba1lHY~]tWyP	 8FN%0eSF-s]LAɡ=%g]"r1KuU3bDnN`_wzb~7v(mIVeeB꯼/af6;ua8xLxټ9
ծzh1B
)Gcב+$dF"/Z*ɔYmJH3DW0;Ϸvl::9R@,>ȶ&빉	,?R&?)L)r7梜;dB㐎0Dh7]@iDa'KΚՃ$v?
1ćFTBh^'z`Z71.\:9;_̘L;w{L6EDkA\ :DiyiY&f8uMENyW*xqvWt+iPAN2-l1Zcf%aqεN鈓|lf.,wvP϶>3+3Ssפ)UŊ*%JdMqAJ5+; cM*:A9>lJbP^W'8hkg?bIߗh+N䡧t _
It؟<v]z}sT|e{yCHX)a_xC\}@2]Rʾ_0?PC-42U4\<_n d-C,)R\cNK9e+FvC'mo:,7sVdAp7kKKjlpmGXc9gQ:Б{<
pǠ	z5ld.c=ICj(OtaojLOVQ9"4\Ad2rzh7>7z	JIC!A
qOִ΄O>Ճ\qӰ9^BM۝?5٩|&8ۆ"˼	FW
j%lY)f۞u͌gWHzyrJαLMCѳȞ5nΣb|yA-I|9F^KwVҘ) Ca"JLoehMb}Gd'iɾȢɬAq%qma,dT\~v;(ߊ'jzQÅ{ϫ_0i-O1;ڃ=rkYR~隚ql
vIH[#8Sy,+`7UwLBV,6Rh)L"3LX *&ղ`SKt(C.<P3sUT'8ǙTjf7)q¼`W쀩K] rRQϷZ Ut;)P3s-}XG2dk.[ZʊSI?=FxL%Lq\L+[/zr出vέ ̑]cy}*@	'U\&f"^mOD|RM 6b}l]HFws}[U|]NX&[MIGbNJIߊ8}H6^Ek_-K	DK@h8@~<$KPnʄNoeqc휭-f1H
E`!ś$ffTR7<p?[.0fҋeÂx {u$2"z15x{\yG@_$<+H&5%SvNH
5<ã'es:e[opHiC'vF( wmM0.pEPYh6[kb:
AQכ^'vbDEݑٟO`H g6_m'V'	rf(:EhxiPz!~M'!`khT|/?5 cPC:&$;e'
~ZXk9iMAHn3.r)`";얾<5](w	X^
s |H@zY41wO,Ta!6|D<\S bj$9nVQV$]&ڞчt+\XRR"n3Anv;ڥU|A.KCkAOxQ	ҧ˼/^{[g]U\(mA$gd^=I$4M598WTMS=C4Îk	w`tǃ|q(jURKu 5.o =v:@u٘(6bvФ/*qْDio)$B2{+pϺ%nɞ{-k@k^++/^GSـ(5D} y.6YLą3M"WSD'6c`wT^o@`bjQ/G`w'QCt4x~ݼnFVpvсJ-kLv4!dIjXmezC)r`yI'JMu2O}.5"Hkrxt7c#?{0
UTF?@1u=M+jgp]ɼ`ek	$AGMJ}A`u^N˜|ޅgv9RXQ"dIh||fY,m-
M;NgF@'EY_E/UA@ <	+1W'9zq"
wv1rNJ+eqbH"9R/F7/윆n̈́1b'5nw#a*^דʹYhʱkl<Np5o%7	zMq|U!Ҙ	M=;~rh@L60ێZ *-qIʪyv[f|uV~#Yһ9*ςwA[^u-i7|n+J
Hצ+%7SRo/a̷КSUQFR 
_<oO j۝te".H6VΠKbNvXŬ #G"W~Cxy6	cV3rq3鮗uO;}#k:ƅ1-ϦMUN,m.ssHzh&XDt.nSeB6wdhS_1+KԡT6Bā(|pͿ:R7JK0ʙO'_ >Ra()ITCՓOjLr hhQfHY3*RTPm3^&2?Ad݇k4ɺ.A3Lˋٚ	L\`^ђ?9wGvM,0|l0O^BJ7<6AI	@P~ڜ
 CtjvJtTUj'cL$M	TX&85alz4=B~4#=7Oui!-B%p0k+d_t|[<8LW^vs7٩Wu7=$Ѥ$o-3ؤP({]I{GH wI2DS/r&{&29aoV݀\EOb9pla9YҨ2%,я3$'a	+zȂx`Ha|	3+[#BWnMLpG! ,>ŢD obHʂ('1ZA6{wK6H<ÒXyL`I-L98<?:v2SuW 1DK=pqX&:FZـoB֨<<;-N͑nqqlum#dhT\m2?)eG`doXaR0fn=_HXD9naڝY)h!`o,HtV;Mmn)"	2oe4C	F \dfg?J)|d2{n@4p8(76En݋עJLQ^Ć[Wz"<<Wob5t%.ND?y˟n6i!ÂQxg3d[G<ZF.VV8ې^
C/*@}ڙʣ*v^/un4JfHH9VS^H!\3铻lX"Dn3}ǋ߷R(m]B	\9j8X~6<1#**aޓl}{:v/1-tCZj3qHɪC,lĦderzSl.--l
ijB~QkJZT4q'rLT0ԭu7^gl>d^[lDPo
|QchZYׅ?8;I$hG3ٗR}J\2nRًeԘjE"~YNnA{'厊5x>)r/ˇg`1禮vb3(GxGMB>xf.JX{$&ppNzuD	5YZ~SבJ,~p٘%vD7z̟p凒NyPm	)P/H*-# iSVyb[*<;}VqHw;tMjC}x"<֦ 	">>V7m^.l/^}ՎaQltn믺"G~\kSgoPS6{ut0Q؂ciQX3Q-i&fǀeGo i		3yYAX8S_'ݧRh1s]Bn=FAE=:[;eJ?V<35XG+3_6
enZ4w	ݟez5/+.HԸG>Tg5v3y+Yvs7~%1#xFPGQr圕]/tW#oKnQS%X)WFU'w[æ6e|^x
iK&S}'CQhRPC^G-Ā+c2{ el_q&[ۀ=Yp>Cl>vNNMs|;/鯇$r~r@}.}G}Fv⑴'h<OϭчXc{ԙxтu@Dsu'־ܓ4@Ɨ&Re RK,Ox>lnjx	qlK/kGVCT_ԕV=GW	=&ރTa<_<?E~aт0=!efqn+<<=巛)|Hi,r@00_FDQ(VJ}P@q%+%
-ӠC~qPMcmAn'*mH&|DMFs/Xf"LIB}gmcP\F7;XFÒܥC(\<VSvr<U]l)0i ҹW{ֱ3oʖ-%kɁe͡8!ě*sbYPNX$CW1I{Gfr8\)^sQ6hWi.LoW/M%؟1|;:q9afk@4sOJ><1D#J,(41Aڐ|AW/Ni?Xdy(cP@hdz~DG2^N|PE࢐dr+"l_h0۳ 6zlu~S?;#FaaBf9?ٯnV;Ip	rv}$컅]\+ݯ 2Jl}14{ &(hJ\቗eh ЭԬLҗ%7k^L&o̎X`MBN]äEfujtTr#_f@efԋۤ`lNFs{(C˛ڕ;/ɱx~M9z$R0+WX_AScuKqՠcnt%'tjkl	zfQP1xW~j\S&tRc
حakF۷C^)wAwf4PҾO0A$	q`%/Η|0I]>-9Ko/@zPe8e)>&T>K `3Ջ\531$uB'v.Gxf5}d{7P[DIS,Pa_1L<>'	Ɋ|ϼFlp(4a<\wdw+efECIm86hqJO|zߥDR:%y#? Aˋ50R5KɈ"#7E$W$%m
7?ݩT֙pv3Cc=t06)qښЙFvn%
7{x"QK2/P:cox_(dSdLYfAҝ %s &\
+.*ʅUrP}N+t\w(PymP@Lg7\kL~y^w\Jhz
ڼ3],ZM~?CSWN	RjzΟQؤe~SӄջûIh+.nMMZc>i\8H~{~t.S'v]r`pT;_-Xt$Wz}ɛߐk̿NhL
sRM_I(m7 	ْcp톨C*\;AFfy$!p-N!VϲfT(-x0IG)9d;Nuq7ƖW`}<IU6Qjh;oCa'qұ臻6LoJͿ;lgya.VߍyF.v7;tE'<Y}q@Q#kLVJVUFW%v j=B>#_scXI^M5#9%;~ uDZ5w<g/P:?δaRgו[>anݭRgϤ~1iSn.[ii:>Ɋ,.	FYvf޿7Jhr-͘CL:7 ԦSdIy[_QQMħq_EBᚧo14P\1Fl:C%c0R^ d]6g^tb~(XOk})t^it[)},ch9i'k=<.2EJ"AtMAZ\HM7fYʼe&٤~ɒ
)9Ƈ`L,xS	-Ϙ'*fiC俼yAO۶*?D@VN,akR4\K~Mzj(Ba=<㛭UGktf![Gm3`"MY;t`bI
_
5(u]0+:1 Yg<S
s	Rr|#?Tfͬd9`57oW/׋@ޜf4)= }E|̜d{{%	4JsQK(#f.Btr=qL}\fpNV11Џ)v',o1Pp?&><}l=Pо{VߧjbSh׼QJ
|DčĞaP
D~3M8
s9bS<EYۭT܉8!GYRkA2zA$QvkrYxz23^79!g(7R_oWk8D!Mx'bQbbԢHdrܴEa>~Xi#-Ù;tĠ;qbKG!'ꝙn,gZ]7]xORaUF]Q<Rߠnۅx2l7/^ ^D;WOo&ڬ0*u5@q,=!lBHǹ$St龚e  %ve["FBڒx2,*Li:Iw"
PY}Typ]"_1I(N䊍l^a߽a5!Z26+TH 2q6wr,QWvESߧM3S|綤A*}¢g%uQA6qY˓*%5ihE193as_
댫rYo?6 f'ߩd$SU|C@:ۿT)s&hh=`b6U&Sc6q5sUB.p=d(NM1I0M	-;^/_vEEm?iV>wYC'"(8omt[FFNc?rLGv{QoLSM$#D)*b'\=[SU	Wt^ʹM.7){|!T"5yp6c4-/8oO㫰MjDyqfG w}MA4#y].-kpf(G&(Y΄ljDY*`L@EɇVT$1zmZ)c-`9Q@xPN&Hy@jAҨ'&7hm9io
bgnv2!e|BnQ}@Բ}Y</ؕYU<y0f|`ȞIQR;0NssznRQLVJ<\Qs.pg+eI=F}%ߊsN	61BTB8
d9E.).iot&_>"|\\O-[
,T,%B.Ï+J0hҪ?c"jȫIk,d PK|_g)_]:f1cۦP]9	|{iY}݁@A+Dy}K>I1!4]eEN5vMNG0:B6&-f(4qpKl3=ұ
:BBXS".D($P6,KwPr9k.k嚎I67Ҋ1P ]1)phK@.0P--t\&#T{$Ýۄvjn];FȤ "t=Hź8ym	{O`%+´̒2Gd{sv()>P=%Y\~D{oWkq<^tQ<YG#inCO+%yߐ4yN]=4q#&eV\+ʵ"%%UkŌG<-Kjߴ}Tk<ijq5V5o:QyIcՅabJeEI#?
T: }R.K\pԬ<zs;S!%Jݮ5t;@$^ o)DE˖恋F+|{^X6Y{Q܍Κc	b\5#>a~#`30s!j"BJAuFwYP."iS`\(wt*5r?Vf,H!$c dp\7\(xJ;V}#a݃F\T [9.O<SBzu`gZw	[rD~$-"Nc3S|j&͠Ɩț_ 4l} :ml-})£˔ts4怺@H/pO01s՛_7(,33U5k%&<9ǄU=J&~T@;V3(mH(Nyf[p{S
f%Oc&Plb#%wr<AXbIJC۱&rlUrfރNMD7*Qms?CwSsiwFC
'KfKj'N3zdp)HbJ:@"gՔvּzZqޕQ\+Qc E̳ת?PT6dT_ ]"efш7dCٞMSFeA+ŵxLB)J
<Eɯ%"Q|cfFi<*166"Cbɠ%uuڶxrU;uf{u1߂:E1@]-^dOjJuFG57?	{"IIaЮRNH5Íq"/U~q~=NDh
CᰠZ?O6dtqDjgjF,2kw.&`~ʹhI>`68rElsl.,_5yΰ˽aT~q쫞dQ8|y$eQL/Xe015$5| -{бtFqL:Ai!I#I}c+VѺn,=h7K7
0/^;%ԛʻS9P5Brm%K\n&箷ͧlyH\i6J*)ARͮ[ϹS_ / $_d4j|ȚK2k_YVUG0|qX!bgi,ON)-C.x;O@
*UZ/8xB+돖?hUo$uu=nM۽G|wGhўh(4\Sż8XX=QHH31UD Gj6S7A#%^v
֌Xejڱ%HsRR74F7˙ρ05ul~kM RBㆌ
o)Ȯ}lc<ǃ{w%j;kg%%:OusCRsrS~jr9"/ԒQ}g^]!N
hr(=}P-Nĺk%>CMS-N\qtP֞W1Q]{;GaW:NV :G${R-z;*?"6p9:27v@ai *6$XLrtC/U4E>X3(c}.?N$P-N'?
>gj8;61[_qC}UM RD*AZ/lF\֕ӄbI<'P6{ =>Žg(ј yA~Rc)hV;ВsѢC>L0#za	}WEj49bGӅsGpnUQ?^x23YG	tPPSPh2eϲ6\7rAĸ7G/AnFdBbɅK519`,'Qc/#l&cE	>&\o3lJ'2;l;pALTq3k[[W'Uo/MTء>LR8D@8AcaAV`j6s,1Oe܅]T/ɚ8cZ>퉦"ᱚ[#QJQFib+QyU֎^bj(S/ʼ8Trwb;yojDDEI(=ȯY4=9Qjc˜5y/eH֌뷓*r!V-VʥCh8\VȊRRC0vȘAQ_M\kw]Qwl1 FV{/*Sጱg牍>m/S=%vb/V 0DRs:Xk
9)ň.VzL@L*8bN iQT0?m{ajSօ_#SNPH&@WuL])CTeHjբ:S:.͋h] uKG  NcOTvH:qXʛeDzwNǠo|͏yb};:*epgWvX5R0ngKLoSHFF?G^m&S<Ik5 9j"{CU?ݸƺi]AB!$kˆ%mRӟM/XMOmTԧwT
[L?0P0M&8C[kO`Nx[9\>!#qZHM	* Cuh}wkr47n)_c8OǓJu
 5Vx,	+djtユ;قh}΂{S3O/Ş?Xt}m՛OD"\-..xM帄`Or.!^pc#&{^Wp_zsMHbnKeNP5Uݟy	iA_#H=o>IiŹ]0נRPrlqb^Zw.GWNs/a6p$#	C?5!]AvV{!͛;^|hgˇT7y\.$Aܙ(LaF$GHjC?<.+RL+$Q֩L챤PM.g
U((Ņ6$Irh]{c@Z$sCzwmp?ex}#gKL"sƂDqurIY/3ٖIj%Jj~kkȾQ(Q.Et# Y ip<iË )po05$6c2lOKa#POܔo4ِ֒|<x_BE20[nQ}Dc!>9qL߭	R0!U[&)2i?vRGR;4ȓ
YiKTzzuǽ[bIY Ǫ S%dfpO8Es ^8CcM@0,nP-L$^R[\wrlKCnwNڪV&YGnmY9V_"L'$Vo%a\<;ݺN"帞zSw]Mjl˄&}׈jw!O8eڇ#8&K7UR9JdO]#7 Iyfv"	X8BW{]_auI*F>@ۓ
e|C%Bؗ"us\\݇T~o`8]!&g6._0{Xg|`[uP"uSct>_]2'zBv)q[oyCL" $AlgߖلIc?sp%T!-SPrь"Git&qgvq5xk 蒫I~Gja Iܾe=KI;f$sk5^N@(/ز5~kKX<.('lUxArRZziw5H>O۬|:[u5wvĻGrY'6ފ}A?FAQ7*"=Hy<鬸g jω4rKVObÒ.u/ W͡ $**\F bW_?t?9/σI5>@ (%D49`,:6KLv9^n}r[>/(x5{@tqjpC[<b	I
%KqTބI즡CH^T;RIЌkM#
!9)a#s~^teVx-j4QT{R\kŹQ0"Eu5_H4iƭx}<Zݲ9=>n6f1.V3)X'j~Pieʤblsk:bh5IgeN,|
 eчsmPUs"f{i֐EY7ALb	A`X|a@HC:CYq7ӷ
|k2[@QYNx5ܩ86ڰ;҇+R[ t|H	nQG^U2̤kn6Y^mփ`uMTCE>uV+BC\&!R.4-E&3Aۄl U@`RG!~J~Ux<8\<LVm.uxHy~UMJ|*[ZƤ4[!'whBBj'#m6yQLz[0Ѝ渗rIӴ<jͪu9pIAޚgPh,ȅZ'ݯ$eٌ4,z'2p(z(sϘY*Ő+lE/o[۠Q/t2l&Ft12Kc1H}{v}U'>eu3|qxPg/V6Ony@7 
Fu݈scB!AXI)d#Mi5jf}Ai>å.Siuze\``˼CR+SUCؕfXR݀^đbH4;H#P}F#doad4&LZ/Csj2s10?Mnŋ&g-qcS?)6-̻`E1oxP[dCáe 0JRqmƧ~C!^ X/GŻ׽*hELgOO]2	">Y@zfp'3/Ouv|!w"TD,E$ZօSe$wHzuY=.>vZ8^ Fl s*cS?OfA
PgDLb1_H-JXI|2p30 sd.B$O+G
CHf	mAո8,x 2Aɸ
>ku|תՍ×Jw<z-֬E/̹Pz5'ψqV$/ļjF5ІCt&VzHշa3)wPn%*S	AW!+\1. 7yfa!͊``#P2E%ZtO~_;N(VHv x7Ah2{"q헻igyDgZ)9fy	Wv2`{ә+pʶ′uO$~r{x$Qx^KKR N"8SFAϳӪڝh=_@Sh$>~Obûtٻ)7Pk}Cai)`'ni'#4CRVF9)V?o+MYQo
ytf@WN='M_4)O20ix磘qo&7kw\..>dKRڥ1(vG kQf\w}[KE3V.y jy'`Xi]~dZaB`4 .3:H<mW}spf	F0K,UN?|7i+^}j9{nmVN\|jݢ*EK<y;<%}7|Ėo^nȷSTQZ(.DN.Ry]' Do3|e(Lwo2'9bS$s=iaYG>cϷ\mn\L#FnW;jN"20HUI?X1EE𥝎-ƞ~KOu%4a\)}:eNsI&ǍݢrAlݫ.F2۠Ux4۵$^.5yKD)׆Ofw k	 nHC]?[JaCmj]!mFc~-~Tg@5j{qi˟5đ
myfۓ!n32=sh:eVd5F>DFAy#̈WrFS0`ȨJ$F3Yr>t${Xd*Yxfif3-O|	UX[P6h`=E24<?V831>QrШHjk!%3$'sÿB$3gth/^%74҆Jt!Fz$;[b:3ul2plV%/N!Ic^]od1&ΔT@}S>eɘKݲW!kۼ	*lLyyZCnܖ''gq)a4n@D\sOX飮ZZ"0m
Fg o42Q̯&% TkPøaRϠyǬ|Fu]]X3Ԏ}M@xfl+*<
;aZ	3'd[Gaܔ/}ʾ|'w/NdW2LP]؃eK6=r\W|8WVFں
;XfC4?gE!p. $NS-ncN@LKc0;`/^AHH T˼4$FqdygK.䏀,!,L)'I{mMXSnyJ~ƥmc.`8cBG;D)rKsK i/U0nV?TeS1)jV5vl}Uq(7q$ Ð?(~jgB/pa:,Jv;LuX;T9B*8pHY6
"yF֠ϽSλSEC4@z>7chU?i8sOyUjZK1Ls"á}rp4$5ぬ'/.y6Ag{ J/!ÜQ¥U2-.0pPO_{5c)<Gͯnp#*|G1^<<Jk1^sDA2'KN$h_nG`	aWf_dx.ppJXsCFTzv|!0{goւI^0qgvɝa)?-;3
)LwMﳌΠ!R7Ce9#S.Rg324IogLUpd9K\sY<jMv;`;5$ڥ![P_,iP5;C]pN:ԣ:MzKa"r9Gqm:0\;M\W->v@N%2mR:|($b2yO-v0mrssAcVUQOmmaxvdQ=t[GԌPW9"HD0DA*W-Cnc[s4#JD,MV>om%_><=VQ'j.Ii4ek7u#5rښM*5R0Mi?aXMJp"0m
dt,'+lkwPJ]e,!Qи}M}Y˃]M9m=77^G(y;4]kք[*O@2n:xv3cY}ÒuX6PF kXBJ}c??od[ȱy8NH6h̺+56t(\GK*C<P!O>K}e*]) RȵM}4ܮ% BòH]ײFn&0P B_U[N_TB*Z3kY2#E_rSS&YP<J/2sA0;ubU$TdLF]k"_Sz)r`|_G~Z		DRMѾمvKu>41bޗ)Z(W%z	`GCȴ{N		̗x`Yib% ?zA΂:N1_jYvT<r<Lq{Ku]ALT#r]<N[*:<{x0!~*QVm!b<́R7MMeFTRe{%duQG;@"y-mNgD+5DFFzMK$mj,WRC)ZGeU4~ե |4o>Vp==V^+ӭΈ	ǕN/zf1Fu9+gu&{Q!hR81(ʁyiuFtwg*;OӜh*H@~|U5</ub@>enL+O(z_܁f(+<'tEڋUo?dSv1K/ݗo%Go!zf!Y/g134SqRIpxGɪ-ux;A9hNEu֡ۢopsJ;6<Dy\XsfTژH0ދ#2/t)$Xd{n62YA^>*>oc/cOe%N#=~?N/4#U<#| rAKY1W241/_+|i
q0;A8O`Ӱ5%e}f<CX0$KsR.3C6Ɨcy{dx^_T˹b+x2͇3%W؄^y5?R :7o|YcO~
Dbҷ⠼~@K
qk:a$rVNu&W |Iu*!#C4z$e͌TWʻ$!K*r]jmJ&A
(d%j_9GXuXkQ/p(oWOyni{O
kC_L6u
C-SE]bIVia@3RE9H4>JBGpx,	[g^6vAkdzwQ(]X2EkVi]$|L)
rU Gq`Ju!`a"W`[!hHR,zJڹmx@/~wjǧ&WVcWGԮ61ۀsC՜g7sT@Qѐ}Kb$Bw-D;	fcMso1	$+d=(.ރ{ǨbT=hBYqÐ,S+9}ϝz:zPNJOs 

 l=Yܻ5S7"gk?Bmj|FQ>9Ѕ+")?[@m8[1t[sIla$9W!ysqZjbϪe
X (Epe38 -n6,u
&2uڌ}pCh%;M2	o"4MXB|,1vH)|kJ=(/|@)vjAitC=k&],)PQ8<u=bYxR9gF!P]m6
a/!8?fDaqw VJwM%o\4ם~%kH$mU5W".  ~C3G֣B
;wwDcbkbkEOۍQpV=\M`JZ_;͠oxEҋ42T@k4YɁbc
ȡ.^|bS\D^4j5f$ZHvWP7yc,]>OR˕wM
*'E꿬!B?`hGY{8_\R15{0uO{Xi	&6򏨾)	O'Y4\,$'Fk.Mm-Sp,.yd
Ҡβb$ƴ'2c6 G6G#|r*{*XId?L&A̑h
~bP ?>?_\vz޳تp	B6+tK#FphmG%M*9	>JwT!z1Ys %1	J?U1ܼͮr2Ϋu!VZHM[)LUQ`94(5]VnwbfJ^$%j3"C]d`Q8on9JԕsR*ȆoIpɬox)DHdwgUkq.،|V gfgWw4: )(:BXFp;m)RM卉9Υ"ΒZ#awz|hSyzWd%'zQ87QE+n;-"AE B%zD:6$C`D;\8 x<~Bn/}!&	SF'G"'#zTUW`\M1a(87MEǐ5"=ΫQl3TՈ0bXCUYT 0eme\ ki	9a0,+lKr}gIiyr+OĈnZ_ǧ<!m0gӦibB@g?ֆ)]"X+	T|kb/~nk'	'[3ձV@/[l̑Bjy7UE"5N\ݹ7@9`?5]߫hcy7-r[ԷNkSP99I1>~}T6Bڄ<}LWB&>7fL<AjI30xo`$n&Ҫǋi7&~'֕,wk[=Ү5ލeỞ?~0Gw"}GfpP/=t}-.};·~wIIĘ ?t͜|r'ٵCcw፧bqd*PvcY i lERH#ؐv/9o1Caћnd@o~Ԁ`irٌZ>;4z	Eb *k@7zI{!U_$"S]2ȢxoɥM=$|=08TponmXf_ǬuT`N:Ip#d^=nLTեi[ĚqQU٫h.urݪl+ҶCIn81.Lj4}IvVPi>[ǚpWUH1]J,'x3H0e^SW.̶u3g&|5渉!v1)ӀX',P!,>D?)98ݗU7Fjq;L3%CXV/!O80
&	.X4C8gʍ̑dsыV<2`Xf6$+@щ)m8 Du ܳ.I8M
Fؽ19ia"u6̇ClZ%t3 VvEI
uiHm|q@P1JԎvKCBq_LxN&[o.y3teIv?˓,KSւ(һXTơ+eW:'}9`_# a|&vl~s>W(kn=}4GhfgPvh/Fbqu;͎25/~w|cU;ZRf6nYq*fyur<,Ǉ&Q$sĢ +]jgbm~p3YvWzu|6R^=9`'u{X|0m8gslEף`+.J@̳h=V-g}{0QS'ӛXW@	RblڃO4ƑJeD0LWj0ݶKCNn,pfm>ZiUʗ`-؝yq-xg&oZ	64̄ްϾL""pBqf|!탕:ᬦp9&iwp-(re~&^VX{q2)-}_x#,s2U pG&l<ֽ
f`]^ؐ^v)!,hŨI5~@ucbZS EXȔ[L=Ը.Hi_D=)"H/gȴ/=qeLS'NCfKڳ~7KB<]I8ŔEKreQXp;_bvc1~Iy4VRUyy 3 cqI\a/PݙLCML{gk2	xٛk0a1
ǔ4O"͉LM!!&+]!ȥ]1^s#2,e{18Edw<Y@]Sƴ'O yL1㢮g<QbWn^98Rȭ뫶?o^YvP	iUeR"3%=w>˞_o"ikQA_j3\q8 JJ{P+}eG"٤!0cMjhg.T7Ma5jNm4R&gd5Ȍ
/%c+k.xTYnQ=cI29tbdFBّpPcz,j6 uK.Lgv9hsz_6!rsaoyN񧽘d(Ŋ'D &p>X=,^kJj5CYR"ϖ;\Vo{b/pBs L@S&<"6sO&݊S<;p\&;"hQ15*)eq,x<T"g=-p%G=1cHWǁ8qxǪ m|@bB]Vc3+Us
BwkuRs[m6l)<]b.J7Y7xNo] &盤YDBvTBfHWKݜN~'RuWVPZSZ׎Dcx4/˅f܆j"n4IV5xef_ xm+Ff_Ի
&ɌKLNuyr:+Tte-LAzn$^vOP˟Vc'c[pf[hsq7OE->KՇx$\߷?/}	38z-ʚU;=75b;Ba|[jo $7$}½s:W	mDa4d@N{1uP0Jnt^3+LZ;iaNX3_
O=1=jO $8ʠH	%C%6V*-ۢ7DCzu\9H<Uc`vu~ُb0fdƖw{rx>I8ś5{W6̔*bM|V眫ch@x=<E>˰sWFӬ-Q{};5u,$%yi*0p\<>",5cCnY%,Rs'?e%"
ރ"t^iO(+(S4%4yh8hc[R\uͿܝ$L@drdTb@JؔXgA6|Q]	1QN;XJLsq{!s֝Ô6}"Z(ʣ(7N[ }_QfbAR/t|dθ)}z%дR6iCDS,g%T;ORT4pl4at`֞xkM5|59ȫhup*Q"9VtN0'ޖ\3Tj?CɧߙmAβ:`SSh˃ t>D@"M4Ά5
K)*9B&k-ہ/fupUW*໬:?,R-)*yRbSjG.ȋt/ɎK+7 oJkO[@9WMLPl
2IJ^RIM++mpYl3.:F&rcY?~ue.m|S"}zaq@6`m1}w)rJݹMtB@E]^J1_Ǣ<v֣[@`+)%Kt@ѥŔM&@zR&vBLB\%瀞^t>D!E:y|VPg%ʧɠa[觡^cLN/SR:<N562O~are1fX%CXz`oiܡJ?)+[߬;%L|2 ='
yHGY+Z**O:a3X	⎚g;+ĸC/]I
攐l;08+ack~pkw7e|v59G'}2~kS]g
Bf	33UZ}!{6b,!$9.nTZ>QeO$Qϊ/Fyd=Ɗ72gG=R|-].Iާ4	,[yq#m;NeOjs}&]~Qs?-?`ph6͋բ}.	;Ɨή\÷P|
VOYiVCN%W`];MC/~~)NP"ޯu)߫{WA#u$M+(pwH7oO,|Kմ*V3^~ɄhҊ*rK>\ϒ!yzibFr7p̥xcͥvu6h?C3}^6ۂ4[{'zH<B@&	̱PD݇ tx*M !t.\gZ*R'ApIn/Ւp\d<(]iVthgxl9.e7
fV|aHdբ@iE`O9A*@d~t%w`8)8O-dMr^}B#c&j;gM牯, <<k}xOڦj_iԁ73~q2Ƹ؎-o=;\36GzMh}3}\0y	G[l6Ӡั#)^u]SīlF=WԦ%K	b\@M6p,Dj]vvw2&b~cBr÷̙1<c*a;ypF.8no	qoRƝe!zS7~$D{2vCl;YH5)C:UUX?3:kۋ~]wk3"έ܆XvePi3;7:.&(@+0Pmmd?Yv5\%cXjlA)bA]:ikΎ>[ۀja@zy\D5iEN/}Z1 +jȐDp'4^ 8&F
Hmh5Rtz1Y^0c%WU2>}b$ʳyC9>!<<u?i1DށWvGlך|ԢǏ׽Dbt,m=8vcbb/uxACAF{7PPrg#&DmMbz׽' 7jAJȃ"#
cNfRHdl=nfTɈQMhힵvYM"0pg30P4<SǴ!pbŢ&UuIp	Г3q zclhHt*A=aȣ{CدW%{72hyȣ*-Ⱥ0lXlRԳp!\՞F_{2q4,}	VA
&oJӂc4dP*s0fW,(1 gG?l)(<Ih=jXAacNEޭX˂U?17%!A\s.F-RxiQ@h0|)`8];T[G^qLjXR[]`51WWi+0	8 lgo\SC]VY	@B7ԨoweiP!^:AR'Ĺ"݇ZBse1oyC2
X3nmO18bW/o#<X|5ĦgKG1*[ݛ6㽽0ˠʵ%1Y>es;?{j]ak:~x2{O=@F(`u䣝7GG$PZe."AZܡ -P3+X|#P}^&Q`RUj;D:UgI;-܍@̰OHqƺ "Hi=^A_y*SJL"֗k@560 dA5A߇;xC14VLu|`:>yW20LIcpʶY
3M>uJ?3|In~1rg쾴vɸ%i]<nKQFv;*uCd <dKŲ4
4HO;RqdHaASckzqX ntĳ{T A
X}-]kBv.]Z2QRJb(yގ_UFCڊḑF}at,V݋T WPHE1tDO*N,̜Ϭk'xy4*7dmu6)z)Qi^&9w.g"i*@\|VM&͠GZ9k
ە\.@*XK{1IKs9J bvoPBXCB_a~sR*W&B-	Xg!Д䃁EFFmAȽb)x\rRTFu[-HIE^@6d`/^7%yWY^9g.A]\FJ$<#\V4Q+H ?ởA:*[ɠϲW
˙{>򡬂:rQ?C `ׇ^j%G=[\(+#[_QBA]uW(ܽLn,bAN6'B{w)XI20>R8.C~2:߰w/̟,
4;C ^fk}>~\\ٮ}9mBNШI0`uJKύK~Hλbu5riwrdAhvi.V\{vyNG3O$.ڰ*y08AUWbl-w'+\Қ7 ցbcsm̚𓚊I6ݨkP/HY_+ )U65dTd%bL;aTlVW()ñϜnƄĹK-B,pwuF͸G5EBZP$i(X_0# ]=?`-Qw׃Q>8xÌYMbfO
Qٍ%} I,,h-c9&ղ/5<'N|Ӟz#RrZ- $c
oŕśFS$?|2/Yב_>N
!y-"!%wqlѥd8<>'E܉ȋr:TH(!mx4v})A\S{M^ ç%EZ[Op1'r3Į<`[W_1%9SD\m5(mQNxϫ4H{ظdYfv2Dc,cy~	3*&0&'`
X;dLeҥrX5
b62r\ө,uؘNIt9黉A'gnZX~E72>v}B?WTHƥIY8Sjd@kt<4^Ŀ\.c%aNVhȀ(ӥ-lZ1doXq&}֤xtzrS|gKribޤmhH[q`=5xd=p3|0ݗ"ÄCӞ\Cؗ:Fh#rx[9t$XOffZ-b~umWGqLJL͠N.'z4-#[u9"gTW70,*¢E3Q}Jaٙ-_(7)dXdG~?VBH:;1j-	TЋ1c'3(3,.dn\	tios陱o˾^Rk͘i'IjlA,.dwɵbW>?\%7FSZ@s4:j"ĘKJ'8/bIwAɘm*!-e/%IhkpJl/NmP7,74k|0+vZ6w+52`P&7
RA4rL|WjEC+M	AU&(KԕNK#>獲FwTa9:^ufGXU	6KZ2/ޗ}Z(HC}n?`4x}y }@^xՌh :`⨴<JC!M&Z׿ce7}N7ʥ3Sv@Tvqꮍ{Niw<J$a W/CX^yg
!ZgMcI@[fhٻ=vGOPH.f@A]{4gAvM4SeVM~z=}(	 ffHIB|;U0){JPx=U;䅶ϠQ^{ѐA2,HsSޓhAJ!NzBS<s.XIނH>Ÿ}E+Y\BAy>b*3?.F?;2QЌQrhnOL$ ԍAB-2K_rD[3ǆՔ[`]8%N) hF.ݳō\ճ2Lg{ŝ*;94Ǡi-%c6"x%nZ}Yzt]z9>Ww4ru;u|u	X٘D@JRB!00*NА僽{]nl~e!lU,{@ɵ8̈㈐شLoBY`sPrf֢I}i'.8( mſo]E'V5Aru5H"n3uSl
q?.;9	1@jahܨBsD (EHxԭ|'$2B-Wy!z/y-1gfBF~WA` 3)PpM|b":(%>ԩER;6fj}J>~
"2ˆx?lyhP^Xml г-Mi"Ew`֜|c$vcZMןx*2-HRco;Sj:EzO5mB9r8p'+t/@2_|7*H˄ͧ	0sJ<$&;)ή.[	HSVJLWdvϡI
f|aqf3ї4nӮX]Fg " k`A٠F.0E[.`>ΚXt(NƬq^;dkoCk-	E9fb3p뭦3cR|Ы1bO4Bp#|}
iԯ[>cIwh/e#LMM>D&)%@ZQQYѴ<\jw(hnъ( tdҜY,Ȑ;mg+<ў	JO#`"#ҡ ]~OWBLÃJ}Z^M+\0$z@s	EvSUB5^Ȕ0/nI峆'(BUf}_
 &P/gucwd@o}cՖ.읢M_B7|?9~c5RC-W,>H21w:k>c3jJuoȫ"ICPZ3hMZu`f^pC\YJf8}k 8Gyҥ)iBe55#`;s[g(5K
\ՍctЉ5iewl~SҫGdjJAJ,(-D\@Si闸r|-΍#pIl9}_koɥnȹi4NE{Gr(XڭfnPygG6E3χj-'@_Әrx"j֭䅈?˝sttZtS^~	dѿrv$&'#5%%(b8xڞ**JVJN\hjg1Sx5[b*ҋjO_ղQ<mF˒;F1Է [z\YbχWPk;FT*-r`0!l!lfYߛ40tuyц0_I|8zM Uz4=Ǣ=K\<|*yֹDQ'90h%4y[L~ QR5D4&2g><l
rw]Yqf͠6vS#29Ce@F,!jcXb+a:jQnY	41~,ޢ>˛-[I"[=6CQuc0IG
(zf(VNg)7T5qF1E]ĬU6-e>|gҧ;4꯳JBgJxBg/?̎ #&=|vPڧ'YD"guS۫bK;nOoK֨s\|&")B%Pƍg{w77DlR-"F""ItVPPr Yn<;-ž'Wvoc!&D8hS6x^<5L(+:}j=-Hf_&4L-"MD_@\||-{?+qi2K~5<p6̝2xsVW%D48߅K ߦ[L>cQALN{,*s{?0?b=(e?Tdw}[ Di®Hj\CDs)BemhfHMf.36bU)SMtWKPbrvJxB7}RI>؅Ct*]pW7AcaOIT	>rE\ 1,7=eKiȈa7m.*1I0;-XpS;&OvZOnL0ra2`I8dэiTȶLMK̑?*X:B)yi|͗T܆5DGv3aEoV-_F9G61@Hn57/v˶c	h~$ybsŇNf5y	?M="EQ͑h`G4)`)4	YWi);W9ߦ߸rCS2ݖ?P\H݌3\}y	U7ʷsi6jL#l6jthuZG$1/FV(A<DH	gi<DA퀧RYECf2,nن`O=tFMCM4Գq`RC\N,ܽLU/{^oda@˰g\}Jئ&6Ԩ	&BG]8c?tl$4-F=؆aXOW%\{o0gS,+ o~VָL)w*}%
؎sW,Yζzh@} o2u6:։@%d	1}lU"m97_1!Ge:	aL9xtDI?4{te잔o>^Rg-&ޘ3#4_Mz B|Y3IVܯr˹\v4~xbT)rčcxK"SB|bZjlL=kD0׍ae2pzMƅ~vï~NQ]T~G60/Q5!:Zm:?ԄX3$I[Ƹ&$z?JKkGR_qCx0-uM3"c*2ݏ #?02e4_[n`XrnAnӽ q;Sg#.Ő~Uٚv?N7NO40zeTm)tӅpӝةx·R4gn?H
RR*;N}lvܴy_ęV=M;JOaw[P:p5=^i<a}%#Zƅ? yc\F\p
٤v15ry"0jƂV0OmDoB#l٢pݩ%>~w7[I3C?UvY%ulC4rNq4Ev+]&>+c%,*Qd T7(
.~ߛ6}J{b{:0,8TIe}4AE0D)\GM%ϖmhQj~(ds_ptoB
Le!^jLz_ڳB n;͚#g٢?ڐQ+٪,nS{_7>k%_܎}dIEL(2o$%"=-?KJAŵd$eETmKJ63Ŀ>qi ox`j+fs=KSFvP}ArR1y8Mn~To[i:B0`'Qi@60cPaYT#/52G|Bx`-n*Hh6iY7h1㾜3tߜvڗuܿ7rGQAEțD,ɟcX Ox> t
`<`Dϧq'CoFB
N9Eqgr0Wtm4	S!eE,j޳㮧MdOx+ZI`f#%.}?F!"\uxhX"֛L|Ykb}a:AflE\AėP%BJڥǺe0#P{V0sv5C/Sk[2IVsUUo{{YEϠ:JU W>Z5\̩hRmgsZ9=rۛ=eE,H}5w\F
NF|@yvhM 85	1WQϩA>h<)O͢ L>8k,v}$Q::Vr|3 .d S*_uwb+h9i1,|\ f9s7Ga2ex)7֎
@n"nMԵN?*!a2 SrfD-1մZeUgF1	(XfΖ)aFʬj(YWNr#sP^B<eUn"Yp0?p>٦ӣE:_)>ZZ\H^^,ńicӯG<gq8R.Ɉ{	\S6 )G	*BYKx6c~~{_+HChn8+Iz_R\!YaXrT{%OѬCӲJy+16)s\yT!hEmtI'+2y=Rd6vEQqW}ɪ;<rK(&B,B j{Bpw!z%qKWE,;gVzpY⺓c0?KE?Pzj^cE託[/w`B:6\,Nu#x,̹`f5EC[D\<pp%=A^Q8;.JMNKԕ3>yͽSK5WFi_Q2+WsI@2ǁj&'x *IRE05E@2~?>E,ز~/m 4LP~>"]!
w?1Oi>v(;$QqTu܃4~EG"Q;L_hx[j˵p-haTM utaB_*N>4<FN5n$%AZ0~CMӇyLL_}\NikCnTptBm`Y$YGUC)t 8 ('yAKr'.9~_˫8JV~uVC ^Dz0?CD/{%ً[=lL@A)I.9R`.xg"5GQ70R"`nmvGS%ѳ;SF
UnVrV$9@	by=ڍw Tr5A\](
ZA;	'v7C7AiQzrYMJ`՘3}Vc>B/uf;\ޯ2Q>{!۳)yMP=Ztgwnt]O7+nO\b(7 h%key{NaYcd "X6XxSh:Fp^&Hbbr %Fcj1,VQpl-6AfD/w Pl#3n39ˬ15=^FVJUhONRl䒾ӀstL|=凓zBq3%K}=AIoCD9&p2z^0yZ֢4rnͼ-Z3ȬAS7\! hNňEB~Tu_g*Xj%;g: [$EQ ]̩YmG.k2fDzHrJQS3$eSfg&0H1s17{X%-曢s>o)*Og4meܭWd.XCeWrdu.Ym/9	4dkD}(ɡxT;BcAQ82H2Oڌ35ٯ.LRGi$ظW(>tYav63%#t}sSvt'(&1	uUa'+&j.\򕭸nk/1)"^o=k!m(}aM0/07{`ŬB(6DbCMd%lN:^E)Znh/"kBJb'"13/ۧ<ithX;"qkSL#  <+QY/_DWo`twq|KWp[;4O7WH9A(Zo4f$Jte&m=הApCþ+ASgz~$i5YHqi;n[bW>?B	Gjɪ&e/SghGzo'M@ꆰxlvB"G:aMPCr0.՛̷
ԂJ
/j4Qjڔpq_K2]T%QM{8I"AJ`,OwpС1H#z73 #P`x3>jTQ1%#AU93!t
Z?D$3{P8hz&}w.M얐 8	lLGgD'3Mҭ8iR"kwҰPc1K#3*.
['~kYUqpd8W]%Ixd$bGTQ/rw4e G4vrO湭~<1e#/j͡B[J>tx]rZB:1t׻G5a ø+em`J^B#(l趻4CF]gm3|K\X2xK!_X%[ sgmśNYbAm*kyykTF 6_PB@Oϑ>9ʘubB5g "#:
3:OˆvZb4wgQ(U,yyf<D&ߘ<d7NG;pZ=y։Oo6ܳz'nx2Jcc(p:@a|Q⾽.Gnyvz$̢ZG]1t˸sx5M66!Z%X
/*0:>)?o܆:KCjDH
唧lj8DrVF 9-Hdï(N߃?x-$RÞDZWC%tN(NE2&i$;"p%Ljt/HxXf'"FxN7fYŌuSxŔn;ND`ua5j?#9%&Hg+ߓRQB埯*)1mK<:f?uOh㪗vɨ];z֬Ўg#Z%Рp_'L5B8p2-<Ƥ2#Tz52Ԋ@_bsAd%lETE4#f'rNyhZT_?5dB1SSSOٍ<[q#o_PI*E-hzy|ksTQOg,soXS]'5:2joK$Wa6
,":0TOYn#1q1UU~.ue&Yr_W1`UX0<|,ЊJcI/98dP eŤe(Jbi8 Ӻ.갭]Qh@9$HA'5HCwHc{L!=F_YoN9KLa_s?il`Sf)CAZ68bѥ윘E|L58#(;l0OE뗯hLUb÷ [7~1؇7Vt%9i]#j$asxaK~ЪHòec1%|j)ē.B6]j}5uFzl{<mCѦEK<O>_sҡ^zP`R[l}ݜ5i-%WB|`/"AD@iOWR[Iˣp,ĕxˣ7adwd@L}v.ٸ4w8&jtA$ou3	⁺v߈)4ƐpGmnqvOSbzn./Jkbldx+ZiQb˄U.<]}},*ڊݿڲ첻+(4;kਭTѰPX8p6͹?оe]=b+4
*N6~;(Sfb4x-l>FcܙUDn{*:0jx~4}ϯOc)1nrl]jCLi	mD}B0kiXANA&@k
O^*յC;͠.&ߕ/m	ju	rj+flZcDp)cg2́.-CHb&»)쾀
=D
73ݽ)mfzc̠ΎVBaSU?hKr>M*sUQ<vA@8ӱtG8Y:
&"(={DOtB国\=7J͞IyFLc:g2,.?Qckyi;2(!~Gl": 	n3`TyϽt88uT}vt{[o:Vs{}eLv_<!l01q5_]iEof/yf5胇#R'r#%z4@K5Y:`u'mUP$_0dSh@A潎..=9L4y*ll	gsji8C$p`Hn_UvptKIgQ-jq/L.w
^"Ac{^qr3n1:l 5%@adbaE 櫯ƢɋmHXo@G|kdق-э i5?cI\m?zqV欣5*$V2ÎjopP濚Sޢ385Itu1m۽1VsBg2^oɠl3gvF-CZPPgwPk3}yҷ]D=1AK\ݬXL1Jzp\`zGT~b.Fٰ)&rNUVIc]hw7vrcc0#nV?"$IݬeSS8	Ȼn4 )2.7x8>_+D/{BmyS@0RfggB2lA.H<\hlVE0,[O1CW3hlrwsFF/L~"2"9 VMf^2,k5Uu}" vމQ&x#&x2k꼔_Mt=Ni1EKɃYYI TjvK]!D@=S4I&A07O$㴐}0?5`ũ-^*$N[s¸Ї% dmM <(ϩٖ<H܆?Xũ'Mm5A{gpMXӥѬH})CzE _FrFb9Fsf硵nBPwϴx-GE]Y@`o1}
Ha#Zi5~=e#rQU$%U0^6s_;>nxH%ђnyXwXIYp,Z:;T'h4/~YmV>JFHSH*1kٴ&gY]ڢ	AhHN}N6PLlsu;,~M96OᚱI F/&yw~w>{ab}x66x̑id4\T}D|I{0,-ݱtf1k8TVJHs4+xh Lm<k,
oroXmZJjogyLn<ĶvF~$e-<MutKUȋRPd@2I)Of, z[60HY Fqur<&mXx+!Ewoi04J4\~7V}{X) pXiG[LReA^p(n;Û<,$.F={ꆌCԾsr6Aޡ~TfJߪ*'8H@t3/C@(C6Kky+/?# y:5\7FǓdH{1pk+{!ۆqi }R_sB)*2U6&0Le!蚫c2CjB_u!到	X#I"+]&LwANI&C&vGl=ؕB,'1i~e%Y=a)[V5n{$`D23uTIQmsʍ +錁wB ?c0p`w6cmp={hx4mdg5فʽR:dF%iComVn8luAO&mTox^\rfЀBw}S'-C-5}N73o0{ !!k*0!OάU==R߱{V7[ڳo Ӳm'5i8P @ϩpvgh%488ڙk";L퉖ZJSW4m?ʩSaR@e;Op'uABy_Miسhiԭm`.+f#8D2jǌ4(~zX(tӣ Fk4;7bK6,s\i`g15OD.}ùE'*~ĠHJpj\\)/}pxoH]tYT/;*?G'w=iuqd/LRq0}ll&P<!V1~mIͨiH|2)oL-;ڤ0ȑ}$:ꅳQmWyn棠KU_GـNhYL]dkR$j&U#")FX@V	'a!%zV7qt!ai$IS=܄K9dSl0UX&Sd3aj|"c󛽻K9P=/K&\}BIBt& :ir=rd
s1](0%ĻR<S\۷wCPjz<Ps	4sb|%`@^R{db+(DǪOEQ	P?G2_M,W<A+䨡ز͈؆\ꋨ~o5<6ڍVڠb馛o{Y=R\oy
 '(M|_gÓ~}=	)Àݍnapd6{1woc(C=3k>atK4}c쟖L	 `ZU#v6J>tAAFƄӍSYfAltq;i1`2Pՠ`l2vi\av襘}xWuf4.B
np_{
2D˵[q"֤MfLkfe?Q9	m.wȁtD'3^84Bl\hfG`Hp&)"M[ݳMq3]o0i8<J4i\1*e&La+Ԭ-/^_$f\z>UOm3
V6=C`+AX(4"J~nA(9=Tb8iI:q57Uå]`3<xGfr}Y{a)*g$ka%s%\e 96xgt@>px)P2ºd+qV(hVh<H6QbG.r+FyXe=>>kF8¨kP{Q*btNn+nk<ZT\ViQzU|0)1*9:Rf|THbqq Ozwv͜E>&sJR2ZԱuRǆXEǍOk0QfN%5Yl㫪Ek>m
HnDEL'B-4	e1^n0AoN4SC[hJP@D|ӚrbamOa7>(vR)6k[m=}wQӽLd[FTjplQ2#mlMOhhyxW2걶PͰH]t,Ѿ[
Z}?j)6Ƶ#E=FjPH7c;C^cv (_N΁U9f	mi')7ڕCFcm;y[<}^/_fsfu0X{!Bdɻ+tp_5l13Ӎ>pxƹ/JWdP9Vu	ʍו\"hCNh%\xd3ĥfTBK׶LSo:xWQ @XB4	nBz{MXT`!E^:)	r2כfyKR#?m#.)'G<4F?

aSzA+N/ؠA$&a%uՒY9B^ˬ#IiZi/&"f]
ӬL W)d[P@=-ٱR9k}BdUy߲fM0BiMnG :5כ#o5@}-1J{w(@Z!BNFG~hPNc/tW zHJr[_aK}K4ycA3vA|D}:iYvd|
?)b̼8Urbtx0A4qN1ykO8wy S2Wp{~7qLBSE/n|ϣBzi򂩏I<(r]G"WʴdHc3Y"<yPLhf̬o<{	&R)5紏KB{/~x;2f!_i&ŀbR3\CyQJ(Ryž{>5'9)x䅏IZBk_('2/~>KiC.]F5YPj3kăEAV9 
F}J?:ީ	r5ٮ\5=`9v@ю P13i}aq9ލ烂 jFҷ
Wa?.G#v#9k<sG+|ݨYA~-	99|`^BHה4s5AdSxW?ގtO Og3CGxRrm71KZ`8pzg١3V ]"8wƔkHY4VbKjS"B7jq{aG?xz
]]>k]w׃̌3@	% ŰU )A")ܬv\s@ [4ZQQҊSBԟ b׼5`f2k #'dN z\Ό֌;?Ő爖xFAUzb5{&REJYmzs4\~hSYNu.S؂#L/1:'|ӌb")ʎE츾V(ƌqUZ4y:wK66̲rOSyC㘢YEe~v]54
{.a°
Q[8`ҳV;Q-BA;vfrGJ~;2 f\RMؿv?tT<:p%>$ۄV0&k0Q^rb#=^rZlB<ZLVa3P+E''ipJM]Ij#nJdu[$j -1FS#dVwAi12@싺X\|^=tQ)E!eV'*ijR8m|ZOC+y.R뛴*6$F
ʜE݉4>GL2(r ]>2XapQ~\xSEv` Ǵ.HvQ+L3rOuJ>N˺IujvȞϫpr{_ו!$M.oka6xG"4_S"s޼	k&ތWN3"wtYjƯ V&VnQ ֣U*5v[4tЀ4>u KsQ`z~&@	lzWկԃ1GQ="%vGP[s-败LG?moZ
>E֍GS͕mpGwU%r/֢OZi#BKT,Zi#ķ&]-Ą[ejo
=Df(6g3ASJWptj}eq>}W:|š`SY@xXNt+-QMl剃YkrylKhscTELq8Hfglm`w }St<ԾڞWS)&C7]$<ѿy8.}:
YAWQ8ς8zzUeV1;9l2pZ[ϭ
ֲfu:cH[Jyz"Szv-UEW:1ːIdB}>GjDݚMt6&:,R[^4:,5l4N]G |$^hM>7-/V@j4xB$94pTri,`F?]&|7B	( 
%oD^Ó
Ąx/iT;!@B"zPn3:yN8Mtm)=ۭrpykgPv+Ujw#<[>/*
<G#ǿ
@F=C/Eg3Ocvr<<O]^v5g=BCphG*AyV_p4J=Tvjr"c,`C2=t]>1Oya]sBVy	,XA6D&lVQi@{Q@vn-̞b\6n(Vn)t/eK3RVZԽP,
]4xUw'*0|)Cɠ50@#gjY΄2$ml[ojp1njYRlݬv                   /       /      @ȰǒĎ <       <      @Ċpy*kb|
1:(4/28+&$!78%#(-9' - V                    ,       ,      @X EHmqznr1V~zpgwgFRFBAMdHRB@J\g\PJZXRDWIU    4       4      @I1TY|`kcnFhjbwY󹧻                         @                                      @               @ToIl{jy\bpDydruq                                             @";= (2                                          @                                           @              @|xfPSO]JI_^@Fp6fm`qp|s$=                                  @ĵ                     @-V)U1_[(#d6;0# "#                      !       !      @팪䱭㧤IZFIWIN@VT]U                            @[@SZ]           ]       ]      @iterators.nim(258, 11) `len(a) == L` the length of the string changed while iterating over it                   P@                              G     G     BG     @pG                                     Unknown error   Argument domain error (DOMAIN)  Overflow range error (OVERFLOW) Partial loss of significance (PLOSS)    Total loss of significance (TLOSS)      The result is too small to be represented (UNDERFLOW) Argument singularity (SIGN)       _matherr(): %s in %s(%g, %g)  (retval=%g)
  dMingw-w64 runtime failure:
     Address %p has no image-section   VirtualQuery failed for %d bytes at address %p          VirtualProtect failed with code 0x%x    Unknown pseudo relocation protocol version %d.
         Unknown pseudo relocation bit size %d.
               HHs        (null) NaN Inf  ( n u l l )     71171717117715515111111111111111151$61\6661R411511111181111`21111111131W32z45H54221443`2411+32`211`212    Infinity NaN 0        ?aCoc?`(?yPD?}-<2ZGUD?      ?      $@      @      @      @                             ?              }                             ?      $@      Y@     @@     @     j@    .A    cA    חA    eA    _B   vH7B   mB  @0B  ļB  4&kC 7yAC ؅W4vC NgmC =`XC@xDPKDMD        ؗҜ<3#I9=D2[%Cod(
                         7yACnF?O8M20HwZ<sOu                        2G             2G             2G             6G             7G             7G             7G              7G             'G             5G             6G             (G             @&G             *G             'G             &G             5G              6G             @-G              7G             @'G             (G             &G             ,G              -G             `8G              @G              8G             @+G             `6G             A             A             A             E             E             @E               @             cG             <cG             TcG             lcG             0CG             BG             BG             `E              pG             pG             pG             0pG             BG             BG              CG             Ф@             @             BG             (&G             F             BG             BG             BG             BG             BG             0&G             GCC: (GNU) 10-win32 20200525    GCC: (GNU) 10-win32 20210110    GCC: (GNU) 10-win32 20200525    GCC: (GNU) 10-win32 20200525    GCC: (GNU) 10-win32 20200525    GCC: (GNU) 10-win32 20200525    GCC: (GNU) 10-win32 20200525    GCC: (GNU) 10-win32 20200525    GCC: (GNU) 10-win32 20200525    GCC: (GNU) 10-win32 20200525    GCC: (GNU) 10-win32 20200525    GCC: (GNU) 10-win32 20200525    GCC: (GNU) 10-win32 20200525    GCC: (GNU) 10-win32 20200525    GCC: (GNU) 10-win32 20200525    GCC: (GNU) 10-win32 20200525    GCC: (GNU) 10-win32 20200525    GCC: (GNU) 10-win32 20200525    GCC: (GNU) 10-win32 20200525    GCC: (GNU) 10-win32 20200525    GCC: (GNU) 10-win32 20200525    GCC: (GNU) 10-win32 20200525    GCC: (GNU) 10-win32 20210110    GCC: (GNU) 10-win32 20200525    GCC: (GNU) 10-win32 20200525    GCC: (GNU) 10-win32 20200525    GCC: (GNU) 10-win32 20200525    GCC: (GNU) 10-win32 20200525    GCC: (GNU) 10-win32 20200525    GCC: (GNU) 10-win32 20200525    GCC: (GNU) 10-win32 20200525    GCC: (GNU) 10-win32 20200525    GCC: (GNU) 10-win32 20200525    GCC: (GNU) 10-win32 20200525    GCC: (GNU) 10-win32 20200525    GCC: (GNU) 10-win32 20200525    GCC: (GNU) 10-win32 20200525    GCC: (GNU) 10-win32 20200525    GCC: (GNU) 10-win32 20200525    GCC: (GNU) 10-win32 20200525    GCC: (GNU) 10-win32 20210110                                                                                             >   @              (     H      h    ,  p 0  1  t @  /  x /  4   4                                                                  A   P  y   y  a   a  y    y   -!  0 -!  !  D !  "  P  "  ^"  X ^"  "  \ "  "  ` "  "  d "  "  h "  #  l #  "#  x "#  l#   l#  #   #  #   #  #   #  	$   	$  
$   
$  A$   A$  U$   U$  $   $  $   $  4%   4%  %   %  %   %  &   &  u'   u'  '   '  '   '  {(   {(  )   )  #)  $ #)  )  , )  *  0 *  *  < *  R+  @ R+  r+  L r+  +  P +  +  \ +  ",  ` ",  t,  d t,  -  l -  -  | -  -   -  .   .  =.   =.  p.   p.  @/   @/  c/   c/  
0   
0  D0   D0  1   1  2   2  3   3  4   4  4   4  ?4   ?4  4   4  4   4  4   4  5   5  55   55  Z5  ( Z5  5  , 5  j6  8 j6  6  D 6  6  L 6  7  P 7  >7  X >7  Q7  ` Q7  e7  h e7  y7  l y7  z7  p z7  ~7  t ~7  7  x 7  7  | 7  f8   f8  8   8  9   9  9   9  ":   ":  h:   h:  :   :  :   :  :   :  ;   ;  d<   d<  y<   y<  <    <  <   <  (=   (=  )=  $ )=  l=  ( l=  =  4 =  6>  < 6>  >  H >  ?  X ?  @  l @  @  | @  HA   HA  A   A  B   B  sC   sC  C   C  D   D  E   E  EE   EE  [E   [E  E   E  E   E  7F   7F  F   F   G    G  H  $ H  XI  < XI  I  P I  I  \ I  I  h I  IJ  p IJ  J  | J  NK   NK  :L   :L  M   M  M   M  fN   fN  N   N  yO   yO  .P   .P  ?P   ?P  P   P  SQ   SQ  Q   Q  Q   Q  R   R  ]R  $ ]R  S  0 S  tS  D tS  S  L S  S  T S  S  \ S  .T  h .T  gT  t gT  T   T  T   T  6U   6U  {U   {U  U   U  U   U  V   V  vV   vV  V   V  V   V  W   W  xW   xW  iX   iX  X   X  X   X  X    X  Y  $ Y  ~Y  , ~Y  b  4  c  Jc  8 Pc  d  H d  e  ` e  q  p q  Yr   Yr  s   s  Ft   Ft  Nt   Nt  u   u  !u   !u  u   u  u   u  u   u  u     v  9v   9v  v   v  v   v  w    w  =w  ( =w  ]w  0 ]w  ey  8 py  y  < y  y  D y  y  P y  (z  X (z  Nz  d Nz  z  l z  l}  t l}  M   M                                               ǁ   ǁ       ς   ς       Ń   Ń                    (     ,     0   ݌  8 ݌  ތ  @ ތ    D   8  L 8  ^  T ^  j  \ j    `     p   $  x $  V  | V       M   M       đ   đ  ˒   ˒       I   I                 3   3  K    K  c   c  {   {               (     ,     4   d  8 d    @     H   '  P 0  j  d p  ڝ  l     x      |         O   P  ў                     j   p  ҡ     n   p       ̤   Ф             x     	            ,  ( 0    ,     0      <   ٪  @   K  D P    H     L    ެ  P    g  T p    `     h   H  p P       Ǳ   б  }          L   P       a   p  P   P              `   `    (   W  < `    T     \    <  h @    l        u                           d   p             9   @  @   @  N    P    4   e  8 p    H     P     \     `    '  d @    h   (  t 0  5   @       )   0  q     v            '  0              X                                                                                                                                                                                                                                                                                                                                                                                B   b    0`pP	 B  0         Ф    	 B  0         Ф     B         r
0	`pP    B0  	 	R0 B   b      20       2
0	`pP   	 b0`
p	P         b  	 	R0 2
0	`pP B0`pP   20`p B                  B   p   b   `p       b      R B   B   B   20` 20`p    B   20` B0`   20
 
B0`   b   b      20`    b0      B0`         2	 	B0`p   B   b   2 20 20 20 2 b   B   2	0 20`p B   B      2
 
20`pP       2 B0`      20`p 20`p 20    B   "   B                     B   B  % 0`pP   B0`   20 B0`   b      B   R0	 0`
p	P   B   B0`pP   R0 B0`      b   B   B0`  	 	b0`p   B0`pP  
 
20`pP 20` 20` B0`pP   20`p 2 20 20`p R 20 20 b   20	 	B0`p  
 
20`pP B0`  	 b0`
p	P   B0`pP   2`p 20`p b   20` 2`p b0  ( P 	0`p b   20` r	 	R0
 
2 B  	 	R0 B   b0   B   20 20` 2
0	`pP 2 B   B   B0   B0   20`p B0   B0   B0   B0   B0      B   B      B   B0   B0  	 $ 
0	`pP   B0   B      20 B     
 
20`pP	 b0`
p	P  
 
R0`pP	 b0`
p	P   B0`pP  	 B0`
p	P  
 
20`pP   	 
0	`pP   B   B0`pP            B   B   B0   B   B   B      B   20` B   20`p `p 2	 b0`
p	P   0   B   20       2
0	`pP                20 r0` 2 R0` B0   B   B         p   B      B   b   B     
 
20`pP b      b   20`p	 0`
p	P   r
0	`pP   
 
0`pP	 	    r0` 0                      0`pP r    B      B   b   b   B   20`p B   B0`            B   B0`     	  x h 0`      b0   0`
b0`
p	P       2	 	B0`p   20`p 20 20       20`                  	 	R0    20 r
0	`pP 20`p B0   b  
b0`
p	P
B0`
p	PR	0`pP   B0`pP  	 	20 0   0   0` 0`pP  
  0`
p	P 20 20`p   	 b0`
p	P   h
  0`
p	P 0`pP      B0`   20 b0`   2
 
B0`   R0	 B0`
p	P   2
0	`pP 2
0	`pP   
 
20`pP 0 20`p          0p   r0`p r
0	`pP	 	0`p      R0` R
0	`pP 20       20 20                Dd    \Q    ,      (P P 0Q kS Q Q Q yQ               AR #R R {R ]R                     R S R R =S                         cT S     T                         T S   7T Q Q Q R R 6R SR pR R R R R S 0S XS S S S 'T QT T T      
 	            ) ! +  ( sherlock.nim_release_gcc.exe cabinet.CreateDecompressor CreateDecompressor cabinet.Decompress Decompress cabinet.DeleteExtractedFiles DeleteExtractedFiles cabinet.DllGetVersion DllGetVersion DllMain cabinet.FCIAddFile FCIAddFile cabinet.FCICreate FCICreate cabinet.FCIDestroy FCIDestroy cabinet.FCIFlushCabinet FCIFlushCabinet cabinet.FCIFlushFolder FCIFlushFolder cabinet.FDICopy FDICopy cabinet.FDICreate FDICreate cabinet.FDIDestroy FDIDestroy cabinet.FDIIsCabinet FDIIsCabinet cabinet.FDITruncateCabinet FDITruncateCabinet cabinet.GetDllVersion GetDllVersion cabinet.QueryCompressorInformation QueryCompressorInformation cabinet.QueryDecompressorInformation QueryDecompressorInformation cabinet.ResetCompressor ResetCompressor cabinet.ResetDecompressor ResetDecompressor cabinet.SetCompressorInformation SetCompressorInformation cabinet.SetDecompressorInformation SetDecompressorInformation                                                                                                                                                                                                                                                                                                      <`         h Db `         h b                     Ld     dd     |d     d     d     d     d     d     d     e     e     .e     Le     Te     `e     ne     |e     e     e     e     e             e     e      f     f     &f     2f     @f     Pf     bf     vf     f     f     f     f     f     f     f     f     f     f     f     f      g     g     g     g     $g     .g     6g     >g     Hg     Vg     `g     jg     tg     ~g     g     g     g     g     g     g             Ld     dd     |d     d     d     d     d     d     d     e     e     .e     Le     Te     `e     ne     |e     e     e     e     e             e     e      f     f     &f     2f     @f     Pf     bf     vf     f     f     f     f     f     f     f     f     f     f     f     f      g     g     g     g     $g     .g     6g     >g     Hg     Vg     `g     jg     tg     ~g     g     g     g     g     g     g             DeleteCriticalSection ?EnterCriticalSection  vGetLastError  GetProcAddress  GetStartupInfoA |InitializeCriticalSection IsDBCSLeadByteEx  LeaveCriticalSection  LoadLibraryA  MultiByteToWideChar 6SetLastError  rSetUnhandledExceptionFilter Sleep TlsAlloc  TlsGetValue TlsSetValue VirtualAlloc  VirtualFree VirtualProtect  VirtualQuery  WideCharToMultiByte 8 __C_specific_handler  @ ___lc_codepage_func C ___mb_cur_max_func  R __getmainargs S __initenv T __iob_func  [ __lconv_init  a __set_app_type  c __setusermatherr  r _acmdln y _amsg_exit   _cexit   _commode   _errno   _fileno  _fmode  _initterm _lock )_onexit V_setjmp Z_setmode  _unlock abort calloc  exit  fflush  fprintf fputc free  fwrite  localeconv  malloc  memchr  memcpy  	memset  'signal  <strerror  >strlen  Astrncmp cvfprintf  }wcslen  longjmp  `  `  `  `  `  `  `  `  `  `  `  `  `  `  `  `  `  `  `  `  ` KERNEL32.dll    ` ` ` ` ` ` ` ` ` ` ` ` ` ` ` ` ` ` ` ` ` ` ` ` ` ` ` ` ` ` ` ` ` ` ` ` ` ` ` ` ` ` msvcrt.dll                                                                                                                                                                                                                                                                                                          @@                     @      @                     P@      @                                                                                                                                                                                                                                                                                                                                                                                                                                                                                                                                                                                                                                                                                                                                                                                                                                                                                                                                                                                                             P                    8                 	                       h                 	                8           4   V S _ V E R S I O N _ I N F O          
 U  
 U                            S t r i n g F i l e I n f o      0 4 0 9 0 4 B 0   L   C o m p a n y N a m e     M i c r o s o f t   C o r p o r a t i o n   B   F i l e D e s c r i p t i o n     A p p L o c k e r C S P     n '  F i l e V e r s i o n     1 0 . 0 . 2 2 0 0 0 . 1 2 8 1   ( W i n B u i l d . 1 6 0 1 0 1 . 0 8 0 0 )     :   I n t e r n a l N a m e   A p p L o c k e r C S P      .  L e g a l C o p y r i g h t      M i c r o s o f t   C o r p o r a t i o n .   A l l   r i g h t s   r e s e r v e d .   J   O r i g i n a l F i l e n a m e   A p p L o c k e r C S P . d l l     j %  P r o d u c t N a m e     M i c r o s o f t    W i n d o w s    O p e r a t i n g   S y s t e m     D   P r o d u c t V e r s i o n   1 0 . 0 . 2 2 0 0 0 . 1 2 8 1   D    V a r F i l e I n f o     $    T r a n s l a t i o n     	    <?xml version="1.0" encoding="UTF-8" standalone="yes"?><assembly xmlns="urn:schemas-microsoft-com:asm.v1" manifestVersion="1.0"><assemblyIdentity version="1.0.0.0" processorArchitecture="*" name="winim" type="win32"/><dependency><dependentAssembly><assemblyIdentity type="win32" name="Microsoft.Windows.Common-Controls" version="6.0.0.0" processorArchitecture="*" publicKeyToken="6595b64144ccf1df" language="*"/></dependentAssembly></dependency></assembly>
                                                                                                                                                                                                                                                                                                                                                                                                                                                                                                                                     55	66!6)696A6Q6Y6i6q6               (08@P`     @`hpxЬ  0@P`pЭ  0@P`pЮ  0@P`pЯ         0@P`p   p     (@H                                                                                                                                                                                                                                                                              0	*Hv0r10	+ 0h
+7Z0X03
+70%   < < < O b s o l e t e > > >0!0	+ .NBˊI25X>0:0"U<X1(`^x0	*H 010	UGB10UGreater Manchester10USalford10U
Sectigo Limited1705U.Sectigo RSA Domain Validation Secure Server CA0"20221018000000Z20231117235959Z010Uapp.getflywheel.com0"0	*H  0
 FiU2ܯLn~fKw@v3(YK#;ܨEwQ3nfjK9AZqe/ĺVbI~dpk4`}9@rDv9٣UA#i9n*	;uL ݡ6(T[V֪syl_PeW-8q_w2'Q;u[e[u/v`Ʈc'$ƫ
g6peU 0	*H  Zv
ѣB4ШHp:B/S%C.&4)p2xL+Ǎ[0"8pƁ ܢĲ*2C֊Q\X"%|0U",~`ow1W-deuq_MUUt n$\'ƑB7x3$);[1` g[PwbhthzK1_,[Ӟ	=GH{%U`\j100010	UGB10UGreater Manchester10USalford10U
Sectigo Limited1705U.Sectigo RSA Domain Validation Secure Server CAU<X1(`^x0	+ 0	*H	1
+70	*H	1230608211220Z0
+710
+70#	*H	1AD>>>h΁T0e
+71W0UNotepad Benchmark Util97http://sha256timestamp.ws.symantec.com/sha256/timestamp0	*H   "dfٛD]+'iUP$PZ'ƞ^_dx,>8JVh/mcWf *)׭<lz[4-_̅5~7|elxο&Z87ӊ/4t"Wcg?@ox]EIbn\R:9 ,UW&(^Z1Da[>(Nxٛn/[	rlMHF|ۤzu:T       